#! /nix/store/xqrx3sr3nnvrcyzrqv91csgrnpdlx3wq-iverilog-12.0/bin/vvp
:ivl_version "12.0 (stable)";
:ivl_delay_selection "TYPICAL";
:vpi_time_precision - 12;
:vpi_module "/nix/store/xqrx3sr3nnvrcyzrqv91csgrnpdlx3wq-iverilog-12.0/lib/ivl/system.vpi";
:vpi_module "/nix/store/xqrx3sr3nnvrcyzrqv91csgrnpdlx3wq-iverilog-12.0/lib/ivl/vhdl_sys.vpi";
:vpi_module "/nix/store/xqrx3sr3nnvrcyzrqv91csgrnpdlx3wq-iverilog-12.0/lib/ivl/vhdl_textio.vpi";
:vpi_module "/nix/store/xqrx3sr3nnvrcyzrqv91csgrnpdlx3wq-iverilog-12.0/lib/ivl/v2005_math.vpi";
:vpi_module "/nix/store/xqrx3sr3nnvrcyzrqv91csgrnpdlx3wq-iverilog-12.0/lib/ivl/va_math.vpi";
:vpi_module "/nix/store/xqrx3sr3nnvrcyzrqv91csgrnpdlx3wq-iverilog-12.0/lib/ivl/v2009.vpi";
S_0xd0ef60 .scope package, "$unit" "$unit" 2 1;
 .timescale 0 0;
S_0xccb500 .scope module, "gpu_core_tb" "gpu_core_tb" 3 11;
 .timescale -9 -12;
P_0xd314f0 .param/l "OP_ADD" 1 3 15, C4<0010>;
P_0xd31530 .param/l "OP_CMPLT" 1 3 20, C4<0111>;
P_0xd31570 .param/l "OP_HALT" 1 3 23, C4<1010>;
P_0xd315b0 .param/l "OP_LDG" 1 3 17, C4<0100>;
P_0xd315f0 .param/l "OP_LI" 1 3 14, C4<0001>;
P_0xd31630 .param/l "OP_LIDX" 1 3 19, C4<0110>;
P_0xd31670 .param/l "OP_MUL" 1 3 16, C4<0011>;
P_0xd316b0 .param/l "OP_NOP" 1 3 13, C4<0000>;
P_0xd316f0 .param/l "OP_PRED" 1 3 21, C4<1000>;
P_0xd31730 .param/l "OP_RSTP" 1 3 22, C4<1001>;
P_0xd31770 .param/l "OP_STG" 1 3 18, C4<0101>;
v0xd58990_0 .var "clk", 0 0;
v0xd58a50_0 .var/i "errors", 31 0;
v0xd58b10_0 .net "halted", 0 0, v0xd56b50_0;  1 drivers
v0xd58c10_0 .var/i "lane", 31 0;
v0xd58cb0_0 .var "rst", 0 0;
S_0xcd72e0 .scope module, "dut" "gpu_core" 3 36, 4 33 0, S_0xccb500;
 .timescale -9 -12;
    .port_info 0 /INPUT 1 "clk";
    .port_info 1 /INPUT 1 "rst";
    .port_info 2 /OUTPUT 1 "halted";
P_0xd33160 .param/l "DATA_W" 0 4 36, +C4<00000000000000000000000000100000>;
P_0xd331a0 .param/l "IMEM_DEPTH" 0 4 38, +C4<00000000000000000000000000100000>;
P_0xd331e0 .param/l "LANES" 0 4 34, +C4<00000000000000000000000000001000>;
P_0xd33220 .param/l "MEM_AW" 1 4 57, +C4<00000000000000000000000000000110>;
P_0xd33260 .param/l "MEM_DEPTH" 0 4 37, +C4<00000000000000000000000001000000>;
P_0xd332a0 .param/l "OP_ADD" 1 4 47, C4<0010>;
P_0xd332e0 .param/l "OP_CMPLT" 1 4 52, C4<0111>;
P_0xd33320 .param/l "OP_HALT" 1 4 55, C4<1010>;
P_0xd33360 .param/l "OP_LDG" 1 4 49, C4<0100>;
P_0xd333a0 .param/l "OP_LI" 1 4 46, C4<0001>;
P_0xd333e0 .param/l "OP_LIDX" 1 4 51, C4<0110>;
P_0xd33420 .param/l "OP_MUL" 1 4 48, C4<0011>;
P_0xd33460 .param/l "OP_NOP" 1 4 45, C4<0000>;
P_0xd334a0 .param/l "OP_PRED" 1 4 53, C4<1000>;
P_0xd334e0 .param/l "OP_RSTP" 1 4 54, C4<1001>;
P_0xd33520 .param/l "OP_STG" 1 4 50, C4<0101>;
P_0xd33560 .param/l "REGS" 0 4 35, +C4<00000000000000000000000000010000>;
L_0xd7a3c0 .functor BUFZ 32, L_0xd7ba30, C4<00000000000000000000000000000000>, C4<00000000000000000000000000000000>, C4<00000000000000000000000000000000>;
v0xd56690_0 .net *"_ivl_0", 31 0, L_0xd7ba30;  1 drivers
v0xd56790_0 .net *"_ivl_15", 0 0, L_0xd7be90;  1 drivers
v0xd56870_0 .net *"_ivl_16", 15 0, L_0xd7bf30;  1 drivers
v0xd56930 .array "active", 7 0, 0 0;
v0xd569d0_0 .net "clk", 0 0, v0xd58990_0;  1 drivers
v0xd56a90 .array "gmem", 63 0, 31 0;
v0xd56b50_0 .var "halted", 0 0;
v0xd56c10_0 .var/i "i", 31 0;
v0xd56cf0 .array "imem", 31 0, 31 0;
v0xd56db0_0 .net "imm", 15 0, L_0xd7bdf0;  1 drivers
v0xd56e90_0 .net/s "imm_sext", 31 0, L_0xd7c190;  1 drivers
v0xd56f70_0 .net "instr", 31 0, L_0xd7a3c0;  1 drivers
v0xd57050 .array "lane_alu_out", 7 0;
v0xd57050_0 .net v0xd57050 0, 31 0, L_0xd6ad40; 1 drivers
v0xd57050_1 .net v0xd57050 1, 31 0, L_0xd6d370; 1 drivers
v0xd57050_2 .net v0xd57050 2, 31 0, L_0xd6fb80; 1 drivers
v0xd57050_3 .net v0xd57050 3, 31 0, L_0xd71f20; 1 drivers
v0xd57050_4 .net v0xd57050 4, 31 0, L_0xd745d0; 1 drivers
v0xd57050_5 .net v0xd57050 5, 31 0, L_0xd76ed0; 1 drivers
v0xd57050_6 .net v0xd57050 6, 31 0, L_0xd79390; 1 drivers
v0xd57050_7 .net v0xd57050 7, 31 0, L_0xd7b800; 1 drivers
v0xd57210 .array "lane_gaddr", 7 0;
v0xd57210_0 .net v0xd57210 0, 31 0, L_0xd59320; 1 drivers
v0xd57210_1 .net v0xd57210 1, 31 0, L_0xd6b990; 1 drivers
v0xd57210_2 .net v0xd57210 2, 31 0, L_0xd6de60; 1 drivers
v0xd57210_3 .net v0xd57210 3, 31 0, L_0xd70620; 1 drivers
v0xd57210_4 .net v0xd57210 4, 31 0, L_0xd72a60; 1 drivers
v0xd57210_5 .net v0xd57210 5, 31 0, L_0xd75110; 1 drivers
v0xd57210_6 .net v0xd57210 6, 31 0, L_0xd77a10; 1 drivers
v0xd57210_7 .net v0xd57210 7, 31 0, L_0xd79fe0; 1 drivers
v0xd57420 .array "lane_rs1", 7 0;
v0xd57420_0 .net v0xd57420 0, 31 0, L_0xcc90b0; 1 drivers
v0xd57420_1 .net v0xd57420 1, 31 0, L_0xd59c30; 1 drivers
v0xd57420_2 .net v0xd57420 2, 31 0, L_0xd6be70; 1 drivers
v0xd57420_3 .net v0xd57420 3, 31 0, L_0xd6e3e0; 1 drivers
v0xd57420_4 .net v0xd57420 4, 31 0, L_0xd70990; 1 drivers
v0xd57420_5 .net v0xd57420 5, 31 0, L_0xd72dd0; 1 drivers
v0xd57420_6 .net v0xd57420 6, 31 0, L_0xd75910; 1 drivers
v0xd57420_7 .net v0xd57420 7, 31 0, L_0xd77df0; 1 drivers
v0xd57630 .array "lane_rs2", 7 0;
v0xd57630_0 .net v0xd57630 0, 31 0, L_0xcbd2d0; 1 drivers
v0xd57630_1 .net v0xd57630 1, 31 0, L_0xcbae80; 1 drivers
v0xd57630_2 .net v0xd57630 2, 31 0, L_0xcaf0a0; 1 drivers
v0xd57630_3 .net v0xd57630 3, 31 0, L_0xcacc70; 1 drivers
v0xd57630_4 .net v0xd57630 4, 31 0, L_0xd2e9e0; 1 drivers
v0xd57630_5 .net v0xd57630 5, 31 0, L_0xd2ea50; 1 drivers
v0xd57630_6 .net v0xd57630 6, 31 0, L_0xd751b0; 1 drivers
v0xd57630_7 .net v0xd57630 7, 31 0, L_0xd77ab0; 1 drivers
v0xd57840_0 .net "opcode", 3 0, L_0xd7bb20;  1 drivers
v0xd57920_0 .var "pc", 31 0;
v0xd57a00_0 .net "rd", 3 0, L_0xd7bc10;  1 drivers
v0xd57ae0 .array "regfile", 127 0, 31 0;
v0xd57ba0_0 .net "rs1", 3 0, L_0xd7bcb0;  1 drivers
v0xd57c80_0 .net "rs2", 3 0, L_0xd7bd50;  1 drivers
v0xd57d60_0 .net "rst", 0 0, v0xd58cb0_0;  1 drivers
E_0xc7ddf0 .event posedge, v0xd569d0_0;
L_0xd7ba30 .array/port v0xd56cf0, v0xd57920_0;
L_0xd7bb20 .part L_0xd7a3c0, 28, 4;
L_0xd7bc10 .part L_0xd7a3c0, 24, 4;
L_0xd7bcb0 .part L_0xd7a3c0, 20, 4;
L_0xd7bd50 .part L_0xd7a3c0, 16, 4;
L_0xd7bdf0 .part L_0xd7a3c0, 0, 16;
L_0xd7be90 .part L_0xd7bdf0, 15, 1;
LS_0xd7bf30_0_0 .concat [ 1 1 1 1], L_0xd7be90, L_0xd7be90, L_0xd7be90, L_0xd7be90;
LS_0xd7bf30_0_4 .concat [ 1 1 1 1], L_0xd7be90, L_0xd7be90, L_0xd7be90, L_0xd7be90;
LS_0xd7bf30_0_8 .concat [ 1 1 1 1], L_0xd7be90, L_0xd7be90, L_0xd7be90, L_0xd7be90;
LS_0xd7bf30_0_12 .concat [ 1 1 1 1], L_0xd7be90, L_0xd7be90, L_0xd7be90, L_0xd7be90;
L_0xd7bf30 .concat [ 4 4 4 4], LS_0xd7bf30_0_0, LS_0xd7bf30_0_4, LS_0xd7bf30_0_8, LS_0xd7bf30_0_12;
L_0xd7c190 .concat [ 16 16 0 0], L_0xd7bdf0, L_0xd7bf30;
S_0xcd9730 .scope generate, "LANE[0]" "LANE[0]" 4 85, 4 85 0, S_0xcd72e0;
 .timescale -9 -12;
P_0xc91760 .param/l "g" 1 4 85, +C4<00>;
L_0xcc90b0 .functor BUFZ 32, L_0xd58da0, C4<00000000000000000000000000000000>, C4<00000000000000000000000000000000>, C4<00000000000000000000000000000000>;
L_0xcbd2d0 .functor BUFZ 32, L_0xd59060, C4<00000000000000000000000000000000>, C4<00000000000000000000000000000000>, C4<00000000000000000000000000000000>;
v0xcbcb00_0 .net *"_ivl_1", 31 0, L_0xd58da0;  1 drivers
v0xcbaef0_0 .net *"_ivl_10", 31 0, L_0xd59060;  1 drivers
v0xcba640_0 .net *"_ivl_12", 5 0, L_0xd59130;  1 drivers
L_0x7efe5e7d2060 .functor BUFT 1, C4<00>, C4<0>, C4<0>, C4<0>;
v0xcaf110_0 .net *"_ivl_15", 1 0, L_0x7efe5e7d2060;  1 drivers
L_0x7efe5e7d20a8 .functor BUFT 1, C4<0001>, C4<0>, C4<0>, C4<0>;
v0xcae910_0 .net/2u *"_ivl_23", 3 0, L_0x7efe5e7d20a8;  1 drivers
v0xcacce0_0 .net *"_ivl_25", 0 0, L_0xd59470;  1 drivers
L_0x7efe5e7d20f0 .functor BUFT 1, C4<0010>, C4<0>, C4<0>, C4<0>;
v0xcac470_0 .net/2u *"_ivl_27", 3 0, L_0x7efe5e7d20f0;  1 drivers
v0xd42ea0_0 .net *"_ivl_29", 0 0, L_0xd59600;  1 drivers
v0xd42f60_0 .net *"_ivl_3", 5 0, L_0xd58ea0;  1 drivers
v0xd43040_0 .net *"_ivl_33", 31 0, L_0xd59740;  1 drivers
L_0x7efe5e7d2138 .functor BUFT 1, C4<0011>, C4<0>, C4<0>, C4<0>;
v0xd43120_0 .net/2u *"_ivl_35", 3 0, L_0x7efe5e7d2138;  1 drivers
v0xd43200_0 .net *"_ivl_37", 0 0, L_0xd598d0;  1 drivers
v0xd432c0_0 .net *"_ivl_42", 31 0, L_0xd599c0;  1 drivers
L_0x7efe5e7d2180 .functor BUFT 1, C4<0100>, C4<0>, C4<0>, C4<0>;
v0xd433a0_0 .net/2u *"_ivl_43", 3 0, L_0x7efe5e7d2180;  1 drivers
v0xd43480_0 .net *"_ivl_45", 0 0, L_0xd59ac0;  1 drivers
v0xd43540_0 .net *"_ivl_47", 31 0, L_0xd59b90;  1 drivers
v0xd43620_0 .net *"_ivl_51", 5 0, L_0xd59cd0;  1 drivers
v0xd43700_0 .net *"_ivl_52", 7 0, L_0xd59da0;  1 drivers
L_0x7efe5e7d21c8 .functor BUFT 1, C4<00>, C4<0>, C4<0>, C4<0>;
v0xd437e0_0 .net *"_ivl_55", 1 0, L_0x7efe5e7d21c8;  1 drivers
L_0x7efe5e7d2210 .functor BUFT 1, C4<0110>, C4<0>, C4<0>, C4<0>;
v0xd438c0_0 .net/2u *"_ivl_56", 3 0, L_0x7efe5e7d2210;  1 drivers
v0xd439a0_0 .net *"_ivl_58", 0 0, L_0xd59f60;  1 drivers
L_0x7efe5e7d2018 .functor BUFT 1, C4<00>, C4<0>, C4<0>, C4<0>;
v0xd43a60_0 .net *"_ivl_6", 1 0, L_0x7efe5e7d2018;  1 drivers
L_0x7efe5e7d2258 .functor BUFT 1, C4<00000000000000000000000000000000>, C4<0>, C4<0>, C4<0>;
v0xd43b40_0 .net/2u *"_ivl_60", 31 0, L_0x7efe5e7d2258;  1 drivers
L_0x7efe5e7d22a0 .functor BUFT 1, C4<0111>, C4<0>, C4<0>, C4<0>;
v0xd43c20_0 .net/2u *"_ivl_62", 3 0, L_0x7efe5e7d22a0;  1 drivers
v0xd43d00_0 .net *"_ivl_64", 0 0, L_0xd6a060;  1 drivers
v0xd43dc0_0 .net *"_ivl_68", 0 0, L_0xd6a190;  1 drivers
L_0x7efe5e7d22e8 .functor BUFT 1, C4<00000000000000000000000000000001>, C4<0>, C4<0>, C4<0>;
v0xd43e80_0 .net/2u *"_ivl_70", 31 0, L_0x7efe5e7d22e8;  1 drivers
L_0x7efe5e7d2330 .functor BUFT 1, C4<00000000000000000000000000000000>, C4<0>, C4<0>, C4<0>;
v0xd43f60_0 .net/2u *"_ivl_72", 31 0, L_0x7efe5e7d2330;  1 drivers
v0xd44040_0 .net *"_ivl_74", 31 0, L_0xd6a290;  1 drivers
L_0x7efe5e7d2378 .functor BUFT 1, C4<00000000000000000000000000000000>, C4<0>, C4<0>, C4<0>;
v0xd44120_0 .net/2u *"_ivl_76", 31 0, L_0x7efe5e7d2378;  1 drivers
v0xd44200_0 .net *"_ivl_78", 31 0, L_0xd6a4a0;  1 drivers
v0xd442e0_0 .net *"_ivl_80", 31 0, L_0xd6a630;  1 drivers
v0xd443c0_0 .net *"_ivl_82", 31 0, L_0xd6a330;  1 drivers
v0xd444a0_0 .net *"_ivl_84", 31 0, L_0xd6a960;  1 drivers
v0xd44580_0 .net *"_ivl_86", 31 0, L_0xd6abb0;  1 drivers
L_0xd58da0 .array/port v0xd57ae0, L_0xd58ea0;
L_0xd58ea0 .concat [ 4 2 0 0], L_0xd7bcb0, L_0x7efe5e7d2018;
L_0xd59060 .array/port v0xd57ae0, L_0xd59130;
L_0xd59130 .concat [ 4 2 0 0], L_0xd7bd50, L_0x7efe5e7d2060;
L_0xd59320 .arith/sum 32, L_0xcc90b0, L_0xd7c190;
L_0xd59470 .cmp/eq 4, L_0xd7bb20, L_0x7efe5e7d20a8;
L_0xd59600 .cmp/eq 4, L_0xd7bb20, L_0x7efe5e7d20f0;
L_0xd59740 .arith/sum 32, L_0xcc90b0, L_0xcbd2d0;
L_0xd598d0 .cmp/eq 4, L_0xd7bb20, L_0x7efe5e7d2138;
L_0xd599c0 .arith/mult 32, L_0xcc90b0, L_0xcbd2d0;
L_0xd59ac0 .cmp/eq 4, L_0xd7bb20, L_0x7efe5e7d2180;
L_0xd59b90 .array/port v0xd56a90, L_0xd59da0;
L_0xd59cd0 .part L_0xd59320, 0, 6;
L_0xd59da0 .concat [ 6 2 0 0], L_0xd59cd0, L_0x7efe5e7d21c8;
L_0xd59f60 .cmp/eq 4, L_0xd7bb20, L_0x7efe5e7d2210;
L_0xd6a060 .cmp/eq 4, L_0xd7bb20, L_0x7efe5e7d22a0;
L_0xd6a190 .cmp/gt 32, L_0xcbd2d0, L_0xcc90b0;
L_0xd6a290 .functor MUXZ 32, L_0x7efe5e7d2330, L_0x7efe5e7d22e8, L_0xd6a190, C4<>;
L_0xd6a4a0 .functor MUXZ 32, L_0x7efe5e7d2378, L_0xd6a290, L_0xd6a060, C4<>;
L_0xd6a630 .functor MUXZ 32, L_0xd6a4a0, L_0x7efe5e7d2258, L_0xd59f60, C4<>;
L_0xd6a330 .functor MUXZ 32, L_0xd6a630, L_0xd59b90, L_0xd59ac0, C4<>;
L_0xd6a960 .functor MUXZ 32, L_0xd6a330, L_0xd599c0, L_0xd598d0, C4<>;
L_0xd6abb0 .functor MUXZ 32, L_0xd6a960, L_0xd59740, L_0xd59600, C4<>;
L_0xd6ad40 .functor MUXZ 32, L_0xd6abb0, L_0xd7c190, L_0xd59470, C4<>;
S_0xce5520 .scope generate, "LANE[1]" "LANE[1]" 4 85, 4 85 0, S_0xcd72e0;
 .timescale -9 -12;
P_0xd446a0 .param/l "g" 1 4 85, +C4<01>;
L_0xd59c30 .functor BUFZ 32, L_0xd6afa0, C4<00000000000000000000000000000000>, C4<00000000000000000000000000000000>, C4<00000000000000000000000000000000>;
L_0xcbae80 .functor BUFZ 32, L_0xd6b450, C4<00000000000000000000000000000000>, C4<00000000000000000000000000000000>, C4<00000000000000000000000000000000>;
v0xd44760_0 .net *"_ivl_1", 31 0, L_0xd6afa0;  1 drivers
L_0x7efe5e7d27b0 .functor BUFT 1, C4<00000000000000000000000000000000>, C4<0>, C4<0>, C4<0>;
v0xd44840_0 .net/2u *"_ivl_100", 31 0, L_0x7efe5e7d27b0;  1 drivers
v0xd44920_0 .net *"_ivl_102", 31 0, L_0xd6c9f0;  1 drivers
v0xd449e0_0 .net *"_ivl_104", 31 0, L_0xd6cb80;  1 drivers
v0xd44ac0_0 .net *"_ivl_106", 31 0, L_0xd6cde0;  1 drivers
v0xd44bf0_0 .net *"_ivl_108", 31 0, L_0xd6cf70;  1 drivers
v0xd44cd0_0 .net *"_ivl_110", 31 0, L_0xd6d1e0;  1 drivers
L_0x7efe5e7d4148 .functor BUFT 1, C4<0010000>, C4<0>, C4<0>, C4<0>;
v0xd44db0_0 .net/2u *"_ivl_12", 6 0, L_0x7efe5e7d4148;  1 drivers
L_0x7efe5e7d2408 .functor BUFT 1, C4<0>, C4<0>, C4<0>, C4<0>;
v0xd44e90_0 .net *"_ivl_15", 0 0, L_0x7efe5e7d2408;  1 drivers
v0xd44f70_0 .net *"_ivl_16", 6 0, L_0xd6b180;  1 drivers
v0xd45050_0 .net *"_ivl_17", 6 0, L_0xd6b2c0;  1 drivers
v0xd45130_0 .net *"_ivl_22", 31 0, L_0xd6b450;  1 drivers
v0xd45210_0 .net *"_ivl_26", 5 0, L_0xd6b4f0;  1 drivers
L_0x7efe5e7d2450 .functor BUFT 1, C4<00>, C4<0>, C4<0>, C4<0>;
v0xd452f0_0 .net *"_ivl_29", 1 0, L_0x7efe5e7d2450;  1 drivers
L_0x7efe5e7d4190 .functor BUFT 1, C4<0010000>, C4<0>, C4<0>, C4<0>;
v0xd453d0_0 .net/2u *"_ivl_33", 6 0, L_0x7efe5e7d4190;  1 drivers
L_0x7efe5e7d2498 .functor BUFT 1, C4<0>, C4<0>, C4<0>, C4<0>;
v0xd454b0_0 .net *"_ivl_36", 0 0, L_0x7efe5e7d2498;  1 drivers
v0xd45590_0 .net *"_ivl_37", 6 0, L_0xd6b670;  1 drivers
v0xd45670_0 .net *"_ivl_38", 6 0, L_0xd6b7b0;  1 drivers
L_0x7efe5e7d24e0 .functor BUFT 1, C4<0001>, C4<0>, C4<0>, C4<0>;
v0xd45750_0 .net/2u *"_ivl_47", 3 0, L_0x7efe5e7d24e0;  1 drivers
v0xd45830_0 .net *"_ivl_49", 0 0, L_0xd6ba80;  1 drivers
v0xd458f0_0 .net *"_ivl_5", 5 0, L_0xd6b040;  1 drivers
L_0x7efe5e7d2528 .functor BUFT 1, C4<0010>, C4<0>, C4<0>, C4<0>;
v0xd459d0_0 .net/2u *"_ivl_51", 3 0, L_0x7efe5e7d2528;  1 drivers
v0xd45ab0_0 .net *"_ivl_53", 0 0, L_0xd6bbd0;  1 drivers
v0xd45b70_0 .net *"_ivl_57", 31 0, L_0xd6bd80;  1 drivers
L_0x7efe5e7d2570 .functor BUFT 1, C4<0011>, C4<0>, C4<0>, C4<0>;
v0xd45c50_0 .net/2u *"_ivl_59", 3 0, L_0x7efe5e7d2570;  1 drivers
v0xd45d30_0 .net *"_ivl_61", 0 0, L_0xd6bee0;  1 drivers
v0xd45df0_0 .net *"_ivl_66", 31 0, L_0xd6bfd0;  1 drivers
L_0x7efe5e7d25b8 .functor BUFT 1, C4<0100>, C4<0>, C4<0>, C4<0>;
v0xd45ed0_0 .net/2u *"_ivl_67", 3 0, L_0x7efe5e7d25b8;  1 drivers
v0xd45fb0_0 .net *"_ivl_69", 0 0, L_0xd6c070;  1 drivers
v0xd46070_0 .net *"_ivl_71", 31 0, L_0xd6c110;  1 drivers
v0xd46150_0 .net *"_ivl_75", 5 0, L_0xd6c240;  1 drivers
v0xd46230_0 .net *"_ivl_76", 7 0, L_0xd6c330;  1 drivers
L_0x7efe5e7d2600 .functor BUFT 1, C4<00>, C4<0>, C4<0>, C4<0>;
v0xd46310_0 .net *"_ivl_79", 1 0, L_0x7efe5e7d2600;  1 drivers
L_0x7efe5e7d23c0 .functor BUFT 1, C4<00>, C4<0>, C4<0>, C4<0>;
v0xd46600_0 .net *"_ivl_8", 1 0, L_0x7efe5e7d23c0;  1 drivers
L_0x7efe5e7d2648 .functor BUFT 1, C4<0110>, C4<0>, C4<0>, C4<0>;
v0xd466e0_0 .net/2u *"_ivl_80", 3 0, L_0x7efe5e7d2648;  1 drivers
v0xd467c0_0 .net *"_ivl_82", 0 0, L_0xd6c560;  1 drivers
L_0x7efe5e7d2690 .functor BUFT 1, C4<00000000000000000000000000000001>, C4<0>, C4<0>, C4<0>;
v0xd46880_0 .net/2u *"_ivl_84", 31 0, L_0x7efe5e7d2690;  1 drivers
L_0x7efe5e7d26d8 .functor BUFT 1, C4<0111>, C4<0>, C4<0>, C4<0>;
v0xd46960_0 .net/2u *"_ivl_86", 3 0, L_0x7efe5e7d26d8;  1 drivers
v0xd46a40_0 .net *"_ivl_88", 0 0, L_0xd6c650;  1 drivers
v0xd46b00_0 .net *"_ivl_92", 0 0, L_0xd6c470;  1 drivers
L_0x7efe5e7d2720 .functor BUFT 1, C4<00000000000000000000000000000001>, C4<0>, C4<0>, C4<0>;
v0xd46bc0_0 .net/2u *"_ivl_94", 31 0, L_0x7efe5e7d2720;  1 drivers
L_0x7efe5e7d2768 .functor BUFT 1, C4<00000000000000000000000000000000>, C4<0>, C4<0>, C4<0>;
v0xd46ca0_0 .net/2u *"_ivl_96", 31 0, L_0x7efe5e7d2768;  1 drivers
v0xd46d80_0 .net *"_ivl_98", 31 0, L_0xd6c7f0;  1 drivers
L_0xd6afa0 .array/port v0xd57ae0, L_0xd6b2c0;
L_0xd6b040 .concat [ 4 2 0 0], L_0xd7bcb0, L_0x7efe5e7d23c0;
L_0xd6b180 .concat [ 6 1 0 0], L_0xd6b040, L_0x7efe5e7d2408;
L_0xd6b2c0 .arith/sum 7, L_0x7efe5e7d4148, L_0xd6b180;
L_0xd6b450 .array/port v0xd57ae0, L_0xd6b7b0;
L_0xd6b4f0 .concat [ 4 2 0 0], L_0xd7bd50, L_0x7efe5e7d2450;
L_0xd6b670 .concat [ 6 1 0 0], L_0xd6b4f0, L_0x7efe5e7d2498;
L_0xd6b7b0 .arith/sum 7, L_0x7efe5e7d4190, L_0xd6b670;
L_0xd6b990 .arith/sum 32, L_0xd59c30, L_0xd7c190;
L_0xd6ba80 .cmp/eq 4, L_0xd7bb20, L_0x7efe5e7d24e0;
L_0xd6bbd0 .cmp/eq 4, L_0xd7bb20, L_0x7efe5e7d2528;
L_0xd6bd80 .arith/sum 32, L_0xd59c30, L_0xcbae80;
L_0xd6bee0 .cmp/eq 4, L_0xd7bb20, L_0x7efe5e7d2570;
L_0xd6bfd0 .arith/mult 32, L_0xd59c30, L_0xcbae80;
L_0xd6c070 .cmp/eq 4, L_0xd7bb20, L_0x7efe5e7d25b8;
L_0xd6c110 .array/port v0xd56a90, L_0xd6c330;
L_0xd6c240 .part L_0xd6b990, 0, 6;
L_0xd6c330 .concat [ 6 2 0 0], L_0xd6c240, L_0x7efe5e7d2600;
L_0xd6c560 .cmp/eq 4, L_0xd7bb20, L_0x7efe5e7d2648;
L_0xd6c650 .cmp/eq 4, L_0xd7bb20, L_0x7efe5e7d26d8;
L_0xd6c470 .cmp/gt 32, L_0xcbae80, L_0xd59c30;
L_0xd6c7f0 .functor MUXZ 32, L_0x7efe5e7d2768, L_0x7efe5e7d2720, L_0xd6c470, C4<>;
L_0xd6c9f0 .functor MUXZ 32, L_0x7efe5e7d27b0, L_0xd6c7f0, L_0xd6c650, C4<>;
L_0xd6cb80 .functor MUXZ 32, L_0xd6c9f0, L_0x7efe5e7d2690, L_0xd6c560, C4<>;
L_0xd6cde0 .functor MUXZ 32, L_0xd6cb80, L_0xd6c110, L_0xd6c070, C4<>;
L_0xd6cf70 .functor MUXZ 32, L_0xd6cde0, L_0xd6bfd0, L_0xd6bee0, C4<>;
L_0xd6d1e0 .functor MUXZ 32, L_0xd6cf70, L_0xd6bd80, L_0xd6bbd0, C4<>;
L_0xd6d370 .functor MUXZ 32, L_0xd6d1e0, L_0xd7c190, L_0xd6ba80, C4<>;
S_0xce7970 .scope generate, "LANE[2]" "LANE[2]" 4 85, 4 85 0, S_0xcd72e0;
 .timescale -9 -12;
P_0xd46e80 .param/l "g" 1 4 85, +C4<010>;
L_0xd6be70 .functor BUFZ 32, L_0xd6d5a0, C4<00000000000000000000000000000000>, C4<00000000000000000000000000000000>, C4<00000000000000000000000000000000>;
L_0xcaf0a0 .functor BUFZ 32, L_0xd6d9b0, C4<00000000000000000000000000000000>, C4<00000000000000000000000000000000>, C4<00000000000000000000000000000000>;
v0xd46f40_0 .net *"_ivl_1", 31 0, L_0xd6d5a0;  1 drivers
L_0x7efe5e7d2be8 .functor BUFT 1, C4<00000000000000000000000000000000>, C4<0>, C4<0>, C4<0>;
v0xd47020_0 .net/2u *"_ivl_100", 31 0, L_0x7efe5e7d2be8;  1 drivers
v0xd47100_0 .net *"_ivl_102", 31 0, L_0xd6f200;  1 drivers
v0xd471f0_0 .net *"_ivl_104", 31 0, L_0xd6f390;  1 drivers
v0xd472d0_0 .net *"_ivl_106", 31 0, L_0xd6f5f0;  1 drivers
v0xd47400_0 .net *"_ivl_108", 31 0, L_0xd6f780;  1 drivers
v0xd474e0_0 .net *"_ivl_110", 31 0, L_0xd6f9f0;  1 drivers
L_0x7efe5e7d41d8 .functor BUFT 1, C4<00100000>, C4<0>, C4<0>, C4<0>;
v0xd475c0_0 .net/2u *"_ivl_12", 7 0, L_0x7efe5e7d41d8;  1 drivers
L_0x7efe5e7d2840 .functor BUFT 1, C4<00>, C4<0>, C4<0>, C4<0>;
v0xd476a0_0 .net *"_ivl_15", 1 0, L_0x7efe5e7d2840;  1 drivers
v0xd47780_0 .net *"_ivl_16", 7 0, L_0xd6d6e0;  1 drivers
v0xd47860_0 .net *"_ivl_17", 7 0, L_0xd6d820;  1 drivers
v0xd47940_0 .net *"_ivl_22", 31 0, L_0xd6d9b0;  1 drivers
v0xd47a20_0 .net *"_ivl_26", 5 0, L_0xd6da50;  1 drivers
L_0x7efe5e7d2888 .functor BUFT 1, C4<00>, C4<0>, C4<0>, C4<0>;
v0xd47b00_0 .net *"_ivl_29", 1 0, L_0x7efe5e7d2888;  1 drivers
L_0x7efe5e7d4220 .functor BUFT 1, C4<00100000>, C4<0>, C4<0>, C4<0>;
v0xd47be0_0 .net/2u *"_ivl_33", 7 0, L_0x7efe5e7d4220;  1 drivers
L_0x7efe5e7d28d0 .functor BUFT 1, C4<00>, C4<0>, C4<0>, C4<0>;
v0xd47cc0_0 .net *"_ivl_36", 1 0, L_0x7efe5e7d28d0;  1 drivers
v0xd47da0_0 .net *"_ivl_37", 7 0, L_0xd6db40;  1 drivers
v0xd47e80_0 .net *"_ivl_38", 7 0, L_0xd6dc80;  1 drivers
L_0x7efe5e7d2918 .functor BUFT 1, C4<0001>, C4<0>, C4<0>, C4<0>;
v0xd47f60_0 .net/2u *"_ivl_47", 3 0, L_0x7efe5e7d2918;  1 drivers
v0xd48040_0 .net *"_ivl_49", 0 0, L_0xd6e160;  1 drivers
v0xd48100_0 .net *"_ivl_5", 5 0, L_0xd6d640;  1 drivers
L_0x7efe5e7d2960 .functor BUFT 1, C4<0010>, C4<0>, C4<0>, C4<0>;
v0xd481e0_0 .net/2u *"_ivl_51", 3 0, L_0x7efe5e7d2960;  1 drivers
v0xd482c0_0 .net *"_ivl_53", 0 0, L_0xd6e250;  1 drivers
v0xd48380_0 .net *"_ivl_57", 31 0, L_0xd6e2f0;  1 drivers
L_0x7efe5e7d29a8 .functor BUFT 1, C4<0011>, C4<0>, C4<0>, C4<0>;
v0xd48460_0 .net/2u *"_ivl_59", 3 0, L_0x7efe5e7d29a8;  1 drivers
v0xd48540_0 .net *"_ivl_61", 0 0, L_0xd6e450;  1 drivers
v0xd48600_0 .net *"_ivl_66", 31 0, L_0xd6e540;  1 drivers
L_0x7efe5e7d29f0 .functor BUFT 1, C4<0100>, C4<0>, C4<0>, C4<0>;
v0xd486e0_0 .net/2u *"_ivl_67", 3 0, L_0x7efe5e7d29f0;  1 drivers
v0xd487c0_0 .net *"_ivl_69", 0 0, L_0xd6e5e0;  1 drivers
v0xd48880_0 .net *"_ivl_71", 31 0, L_0xd6e890;  1 drivers
v0xd48960_0 .net *"_ivl_75", 5 0, L_0xd6e9c0;  1 drivers
v0xd48a40_0 .net *"_ivl_76", 7 0, L_0xd6eab0;  1 drivers
L_0x7efe5e7d2a38 .functor BUFT 1, C4<00>, C4<0>, C4<0>, C4<0>;
v0xd48b20_0 .net *"_ivl_79", 1 0, L_0x7efe5e7d2a38;  1 drivers
L_0x7efe5e7d27f8 .functor BUFT 1, C4<00>, C4<0>, C4<0>, C4<0>;
v0xd48e10_0 .net *"_ivl_8", 1 0, L_0x7efe5e7d27f8;  1 drivers
L_0x7efe5e7d2a80 .functor BUFT 1, C4<0110>, C4<0>, C4<0>, C4<0>;
v0xd48ef0_0 .net/2u *"_ivl_80", 3 0, L_0x7efe5e7d2a80;  1 drivers
v0xd48fd0_0 .net *"_ivl_82", 0 0, L_0xd6ece0;  1 drivers
L_0x7efe5e7d2ac8 .functor BUFT 1, C4<00000000000000000000000000000010>, C4<0>, C4<0>, C4<0>;
v0xd49090_0 .net/2u *"_ivl_84", 31 0, L_0x7efe5e7d2ac8;  1 drivers
L_0x7efe5e7d2b10 .functor BUFT 1, C4<0111>, C4<0>, C4<0>, C4<0>;
v0xd49170_0 .net/2u *"_ivl_86", 3 0, L_0x7efe5e7d2b10;  1 drivers
v0xd49250_0 .net *"_ivl_88", 0 0, L_0xd6edd0;  1 drivers
v0xd49310_0 .net *"_ivl_92", 0 0, L_0xd6ebf0;  1 drivers
L_0x7efe5e7d2b58 .functor BUFT 1, C4<00000000000000000000000000000001>, C4<0>, C4<0>, C4<0>;
v0xd493d0_0 .net/2u *"_ivl_94", 31 0, L_0x7efe5e7d2b58;  1 drivers
L_0x7efe5e7d2ba0 .functor BUFT 1, C4<00000000000000000000000000000000>, C4<0>, C4<0>, C4<0>;
v0xd494b0_0 .net/2u *"_ivl_96", 31 0, L_0x7efe5e7d2ba0;  1 drivers
v0xd49590_0 .net *"_ivl_98", 31 0, L_0xd6efd0;  1 drivers
L_0xd6d5a0 .array/port v0xd57ae0, L_0xd6d820;
L_0xd6d640 .concat [ 4 2 0 0], L_0xd7bcb0, L_0x7efe5e7d27f8;
L_0xd6d6e0 .concat [ 6 2 0 0], L_0xd6d640, L_0x7efe5e7d2840;
L_0xd6d820 .arith/sum 8, L_0x7efe5e7d41d8, L_0xd6d6e0;
L_0xd6d9b0 .array/port v0xd57ae0, L_0xd6dc80;
L_0xd6da50 .concat [ 4 2 0 0], L_0xd7bd50, L_0x7efe5e7d2888;
L_0xd6db40 .concat [ 6 2 0 0], L_0xd6da50, L_0x7efe5e7d28d0;
L_0xd6dc80 .arith/sum 8, L_0x7efe5e7d4220, L_0xd6db40;
L_0xd6de60 .arith/sum 32, L_0xd6be70, L_0xd7c190;
L_0xd6e160 .cmp/eq 4, L_0xd7bb20, L_0x7efe5e7d2918;
L_0xd6e250 .cmp/eq 4, L_0xd7bb20, L_0x7efe5e7d2960;
L_0xd6e2f0 .arith/sum 32, L_0xd6be70, L_0xcaf0a0;
L_0xd6e450 .cmp/eq 4, L_0xd7bb20, L_0x7efe5e7d29a8;
L_0xd6e540 .arith/mult 32, L_0xd6be70, L_0xcaf0a0;
L_0xd6e5e0 .cmp/eq 4, L_0xd7bb20, L_0x7efe5e7d29f0;
L_0xd6e890 .array/port v0xd56a90, L_0xd6eab0;
L_0xd6e9c0 .part L_0xd6de60, 0, 6;
L_0xd6eab0 .concat [ 6 2 0 0], L_0xd6e9c0, L_0x7efe5e7d2a38;
L_0xd6ece0 .cmp/eq 4, L_0xd7bb20, L_0x7efe5e7d2a80;
L_0xd6edd0 .cmp/eq 4, L_0xd7bb20, L_0x7efe5e7d2b10;
L_0xd6ebf0 .cmp/gt 32, L_0xcaf0a0, L_0xd6be70;
L_0xd6efd0 .functor MUXZ 32, L_0x7efe5e7d2ba0, L_0x7efe5e7d2b58, L_0xd6ebf0, C4<>;
L_0xd6f200 .functor MUXZ 32, L_0x7efe5e7d2be8, L_0xd6efd0, L_0xd6edd0, C4<>;
L_0xd6f390 .functor MUXZ 32, L_0xd6f200, L_0x7efe5e7d2ac8, L_0xd6ece0, C4<>;
L_0xd6f5f0 .functor MUXZ 32, L_0xd6f390, L_0xd6e890, L_0xd6e5e0, C4<>;
L_0xd6f780 .functor MUXZ 32, L_0xd6f5f0, L_0xd6e540, L_0xd6e450, C4<>;
L_0xd6f9f0 .functor MUXZ 32, L_0xd6f780, L_0xd6e2f0, L_0xd6e250, C4<>;
L_0xd6fb80 .functor MUXZ 32, L_0xd6f9f0, L_0xd7c190, L_0xd6e160, C4<>;
S_0xd49670 .scope generate, "LANE[3]" "LANE[3]" 4 85, 4 85 0, S_0xcd72e0;
 .timescale -9 -12;
P_0xd49820 .param/l "g" 1 4 85, +C4<011>;
L_0xd6e3e0 .functor BUFZ 32, L_0xd6fdb0, C4<00000000000000000000000000000000>, C4<00000000000000000000000000000000>, C4<00000000000000000000000000000000>;
L_0xcacc70 .functor BUFZ 32, L_0xd701c0, C4<00000000000000000000000000000000>, C4<00000000000000000000000000000000>, C4<00000000000000000000000000000000>;
v0xd49900_0 .net *"_ivl_1", 31 0, L_0xd6fdb0;  1 drivers
L_0x7efe5e7d3020 .functor BUFT 1, C4<00000000000000000000000000000000>, C4<0>, C4<0>, C4<0>;
v0xd499e0_0 .net/2u *"_ivl_100", 31 0, L_0x7efe5e7d3020;  1 drivers
v0xd49ac0_0 .net *"_ivl_102", 31 0, L_0xd715a0;  1 drivers
v0xd49b80_0 .net *"_ivl_104", 31 0, L_0xd71730;  1 drivers
v0xd49c60_0 .net *"_ivl_106", 31 0, L_0xd71990;  1 drivers
v0xd49d90_0 .net *"_ivl_108", 31 0, L_0xd71b20;  1 drivers
v0xd49e70_0 .net *"_ivl_110", 31 0, L_0xd71d90;  1 drivers
L_0x7efe5e7d4268 .functor BUFT 1, C4<00110000>, C4<0>, C4<0>, C4<0>;
v0xd49f50_0 .net/2u *"_ivl_12", 7 0, L_0x7efe5e7d4268;  1 drivers
L_0x7efe5e7d2c78 .functor BUFT 1, C4<00>, C4<0>, C4<0>, C4<0>;
v0xd4a030_0 .net *"_ivl_15", 1 0, L_0x7efe5e7d2c78;  1 drivers
v0xd4a110_0 .net *"_ivl_16", 7 0, L_0xd6fef0;  1 drivers
v0xd4a1f0_0 .net *"_ivl_17", 7 0, L_0xd70030;  1 drivers
v0xd4a2d0_0 .net *"_ivl_22", 31 0, L_0xd701c0;  1 drivers
v0xd4a3b0_0 .net *"_ivl_26", 5 0, L_0xd70260;  1 drivers
L_0x7efe5e7d2cc0 .functor BUFT 1, C4<00>, C4<0>, C4<0>, C4<0>;
v0xd4a490_0 .net *"_ivl_29", 1 0, L_0x7efe5e7d2cc0;  1 drivers
L_0x7efe5e7d42b0 .functor BUFT 1, C4<00110000>, C4<0>, C4<0>, C4<0>;
v0xd4a570_0 .net/2u *"_ivl_33", 7 0, L_0x7efe5e7d42b0;  1 drivers
L_0x7efe5e7d2d08 .functor BUFT 1, C4<00>, C4<0>, C4<0>, C4<0>;
v0xd4a650_0 .net *"_ivl_36", 1 0, L_0x7efe5e7d2d08;  1 drivers
v0xd4a730_0 .net *"_ivl_37", 7 0, L_0xd70300;  1 drivers
v0xd4a810_0 .net *"_ivl_38", 7 0, L_0xd70440;  1 drivers
L_0x7efe5e7d2d50 .functor BUFT 1, C4<0001>, C4<0>, C4<0>, C4<0>;
v0xd4a8f0_0 .net/2u *"_ivl_47", 3 0, L_0x7efe5e7d2d50;  1 drivers
v0xd4a9d0_0 .net *"_ivl_49", 0 0, L_0xd70710;  1 drivers
v0xd4aa90_0 .net *"_ivl_5", 5 0, L_0xd6fe50;  1 drivers
L_0x7efe5e7d2d98 .functor BUFT 1, C4<0010>, C4<0>, C4<0>, C4<0>;
v0xd4ab70_0 .net/2u *"_ivl_51", 3 0, L_0x7efe5e7d2d98;  1 drivers
v0xd4ac50_0 .net *"_ivl_53", 0 0, L_0xd70800;  1 drivers
v0xd4ad10_0 .net *"_ivl_57", 31 0, L_0xd708a0;  1 drivers
L_0x7efe5e7d2de0 .functor BUFT 1, C4<0011>, C4<0>, C4<0>, C4<0>;
v0xd4adf0_0 .net/2u *"_ivl_59", 3 0, L_0x7efe5e7d2de0;  1 drivers
v0xd4aed0_0 .net *"_ivl_61", 0 0, L_0xd70a00;  1 drivers
v0xd4af90_0 .net *"_ivl_66", 31 0, L_0xd70af0;  1 drivers
L_0x7efe5e7d2e28 .functor BUFT 1, C4<0100>, C4<0>, C4<0>, C4<0>;
v0xd4b070_0 .net/2u *"_ivl_67", 3 0, L_0x7efe5e7d2e28;  1 drivers
v0xd4b150_0 .net *"_ivl_69", 0 0, L_0xd70b90;  1 drivers
v0xd4b210_0 .net *"_ivl_71", 31 0, L_0xd70c30;  1 drivers
v0xd4b2f0_0 .net *"_ivl_75", 5 0, L_0xd70d60;  1 drivers
v0xd4b3d0_0 .net *"_ivl_76", 7 0, L_0xd70e50;  1 drivers
L_0x7efe5e7d2e70 .functor BUFT 1, C4<00>, C4<0>, C4<0>, C4<0>;
v0xd4b4b0_0 .net *"_ivl_79", 1 0, L_0x7efe5e7d2e70;  1 drivers
L_0x7efe5e7d2c30 .functor BUFT 1, C4<00>, C4<0>, C4<0>, C4<0>;
v0xd4b7a0_0 .net *"_ivl_8", 1 0, L_0x7efe5e7d2c30;  1 drivers
L_0x7efe5e7d2eb8 .functor BUFT 1, C4<0110>, C4<0>, C4<0>, C4<0>;
v0xd4b880_0 .net/2u *"_ivl_80", 3 0, L_0x7efe5e7d2eb8;  1 drivers
v0xd4b960_0 .net *"_ivl_82", 0 0, L_0xd71080;  1 drivers
L_0x7efe5e7d2f00 .functor BUFT 1, C4<00000000000000000000000000000011>, C4<0>, C4<0>, C4<0>;
v0xd4ba20_0 .net/2u *"_ivl_84", 31 0, L_0x7efe5e7d2f00;  1 drivers
L_0x7efe5e7d2f48 .functor BUFT 1, C4<0111>, C4<0>, C4<0>, C4<0>;
v0xd4bb00_0 .net/2u *"_ivl_86", 3 0, L_0x7efe5e7d2f48;  1 drivers
v0xd4bbe0_0 .net *"_ivl_88", 0 0, L_0xd71170;  1 drivers
v0xd4bca0_0 .net *"_ivl_92", 0 0, L_0xd70f90;  1 drivers
L_0x7efe5e7d2f90 .functor BUFT 1, C4<00000000000000000000000000000001>, C4<0>, C4<0>, C4<0>;
v0xd4bd60_0 .net/2u *"_ivl_94", 31 0, L_0x7efe5e7d2f90;  1 drivers
L_0x7efe5e7d2fd8 .functor BUFT 1, C4<00000000000000000000000000000000>, C4<0>, C4<0>, C4<0>;
v0xd4be40_0 .net/2u *"_ivl_96", 31 0, L_0x7efe5e7d2fd8;  1 drivers
v0xd4bf20_0 .net *"_ivl_98", 31 0, L_0xd71370;  1 drivers
L_0xd6fdb0 .array/port v0xd57ae0, L_0xd70030;
L_0xd6fe50 .concat [ 4 2 0 0], L_0xd7bcb0, L_0x7efe5e7d2c30;
L_0xd6fef0 .concat [ 6 2 0 0], L_0xd6fe50, L_0x7efe5e7d2c78;
L_0xd70030 .arith/sum 8, L_0x7efe5e7d4268, L_0xd6fef0;
L_0xd701c0 .array/port v0xd57ae0, L_0xd70440;
L_0xd70260 .concat [ 4 2 0 0], L_0xd7bd50, L_0x7efe5e7d2cc0;
L_0xd70300 .concat [ 6 2 0 0], L_0xd70260, L_0x7efe5e7d2d08;
L_0xd70440 .arith/sum 8, L_0x7efe5e7d42b0, L_0xd70300;
L_0xd70620 .arith/sum 32, L_0xd6e3e0, L_0xd7c190;
L_0xd70710 .cmp/eq 4, L_0xd7bb20, L_0x7efe5e7d2d50;
L_0xd70800 .cmp/eq 4, L_0xd7bb20, L_0x7efe5e7d2d98;
L_0xd708a0 .arith/sum 32, L_0xd6e3e0, L_0xcacc70;
L_0xd70a00 .cmp/eq 4, L_0xd7bb20, L_0x7efe5e7d2de0;
L_0xd70af0 .arith/mult 32, L_0xd6e3e0, L_0xcacc70;
L_0xd70b90 .cmp/eq 4, L_0xd7bb20, L_0x7efe5e7d2e28;
L_0xd70c30 .array/port v0xd56a90, L_0xd70e50;
L_0xd70d60 .part L_0xd70620, 0, 6;
L_0xd70e50 .concat [ 6 2 0 0], L_0xd70d60, L_0x7efe5e7d2e70;
L_0xd71080 .cmp/eq 4, L_0xd7bb20, L_0x7efe5e7d2eb8;
L_0xd71170 .cmp/eq 4, L_0xd7bb20, L_0x7efe5e7d2f48;
L_0xd70f90 .cmp/gt 32, L_0xcacc70, L_0xd6e3e0;
L_0xd71370 .functor MUXZ 32, L_0x7efe5e7d2fd8, L_0x7efe5e7d2f90, L_0xd70f90, C4<>;
L_0xd715a0 .functor MUXZ 32, L_0x7efe5e7d3020, L_0xd71370, L_0xd71170, C4<>;
L_0xd71730 .functor MUXZ 32, L_0xd715a0, L_0x7efe5e7d2f00, L_0xd71080, C4<>;
L_0xd71990 .functor MUXZ 32, L_0xd71730, L_0xd70c30, L_0xd70b90, C4<>;
L_0xd71b20 .functor MUXZ 32, L_0xd71990, L_0xd70af0, L_0xd70a00, C4<>;
L_0xd71d90 .functor MUXZ 32, L_0xd71b20, L_0xd708a0, L_0xd70800, C4<>;
L_0xd71f20 .functor MUXZ 32, L_0xd71d90, L_0xd7c190, L_0xd70710, C4<>;
S_0xd4c000 .scope generate, "LANE[4]" "LANE[4]" 4 85, 4 85 0, S_0xcd72e0;
 .timescale -9 -12;
P_0xd4c200 .param/l "g" 1 4 85, +C4<0100>;
L_0xd70990 .functor BUFZ 32, L_0xd72150, C4<00000000000000000000000000000000>, C4<00000000000000000000000000000000>, C4<00000000000000000000000000000000>;
L_0xd2e9e0 .functor BUFZ 32, L_0xd725b0, C4<00000000000000000000000000000000>, C4<00000000000000000000000000000000>, C4<00000000000000000000000000000000>;
v0xd4c2e0_0 .net *"_ivl_1", 31 0, L_0xd72150;  1 drivers
L_0x7efe5e7d3458 .functor BUFT 1, C4<00000000000000000000000000000000>, C4<0>, C4<0>, C4<0>;
v0xd4c3c0_0 .net/2u *"_ivl_100", 31 0, L_0x7efe5e7d3458;  1 drivers
v0xd4c4a0_0 .net *"_ivl_102", 31 0, L_0xd73c50;  1 drivers
v0xd4c560_0 .net *"_ivl_104", 31 0, L_0xd73de0;  1 drivers
v0xd4c640_0 .net *"_ivl_106", 31 0, L_0xd74040;  1 drivers
v0xd4c770_0 .net *"_ivl_108", 31 0, L_0xd741d0;  1 drivers
v0xd4c850_0 .net *"_ivl_110", 31 0, L_0xd74440;  1 drivers
L_0x7efe5e7d42f8 .functor BUFT 1, C4<001000000>, C4<0>, C4<0>, C4<0>;
v0xd4c930_0 .net/2u *"_ivl_12", 8 0, L_0x7efe5e7d42f8;  1 drivers
L_0x7efe5e7d30b0 .functor BUFT 1, C4<000>, C4<0>, C4<0>, C4<0>;
v0xd4ca10_0 .net *"_ivl_15", 2 0, L_0x7efe5e7d30b0;  1 drivers
v0xd4caf0_0 .net *"_ivl_16", 8 0, L_0xd722e0;  1 drivers
v0xd4cbd0_0 .net *"_ivl_17", 8 0, L_0xd72420;  1 drivers
v0xd4ccb0_0 .net *"_ivl_22", 31 0, L_0xd725b0;  1 drivers
v0xd4cd90_0 .net *"_ivl_26", 5 0, L_0xd72650;  1 drivers
L_0x7efe5e7d30f8 .functor BUFT 1, C4<00>, C4<0>, C4<0>, C4<0>;
v0xd4ce70_0 .net *"_ivl_29", 1 0, L_0x7efe5e7d30f8;  1 drivers
L_0x7efe5e7d4340 .functor BUFT 1, C4<001000000>, C4<0>, C4<0>, C4<0>;
v0xd4cf50_0 .net/2u *"_ivl_33", 8 0, L_0x7efe5e7d4340;  1 drivers
L_0x7efe5e7d3140 .functor BUFT 1, C4<000>, C4<0>, C4<0>, C4<0>;
v0xd4d030_0 .net *"_ivl_36", 2 0, L_0x7efe5e7d3140;  1 drivers
v0xd4d110_0 .net *"_ivl_37", 8 0, L_0xd72740;  1 drivers
v0xd4d1f0_0 .net *"_ivl_38", 8 0, L_0xd72880;  1 drivers
L_0x7efe5e7d3188 .functor BUFT 1, C4<0001>, C4<0>, C4<0>, C4<0>;
v0xd4d2d0_0 .net/2u *"_ivl_47", 3 0, L_0x7efe5e7d3188;  1 drivers
v0xd4d3b0_0 .net *"_ivl_49", 0 0, L_0xd72b50;  1 drivers
v0xd4d470_0 .net *"_ivl_5", 5 0, L_0xd721f0;  1 drivers
L_0x7efe5e7d31d0 .functor BUFT 1, C4<0010>, C4<0>, C4<0>, C4<0>;
v0xd4d550_0 .net/2u *"_ivl_51", 3 0, L_0x7efe5e7d31d0;  1 drivers
v0xd4d630_0 .net *"_ivl_53", 0 0, L_0xd72c40;  1 drivers
v0xd4d6f0_0 .net *"_ivl_57", 31 0, L_0xd72ce0;  1 drivers
L_0x7efe5e7d3218 .functor BUFT 1, C4<0011>, C4<0>, C4<0>, C4<0>;
v0xd4d7d0_0 .net/2u *"_ivl_59", 3 0, L_0x7efe5e7d3218;  1 drivers
v0xd4d8b0_0 .net *"_ivl_61", 0 0, L_0xd57320;  1 drivers
v0xd4d970_0 .net *"_ivl_66", 31 0, L_0xd73250;  1 drivers
L_0x7efe5e7d3260 .functor BUFT 1, C4<0100>, C4<0>, C4<0>, C4<0>;
v0xd4da50_0 .net/2u *"_ivl_67", 3 0, L_0x7efe5e7d3260;  1 drivers
v0xd4db30_0 .net *"_ivl_69", 0 0, L_0xd732f0;  1 drivers
v0xd4dbf0_0 .net *"_ivl_71", 31 0, L_0xd73390;  1 drivers
v0xd4dcd0_0 .net *"_ivl_75", 5 0, L_0xd734c0;  1 drivers
v0xd4ddb0_0 .net *"_ivl_76", 7 0, L_0xd735b0;  1 drivers
L_0x7efe5e7d32a8 .functor BUFT 1, C4<00>, C4<0>, C4<0>, C4<0>;
v0xd4de90_0 .net *"_ivl_79", 1 0, L_0x7efe5e7d32a8;  1 drivers
L_0x7efe5e7d3068 .functor BUFT 1, C4<00>, C4<0>, C4<0>, C4<0>;
v0xd4e180_0 .net *"_ivl_8", 1 0, L_0x7efe5e7d3068;  1 drivers
L_0x7efe5e7d32f0 .functor BUFT 1, C4<0110>, C4<0>, C4<0>, C4<0>;
v0xd4e260_0 .net/2u *"_ivl_80", 3 0, L_0x7efe5e7d32f0;  1 drivers
v0xd4e340_0 .net *"_ivl_82", 0 0, L_0xd737e0;  1 drivers
L_0x7efe5e7d3338 .functor BUFT 1, C4<00000000000000000000000000000100>, C4<0>, C4<0>, C4<0>;
v0xd4e400_0 .net/2u *"_ivl_84", 31 0, L_0x7efe5e7d3338;  1 drivers
L_0x7efe5e7d3380 .functor BUFT 1, C4<0111>, C4<0>, C4<0>, C4<0>;
v0xd4e4e0_0 .net/2u *"_ivl_86", 3 0, L_0x7efe5e7d3380;  1 drivers
v0xd4e5c0_0 .net *"_ivl_88", 0 0, L_0xd738d0;  1 drivers
v0xd4e680_0 .net *"_ivl_92", 0 0, L_0xd736f0;  1 drivers
L_0x7efe5e7d33c8 .functor BUFT 1, C4<00000000000000000000000000000001>, C4<0>, C4<0>, C4<0>;
v0xd4e740_0 .net/2u *"_ivl_94", 31 0, L_0x7efe5e7d33c8;  1 drivers
L_0x7efe5e7d3410 .functor BUFT 1, C4<00000000000000000000000000000000>, C4<0>, C4<0>, C4<0>;
v0xd4e820_0 .net/2u *"_ivl_96", 31 0, L_0x7efe5e7d3410;  1 drivers
v0xd4e900_0 .net *"_ivl_98", 31 0, L_0xd73aa0;  1 drivers
L_0xd72150 .array/port v0xd57ae0, L_0xd72420;
L_0xd721f0 .concat [ 4 2 0 0], L_0xd7bcb0, L_0x7efe5e7d3068;
L_0xd722e0 .concat [ 6 3 0 0], L_0xd721f0, L_0x7efe5e7d30b0;
L_0xd72420 .arith/sum 9, L_0x7efe5e7d42f8, L_0xd722e0;
L_0xd725b0 .array/port v0xd57ae0, L_0xd72880;
L_0xd72650 .concat [ 4 2 0 0], L_0xd7bd50, L_0x7efe5e7d30f8;
L_0xd72740 .concat [ 6 3 0 0], L_0xd72650, L_0x7efe5e7d3140;
L_0xd72880 .arith/sum 9, L_0x7efe5e7d4340, L_0xd72740;
L_0xd72a60 .arith/sum 32, L_0xd70990, L_0xd7c190;
L_0xd72b50 .cmp/eq 4, L_0xd7bb20, L_0x7efe5e7d3188;
L_0xd72c40 .cmp/eq 4, L_0xd7bb20, L_0x7efe5e7d31d0;
L_0xd72ce0 .arith/sum 32, L_0xd70990, L_0xd2e9e0;
L_0xd57320 .cmp/eq 4, L_0xd7bb20, L_0x7efe5e7d3218;
L_0xd73250 .arith/mult 32, L_0xd70990, L_0xd2e9e0;
L_0xd732f0 .cmp/eq 4, L_0xd7bb20, L_0x7efe5e7d3260;
L_0xd73390 .array/port v0xd56a90, L_0xd735b0;
L_0xd734c0 .part L_0xd72a60, 0, 6;
L_0xd735b0 .concat [ 6 2 0 0], L_0xd734c0, L_0x7efe5e7d32a8;
L_0xd737e0 .cmp/eq 4, L_0xd7bb20, L_0x7efe5e7d32f0;
L_0xd738d0 .cmp/eq 4, L_0xd7bb20, L_0x7efe5e7d3380;
L_0xd736f0 .cmp/gt 32, L_0xd2e9e0, L_0xd70990;
L_0xd73aa0 .functor MUXZ 32, L_0x7efe5e7d3410, L_0x7efe5e7d33c8, L_0xd736f0, C4<>;
L_0xd73c50 .functor MUXZ 32, L_0x7efe5e7d3458, L_0xd73aa0, L_0xd738d0, C4<>;
L_0xd73de0 .functor MUXZ 32, L_0xd73c50, L_0x7efe5e7d3338, L_0xd737e0, C4<>;
L_0xd74040 .functor MUXZ 32, L_0xd73de0, L_0xd73390, L_0xd732f0, C4<>;
L_0xd741d0 .functor MUXZ 32, L_0xd74040, L_0xd73250, L_0xd57320, C4<>;
L_0xd74440 .functor MUXZ 32, L_0xd741d0, L_0xd72ce0, L_0xd72c40, C4<>;
L_0xd745d0 .functor MUXZ 32, L_0xd74440, L_0xd7c190, L_0xd72b50, C4<>;
S_0xd4e9e0 .scope generate, "LANE[5]" "LANE[5]" 4 85, 4 85 0, S_0xcd72e0;
 .timescale -9 -12;
P_0xd4eb90 .param/l "g" 1 4 85, +C4<0101>;
L_0xd72dd0 .functor BUFZ 32, L_0xd74800, C4<00000000000000000000000000000000>, C4<00000000000000000000000000000000>, C4<00000000000000000000000000000000>;
L_0xd2ea50 .functor BUFZ 32, L_0xd74c60, C4<00000000000000000000000000000000>, C4<00000000000000000000000000000000>, C4<00000000000000000000000000000000>;
v0xd4ec70_0 .net *"_ivl_1", 31 0, L_0xd74800;  1 drivers
L_0x7efe5e7d3890 .functor BUFT 1, C4<00000000000000000000000000000000>, C4<0>, C4<0>, C4<0>;
v0xd4ed50_0 .net/2u *"_ivl_100", 31 0, L_0x7efe5e7d3890;  1 drivers
v0xd4ee30_0 .net *"_ivl_102", 31 0, L_0xd76550;  1 drivers
v0xd4eef0_0 .net *"_ivl_104", 31 0, L_0xd766e0;  1 drivers
v0xd4efd0_0 .net *"_ivl_106", 31 0, L_0xd76940;  1 drivers
v0xd4f100_0 .net *"_ivl_108", 31 0, L_0xd76ad0;  1 drivers
v0xd4f1e0_0 .net *"_ivl_110", 31 0, L_0xd76d40;  1 drivers
L_0x7efe5e7d4388 .functor BUFT 1, C4<001010000>, C4<0>, C4<0>, C4<0>;
v0xd4f2c0_0 .net/2u *"_ivl_12", 8 0, L_0x7efe5e7d4388;  1 drivers
L_0x7efe5e7d34e8 .functor BUFT 1, C4<000>, C4<0>, C4<0>, C4<0>;
v0xd4f3a0_0 .net *"_ivl_15", 2 0, L_0x7efe5e7d34e8;  1 drivers
v0xd4f480_0 .net *"_ivl_16", 8 0, L_0xd74990;  1 drivers
v0xd4f560_0 .net *"_ivl_17", 8 0, L_0xd74ad0;  1 drivers
v0xd4f640_0 .net *"_ivl_22", 31 0, L_0xd74c60;  1 drivers
v0xd4f720_0 .net *"_ivl_26", 5 0, L_0xd74d00;  1 drivers
L_0x7efe5e7d3530 .functor BUFT 1, C4<00>, C4<0>, C4<0>, C4<0>;
v0xd4f800_0 .net *"_ivl_29", 1 0, L_0x7efe5e7d3530;  1 drivers
L_0x7efe5e7d43d0 .functor BUFT 1, C4<001010000>, C4<0>, C4<0>, C4<0>;
v0xd4f8e0_0 .net/2u *"_ivl_33", 8 0, L_0x7efe5e7d43d0;  1 drivers
L_0x7efe5e7d3578 .functor BUFT 1, C4<000>, C4<0>, C4<0>, C4<0>;
v0xd4f9c0_0 .net *"_ivl_36", 2 0, L_0x7efe5e7d3578;  1 drivers
v0xd4faa0_0 .net *"_ivl_37", 8 0, L_0xd74df0;  1 drivers
v0xd4fb80_0 .net *"_ivl_38", 8 0, L_0xd74f30;  1 drivers
L_0x7efe5e7d35c0 .functor BUFT 1, C4<0001>, C4<0>, C4<0>, C4<0>;
v0xd4fc60_0 .net/2u *"_ivl_47", 3 0, L_0x7efe5e7d35c0;  1 drivers
v0xd4fd40_0 .net *"_ivl_49", 0 0, L_0xd75270;  1 drivers
v0xd4fe00_0 .net *"_ivl_5", 5 0, L_0xd748a0;  1 drivers
L_0x7efe5e7d3608 .functor BUFT 1, C4<0010>, C4<0>, C4<0>, C4<0>;
v0xd4fee0_0 .net/2u *"_ivl_51", 3 0, L_0x7efe5e7d3608;  1 drivers
v0xd4ffc0_0 .net *"_ivl_53", 0 0, L_0xd753c0;  1 drivers
v0xd50080_0 .net *"_ivl_57", 31 0, L_0xd75870;  1 drivers
L_0x7efe5e7d3650 .functor BUFT 1, C4<0011>, C4<0>, C4<0>, C4<0>;
v0xd50160_0 .net/2u *"_ivl_59", 3 0, L_0x7efe5e7d3650;  1 drivers
v0xd50240_0 .net *"_ivl_61", 0 0, L_0xd75980;  1 drivers
v0xd50300_0 .net *"_ivl_66", 31 0, L_0xd75a70;  1 drivers
L_0x7efe5e7d3698 .functor BUFT 1, C4<0100>, C4<0>, C4<0>, C4<0>;
v0xd503e0_0 .net/2u *"_ivl_67", 3 0, L_0x7efe5e7d3698;  1 drivers
v0xd504c0_0 .net *"_ivl_69", 0 0, L_0xd75c20;  1 drivers
v0xd50580_0 .net *"_ivl_71", 31 0, L_0xd75cc0;  1 drivers
v0xd50660_0 .net *"_ivl_75", 5 0, L_0xd75df0;  1 drivers
v0xd50740_0 .net *"_ivl_76", 7 0, L_0xd75ee0;  1 drivers
L_0x7efe5e7d36e0 .functor BUFT 1, C4<00>, C4<0>, C4<0>, C4<0>;
v0xd50820_0 .net *"_ivl_79", 1 0, L_0x7efe5e7d36e0;  1 drivers
L_0x7efe5e7d34a0 .functor BUFT 1, C4<00>, C4<0>, C4<0>, C4<0>;
v0xd50b10_0 .net *"_ivl_8", 1 0, L_0x7efe5e7d34a0;  1 drivers
L_0x7efe5e7d3728 .functor BUFT 1, C4<0110>, C4<0>, C4<0>, C4<0>;
v0xd50bf0_0 .net/2u *"_ivl_80", 3 0, L_0x7efe5e7d3728;  1 drivers
v0xd50cd0_0 .net *"_ivl_82", 0 0, L_0xd76110;  1 drivers
L_0x7efe5e7d3770 .functor BUFT 1, C4<00000000000000000000000000000101>, C4<0>, C4<0>, C4<0>;
v0xd50d90_0 .net/2u *"_ivl_84", 31 0, L_0x7efe5e7d3770;  1 drivers
L_0x7efe5e7d37b8 .functor BUFT 1, C4<0111>, C4<0>, C4<0>, C4<0>;
v0xd50e70_0 .net/2u *"_ivl_86", 3 0, L_0x7efe5e7d37b8;  1 drivers
v0xd50f50_0 .net *"_ivl_88", 0 0, L_0xd76200;  1 drivers
v0xd51010_0 .net *"_ivl_92", 0 0, L_0xd76020;  1 drivers
L_0x7efe5e7d3800 .functor BUFT 1, C4<00000000000000000000000000000001>, C4<0>, C4<0>, C4<0>;
v0xd510d0_0 .net/2u *"_ivl_94", 31 0, L_0x7efe5e7d3800;  1 drivers
L_0x7efe5e7d3848 .functor BUFT 1, C4<00000000000000000000000000000000>, C4<0>, C4<0>, C4<0>;
v0xd511b0_0 .net/2u *"_ivl_96", 31 0, L_0x7efe5e7d3848;  1 drivers
v0xd51290_0 .net *"_ivl_98", 31 0, L_0xd763a0;  1 drivers
L_0xd74800 .array/port v0xd57ae0, L_0xd74ad0;
L_0xd748a0 .concat [ 4 2 0 0], L_0xd7bcb0, L_0x7efe5e7d34a0;
L_0xd74990 .concat [ 6 3 0 0], L_0xd748a0, L_0x7efe5e7d34e8;
L_0xd74ad0 .arith/sum 9, L_0x7efe5e7d4388, L_0xd74990;
L_0xd74c60 .array/port v0xd57ae0, L_0xd74f30;
L_0xd74d00 .concat [ 4 2 0 0], L_0xd7bd50, L_0x7efe5e7d3530;
L_0xd74df0 .concat [ 6 3 0 0], L_0xd74d00, L_0x7efe5e7d3578;
L_0xd74f30 .arith/sum 9, L_0x7efe5e7d43d0, L_0xd74df0;
L_0xd75110 .arith/sum 32, L_0xd72dd0, L_0xd7c190;
L_0xd75270 .cmp/eq 4, L_0xd7bb20, L_0x7efe5e7d35c0;
L_0xd753c0 .cmp/eq 4, L_0xd7bb20, L_0x7efe5e7d3608;
L_0xd75870 .arith/sum 32, L_0xd72dd0, L_0xd2ea50;
L_0xd75980 .cmp/eq 4, L_0xd7bb20, L_0x7efe5e7d3650;
L_0xd75a70 .arith/mult 32, L_0xd72dd0, L_0xd2ea50;
L_0xd75c20 .cmp/eq 4, L_0xd7bb20, L_0x7efe5e7d3698;
L_0xd75cc0 .array/port v0xd56a90, L_0xd75ee0;
L_0xd75df0 .part L_0xd75110, 0, 6;
L_0xd75ee0 .concat [ 6 2 0 0], L_0xd75df0, L_0x7efe5e7d36e0;
L_0xd76110 .cmp/eq 4, L_0xd7bb20, L_0x7efe5e7d3728;
L_0xd76200 .cmp/eq 4, L_0xd7bb20, L_0x7efe5e7d37b8;
L_0xd76020 .cmp/gt 32, L_0xd2ea50, L_0xd72dd0;
L_0xd763a0 .functor MUXZ 32, L_0x7efe5e7d3848, L_0x7efe5e7d3800, L_0xd76020, C4<>;
L_0xd76550 .functor MUXZ 32, L_0x7efe5e7d3890, L_0xd763a0, L_0xd76200, C4<>;
L_0xd766e0 .functor MUXZ 32, L_0xd76550, L_0x7efe5e7d3770, L_0xd76110, C4<>;
L_0xd76940 .functor MUXZ 32, L_0xd766e0, L_0xd75cc0, L_0xd75c20, C4<>;
L_0xd76ad0 .functor MUXZ 32, L_0xd76940, L_0xd75a70, L_0xd75980, C4<>;
L_0xd76d40 .functor MUXZ 32, L_0xd76ad0, L_0xd75870, L_0xd753c0, C4<>;
L_0xd76ed0 .functor MUXZ 32, L_0xd76d40, L_0xd7c190, L_0xd75270, C4<>;
S_0xd51370 .scope generate, "LANE[6]" "LANE[6]" 4 85, 4 85 0, S_0xcd72e0;
 .timescale -9 -12;
P_0xd51520 .param/l "g" 1 4 85, +C4<0110>;
L_0xd75910 .functor BUFZ 32, L_0xd77100, C4<00000000000000000000000000000000>, C4<00000000000000000000000000000000>, C4<00000000000000000000000000000000>;
L_0xd751b0 .functor BUFZ 32, L_0xd77560, C4<00000000000000000000000000000000>, C4<00000000000000000000000000000000>, C4<00000000000000000000000000000000>;
v0xd51600_0 .net *"_ivl_1", 31 0, L_0xd77100;  1 drivers
L_0x7efe5e7d3cc8 .functor BUFT 1, C4<00000000000000000000000000000000>, C4<0>, C4<0>, C4<0>;
v0xd516e0_0 .net/2u *"_ivl_100", 31 0, L_0x7efe5e7d3cc8;  1 drivers
v0xd517c0_0 .net *"_ivl_102", 31 0, L_0xd78a10;  1 drivers
v0xd51880_0 .net *"_ivl_104", 31 0, L_0xd78ba0;  1 drivers
v0xd51960_0 .net *"_ivl_106", 31 0, L_0xd78e00;  1 drivers
v0xd51a90_0 .net *"_ivl_108", 31 0, L_0xd78f90;  1 drivers
v0xd51b70_0 .net *"_ivl_110", 31 0, L_0xd79200;  1 drivers
L_0x7efe5e7d4418 .functor BUFT 1, C4<001100000>, C4<0>, C4<0>, C4<0>;
v0xd51c50_0 .net/2u *"_ivl_12", 8 0, L_0x7efe5e7d4418;  1 drivers
L_0x7efe5e7d3920 .functor BUFT 1, C4<000>, C4<0>, C4<0>, C4<0>;
v0xd51d30_0 .net *"_ivl_15", 2 0, L_0x7efe5e7d3920;  1 drivers
v0xd51e10_0 .net *"_ivl_16", 8 0, L_0xd77290;  1 drivers
v0xd51ef0_0 .net *"_ivl_17", 8 0, L_0xd773d0;  1 drivers
v0xd51fd0_0 .net *"_ivl_22", 31 0, L_0xd77560;  1 drivers
v0xd520b0_0 .net *"_ivl_26", 5 0, L_0xd77600;  1 drivers
L_0x7efe5e7d3968 .functor BUFT 1, C4<00>, C4<0>, C4<0>, C4<0>;
v0xd52190_0 .net *"_ivl_29", 1 0, L_0x7efe5e7d3968;  1 drivers
L_0x7efe5e7d4460 .functor BUFT 1, C4<001100000>, C4<0>, C4<0>, C4<0>;
v0xd52270_0 .net/2u *"_ivl_33", 8 0, L_0x7efe5e7d4460;  1 drivers
L_0x7efe5e7d39b0 .functor BUFT 1, C4<000>, C4<0>, C4<0>, C4<0>;
v0xd52350_0 .net *"_ivl_36", 2 0, L_0x7efe5e7d39b0;  1 drivers
v0xd52430_0 .net *"_ivl_37", 8 0, L_0xd776f0;  1 drivers
v0xd52510_0 .net *"_ivl_38", 8 0, L_0xd77830;  1 drivers
L_0x7efe5e7d39f8 .functor BUFT 1, C4<0001>, C4<0>, C4<0>, C4<0>;
v0xd525f0_0 .net/2u *"_ivl_47", 3 0, L_0x7efe5e7d39f8;  1 drivers
v0xd526d0_0 .net *"_ivl_49", 0 0, L_0xd77b70;  1 drivers
v0xd52790_0 .net *"_ivl_5", 5 0, L_0xd771a0;  1 drivers
L_0x7efe5e7d3a40 .functor BUFT 1, C4<0010>, C4<0>, C4<0>, C4<0>;
v0xd52870_0 .net/2u *"_ivl_51", 3 0, L_0x7efe5e7d3a40;  1 drivers
v0xd52950_0 .net *"_ivl_53", 0 0, L_0xd77c60;  1 drivers
v0xd52a10_0 .net *"_ivl_57", 31 0, L_0xd77d00;  1 drivers
L_0x7efe5e7d3a88 .functor BUFT 1, C4<0011>, C4<0>, C4<0>, C4<0>;
v0xd52af0_0 .net/2u *"_ivl_59", 3 0, L_0x7efe5e7d3a88;  1 drivers
v0xd52bd0_0 .net *"_ivl_61", 0 0, L_0xd77e60;  1 drivers
v0xd52c90_0 .net *"_ivl_66", 31 0, L_0xd77f50;  1 drivers
L_0x7efe5e7d3ad0 .functor BUFT 1, C4<0100>, C4<0>, C4<0>, C4<0>;
v0xd52d70_0 .net/2u *"_ivl_67", 3 0, L_0x7efe5e7d3ad0;  1 drivers
v0xd52e50_0 .net *"_ivl_69", 0 0, L_0xd78080;  1 drivers
v0xd52f10_0 .net *"_ivl_71", 31 0, L_0xd78120;  1 drivers
v0xd52ff0_0 .net *"_ivl_75", 5 0, L_0xd78250;  1 drivers
v0xd530d0_0 .net *"_ivl_76", 7 0, L_0xd78340;  1 drivers
L_0x7efe5e7d3b18 .functor BUFT 1, C4<00>, C4<0>, C4<0>, C4<0>;
v0xd531b0_0 .net *"_ivl_79", 1 0, L_0x7efe5e7d3b18;  1 drivers
L_0x7efe5e7d38d8 .functor BUFT 1, C4<00>, C4<0>, C4<0>, C4<0>;
v0xd534a0_0 .net *"_ivl_8", 1 0, L_0x7efe5e7d38d8;  1 drivers
L_0x7efe5e7d3b60 .functor BUFT 1, C4<0110>, C4<0>, C4<0>, C4<0>;
v0xd53580_0 .net/2u *"_ivl_80", 3 0, L_0x7efe5e7d3b60;  1 drivers
v0xd53660_0 .net *"_ivl_82", 0 0, L_0xd78570;  1 drivers
L_0x7efe5e7d3ba8 .functor BUFT 1, C4<00000000000000000000000000000110>, C4<0>, C4<0>, C4<0>;
v0xd53720_0 .net/2u *"_ivl_84", 31 0, L_0x7efe5e7d3ba8;  1 drivers
L_0x7efe5e7d3bf0 .functor BUFT 1, C4<0111>, C4<0>, C4<0>, C4<0>;
v0xd53800_0 .net/2u *"_ivl_86", 3 0, L_0x7efe5e7d3bf0;  1 drivers
v0xd538e0_0 .net *"_ivl_88", 0 0, L_0xd78660;  1 drivers
v0xd539a0_0 .net *"_ivl_92", 0 0, L_0xd78480;  1 drivers
L_0x7efe5e7d3c38 .functor BUFT 1, C4<00000000000000000000000000000001>, C4<0>, C4<0>, C4<0>;
v0xd53a60_0 .net/2u *"_ivl_94", 31 0, L_0x7efe5e7d3c38;  1 drivers
L_0x7efe5e7d3c80 .functor BUFT 1, C4<00000000000000000000000000000000>, C4<0>, C4<0>, C4<0>;
v0xd53b40_0 .net/2u *"_ivl_96", 31 0, L_0x7efe5e7d3c80;  1 drivers
v0xd53c20_0 .net *"_ivl_98", 31 0, L_0xd78860;  1 drivers
L_0xd77100 .array/port v0xd57ae0, L_0xd773d0;
L_0xd771a0 .concat [ 4 2 0 0], L_0xd7bcb0, L_0x7efe5e7d38d8;
L_0xd77290 .concat [ 6 3 0 0], L_0xd771a0, L_0x7efe5e7d3920;
L_0xd773d0 .arith/sum 9, L_0x7efe5e7d4418, L_0xd77290;
L_0xd77560 .array/port v0xd57ae0, L_0xd77830;
L_0xd77600 .concat [ 4 2 0 0], L_0xd7bd50, L_0x7efe5e7d3968;
L_0xd776f0 .concat [ 6 3 0 0], L_0xd77600, L_0x7efe5e7d39b0;
L_0xd77830 .arith/sum 9, L_0x7efe5e7d4460, L_0xd776f0;
L_0xd77a10 .arith/sum 32, L_0xd75910, L_0xd7c190;
L_0xd77b70 .cmp/eq 4, L_0xd7bb20, L_0x7efe5e7d39f8;
L_0xd77c60 .cmp/eq 4, L_0xd7bb20, L_0x7efe5e7d3a40;
L_0xd77d00 .arith/sum 32, L_0xd75910, L_0xd751b0;
L_0xd77e60 .cmp/eq 4, L_0xd7bb20, L_0x7efe5e7d3a88;
L_0xd77f50 .arith/mult 32, L_0xd75910, L_0xd751b0;
L_0xd78080 .cmp/eq 4, L_0xd7bb20, L_0x7efe5e7d3ad0;
L_0xd78120 .array/port v0xd56a90, L_0xd78340;
L_0xd78250 .part L_0xd77a10, 0, 6;
L_0xd78340 .concat [ 6 2 0 0], L_0xd78250, L_0x7efe5e7d3b18;
L_0xd78570 .cmp/eq 4, L_0xd7bb20, L_0x7efe5e7d3b60;
L_0xd78660 .cmp/eq 4, L_0xd7bb20, L_0x7efe5e7d3bf0;
L_0xd78480 .cmp/gt 32, L_0xd751b0, L_0xd75910;
L_0xd78860 .functor MUXZ 32, L_0x7efe5e7d3c80, L_0x7efe5e7d3c38, L_0xd78480, C4<>;
L_0xd78a10 .functor MUXZ 32, L_0x7efe5e7d3cc8, L_0xd78860, L_0xd78660, C4<>;
L_0xd78ba0 .functor MUXZ 32, L_0xd78a10, L_0x7efe5e7d3ba8, L_0xd78570, C4<>;
L_0xd78e00 .functor MUXZ 32, L_0xd78ba0, L_0xd78120, L_0xd78080, C4<>;
L_0xd78f90 .functor MUXZ 32, L_0xd78e00, L_0xd77f50, L_0xd77e60, C4<>;
L_0xd79200 .functor MUXZ 32, L_0xd78f90, L_0xd77d00, L_0xd77c60, C4<>;
L_0xd79390 .functor MUXZ 32, L_0xd79200, L_0xd7c190, L_0xd77b70, C4<>;
S_0xd53d00 .scope generate, "LANE[7]" "LANE[7]" 4 85, 4 85 0, S_0xcd72e0;
 .timescale -9 -12;
P_0xd53eb0 .param/l "g" 1 4 85, +C4<0111>;
L_0xd77df0 .functor BUFZ 32, L_0xd795c0, C4<00000000000000000000000000000000>, C4<00000000000000000000000000000000>, C4<00000000000000000000000000000000>;
L_0xd77ab0 .functor BUFZ 32, L_0xd79a20, C4<00000000000000000000000000000000>, C4<00000000000000000000000000000000>, C4<00000000000000000000000000000000>;
v0xd53f90_0 .net *"_ivl_1", 31 0, L_0xd795c0;  1 drivers
L_0x7efe5e7d4100 .functor BUFT 1, C4<00000000000000000000000000000000>, C4<0>, C4<0>, C4<0>;
v0xd54070_0 .net/2u *"_ivl_100", 31 0, L_0x7efe5e7d4100;  1 drivers
v0xd54150_0 .net *"_ivl_102", 31 0, L_0xd7af20;  1 drivers
v0xd54210_0 .net *"_ivl_104", 31 0, L_0xd7b0b0;  1 drivers
v0xd542f0_0 .net *"_ivl_106", 31 0, L_0xd7b270;  1 drivers
v0xd54420_0 .net *"_ivl_108", 31 0, L_0xd7b400;  1 drivers
v0xd54500_0 .net *"_ivl_110", 31 0, L_0xd7b670;  1 drivers
L_0x7efe5e7d44a8 .functor BUFT 1, C4<001110000>, C4<0>, C4<0>, C4<0>;
v0xd545e0_0 .net/2u *"_ivl_12", 8 0, L_0x7efe5e7d44a8;  1 drivers
L_0x7efe5e7d3d58 .functor BUFT 1, C4<000>, C4<0>, C4<0>, C4<0>;
v0xd546c0_0 .net *"_ivl_15", 2 0, L_0x7efe5e7d3d58;  1 drivers
v0xd547a0_0 .net *"_ivl_16", 8 0, L_0xd79750;  1 drivers
v0xd54880_0 .net *"_ivl_17", 8 0, L_0xd79890;  1 drivers
v0xd54960_0 .net *"_ivl_22", 31 0, L_0xd79a20;  1 drivers
v0xd54a40_0 .net *"_ivl_26", 5 0, L_0xd79ac0;  1 drivers
L_0x7efe5e7d3da0 .functor BUFT 1, C4<00>, C4<0>, C4<0>, C4<0>;
v0xd54b20_0 .net *"_ivl_29", 1 0, L_0x7efe5e7d3da0;  1 drivers
L_0x7efe5e7d44f0 .functor BUFT 1, C4<001110000>, C4<0>, C4<0>, C4<0>;
v0xd54c00_0 .net/2u *"_ivl_33", 8 0, L_0x7efe5e7d44f0;  1 drivers
L_0x7efe5e7d3de8 .functor BUFT 1, C4<000>, C4<0>, C4<0>, C4<0>;
v0xd54ce0_0 .net *"_ivl_36", 2 0, L_0x7efe5e7d3de8;  1 drivers
v0xd54dc0_0 .net *"_ivl_37", 8 0, L_0xd79cc0;  1 drivers
v0xd54ea0_0 .net *"_ivl_38", 8 0, L_0xd79e00;  1 drivers
L_0x7efe5e7d3e30 .functor BUFT 1, C4<0001>, C4<0>, C4<0>, C4<0>;
v0xd54f80_0 .net/2u *"_ivl_47", 3 0, L_0x7efe5e7d3e30;  1 drivers
v0xd55060_0 .net *"_ivl_49", 0 0, L_0xd7a140;  1 drivers
v0xd55120_0 .net *"_ivl_5", 5 0, L_0xd79660;  1 drivers
L_0x7efe5e7d3e78 .functor BUFT 1, C4<0010>, C4<0>, C4<0>, C4<0>;
v0xd55200_0 .net/2u *"_ivl_51", 3 0, L_0x7efe5e7d3e78;  1 drivers
v0xd552e0_0 .net *"_ivl_53", 0 0, L_0xd7a230;  1 drivers
v0xd553a0_0 .net *"_ivl_57", 31 0, L_0xd7a2d0;  1 drivers
L_0x7efe5e7d3ec0 .functor BUFT 1, C4<0011>, C4<0>, C4<0>, C4<0>;
v0xd55480_0 .net/2u *"_ivl_59", 3 0, L_0x7efe5e7d3ec0;  1 drivers
v0xd55560_0 .net *"_ivl_61", 0 0, L_0xd7a430;  1 drivers
v0xd55620_0 .net *"_ivl_66", 31 0, L_0xd7a520;  1 drivers
L_0x7efe5e7d3f08 .functor BUFT 1, C4<0100>, C4<0>, C4<0>, C4<0>;
v0xd55700_0 .net/2u *"_ivl_67", 3 0, L_0x7efe5e7d3f08;  1 drivers
v0xd557e0_0 .net *"_ivl_69", 0 0, L_0xd7a5c0;  1 drivers
v0xd558a0_0 .net *"_ivl_71", 31 0, L_0xd7a660;  1 drivers
v0xd55980_0 .net *"_ivl_75", 5 0, L_0xd7a790;  1 drivers
v0xd55a60_0 .net *"_ivl_76", 7 0, L_0xd7a880;  1 drivers
L_0x7efe5e7d3f50 .functor BUFT 1, C4<00>, C4<0>, C4<0>, C4<0>;
v0xd55b40_0 .net *"_ivl_79", 1 0, L_0x7efe5e7d3f50;  1 drivers
L_0x7efe5e7d3d10 .functor BUFT 1, C4<00>, C4<0>, C4<0>, C4<0>;
v0xd55e30_0 .net *"_ivl_8", 1 0, L_0x7efe5e7d3d10;  1 drivers
L_0x7efe5e7d3f98 .functor BUFT 1, C4<0110>, C4<0>, C4<0>, C4<0>;
v0xd55f10_0 .net/2u *"_ivl_80", 3 0, L_0x7efe5e7d3f98;  1 drivers
v0xd55ff0_0 .net *"_ivl_82", 0 0, L_0xd7aab0;  1 drivers
L_0x7efe5e7d3fe0 .functor BUFT 1, C4<00000000000000000000000000000111>, C4<0>, C4<0>, C4<0>;
v0xd560b0_0 .net/2u *"_ivl_84", 31 0, L_0x7efe5e7d3fe0;  1 drivers
L_0x7efe5e7d4028 .functor BUFT 1, C4<0111>, C4<0>, C4<0>, C4<0>;
v0xd56190_0 .net/2u *"_ivl_86", 3 0, L_0x7efe5e7d4028;  1 drivers
v0xd56270_0 .net *"_ivl_88", 0 0, L_0xd7aba0;  1 drivers
v0xd56330_0 .net *"_ivl_92", 0 0, L_0xd7a9c0;  1 drivers
L_0x7efe5e7d4070 .functor BUFT 1, C4<00000000000000000000000000000001>, C4<0>, C4<0>, C4<0>;
v0xd563f0_0 .net/2u *"_ivl_94", 31 0, L_0x7efe5e7d4070;  1 drivers
L_0x7efe5e7d40b8 .functor BUFT 1, C4<00000000000000000000000000000000>, C4<0>, C4<0>, C4<0>;
v0xd564d0_0 .net/2u *"_ivl_96", 31 0, L_0x7efe5e7d40b8;  1 drivers
v0xd565b0_0 .net *"_ivl_98", 31 0, L_0xd7ad70;  1 drivers
L_0xd795c0 .array/port v0xd57ae0, L_0xd79890;
L_0xd79660 .concat [ 4 2 0 0], L_0xd7bcb0, L_0x7efe5e7d3d10;
L_0xd79750 .concat [ 6 3 0 0], L_0xd79660, L_0x7efe5e7d3d58;
L_0xd79890 .arith/sum 9, L_0x7efe5e7d44a8, L_0xd79750;
L_0xd79a20 .array/port v0xd57ae0, L_0xd79e00;
L_0xd79ac0 .concat [ 4 2 0 0], L_0xd7bd50, L_0x7efe5e7d3da0;
L_0xd79cc0 .concat [ 6 3 0 0], L_0xd79ac0, L_0x7efe5e7d3de8;
L_0xd79e00 .arith/sum 9, L_0x7efe5e7d44f0, L_0xd79cc0;
L_0xd79fe0 .arith/sum 32, L_0xd77df0, L_0xd7c190;
L_0xd7a140 .cmp/eq 4, L_0xd7bb20, L_0x7efe5e7d3e30;
L_0xd7a230 .cmp/eq 4, L_0xd7bb20, L_0x7efe5e7d3e78;
L_0xd7a2d0 .arith/sum 32, L_0xd77df0, L_0xd77ab0;
L_0xd7a430 .cmp/eq 4, L_0xd7bb20, L_0x7efe5e7d3ec0;
L_0xd7a520 .arith/mult 32, L_0xd77df0, L_0xd77ab0;
L_0xd7a5c0 .cmp/eq 4, L_0xd7bb20, L_0x7efe5e7d3f08;
L_0xd7a660 .array/port v0xd56a90, L_0xd7a880;
L_0xd7a790 .part L_0xd79fe0, 0, 6;
L_0xd7a880 .concat [ 6 2 0 0], L_0xd7a790, L_0x7efe5e7d3f50;
L_0xd7aab0 .cmp/eq 4, L_0xd7bb20, L_0x7efe5e7d3f98;
L_0xd7aba0 .cmp/eq 4, L_0xd7bb20, L_0x7efe5e7d4028;
L_0xd7a9c0 .cmp/gt 32, L_0xd77ab0, L_0xd77df0;
L_0xd7ad70 .functor MUXZ 32, L_0x7efe5e7d40b8, L_0x7efe5e7d4070, L_0xd7a9c0, C4<>;
L_0xd7af20 .functor MUXZ 32, L_0x7efe5e7d4100, L_0xd7ad70, L_0xd7aba0, C4<>;
L_0xd7b0b0 .functor MUXZ 32, L_0xd7af20, L_0x7efe5e7d3fe0, L_0xd7aab0, C4<>;
L_0xd7b270 .functor MUXZ 32, L_0xd7b0b0, L_0xd7a660, L_0xd7a5c0, C4<>;
L_0xd7b400 .functor MUXZ 32, L_0xd7b270, L_0xd7a520, L_0xd7a430, C4<>;
L_0xd7b670 .functor MUXZ 32, L_0xd7b400, L_0xd7a2d0, L_0xd7a230, C4<>;
L_0xd7b800 .functor MUXZ 32, L_0xd7b670, L_0xd7c190, L_0xd7a140, C4<>;
S_0xd57ea0 .scope function.vec4.s32, "enc" "enc" 3 25, 3 25 0, S_0xccb500;
 .timescale -9 -12;
; Variable enc is vec4 return value of scope S_0xd57ea0
v0xd58160_0 .var/s "imm", 15 0;
v0xd58240_0 .var "op", 3 0;
v0xd58300_0 .var "rd", 3 0;
v0xd583e0_0 .var "rs1", 3 0;
v0xd58510_0 .var "rs2", 3 0;
TD_gpu_core_tb.enc ;
    %load/vec4 v0xd58240_0;
    %load/vec4 v0xd58300_0;
    %concat/vec4; draw_concat_vec4
    %load/vec4 v0xd583e0_0;
    %concat/vec4; draw_concat_vec4
    %load/vec4 v0xd58510_0;
    %concat/vec4; draw_concat_vec4
    %load/vec4 v0xd58160_0;
    %concat/vec4; draw_concat_vec4
    %ret/vec4 0, 0, 32;  Assign to enc (store_vec4_to_lval)
    %end;
S_0xd585f0 .scope task, "run_until_halted" "run_until_halted" 3 42, 3 42 0, S_0xccb500;
 .timescale -9 -12;
v0xd587d0_0 .var/i "c", 31 0;
v0xd588b0_0 .var/i "max_cycles", 31 0;
TD_gpu_core_tb.run_until_halted ;
    %pushi/vec4 0, 0, 32;
    %store/vec4 v0xd587d0_0, 0, 32;
T_1.0 ;
    %load/vec4 v0xd58b10_0;
    %nor/r;
    %flag_set/vec4 9;
    %flag_get/vec4 9;
    %jmp/0 T_1.2, 9;
    %load/vec4 v0xd587d0_0;
    %load/vec4 v0xd588b0_0;
    %cmp/s;
    %flag_get/vec4 5;
    %and;
T_1.2;
    %flag_set/vec4 8;
    %jmp/0xz T_1.1, 8;
    %wait E_0xc7ddf0;
    %load/vec4 v0xd587d0_0;
    %addi 1, 0, 32;
    %store/vec4 v0xd587d0_0, 0, 32;
    %jmp T_1.0;
T_1.1 ;
    %load/vec4 v0xd58b10_0;
    %nor/r;
    %flag_set/vec4 8;
    %jmp/0xz  T_1.3, 8;
    %vpi_call/w 3 51 "$display", "TIMEOUT: core did not halt within %0d cycles", v0xd588b0_0 {0 0 0};
    %load/vec4 v0xd58a50_0;
    %addi 1, 0, 32;
    %store/vec4 v0xd58a50_0, 0, 32;
    %jmp T_1.4;
T_1.3 ;
    %vpi_call/w 3 54 "$display", "halted after %0d cycles", v0xd587d0_0 {0 0 0};
T_1.4 ;
    %end;
    .scope S_0xcd72e0;
T_2 ;
    %wait E_0xc7ddf0;
    %load/vec4 v0xd57d60_0;
    %flag_set/vec4 8;
    %jmp/0xz  T_2.0, 8;
    %pushi/vec4 0, 0, 32;
    %assign/vec4 v0xd57920_0, 0;
    %pushi/vec4 0, 0, 1;
    %assign/vec4 v0xd56b50_0, 0;
    %pushi/vec4 0, 0, 32;
    %store/vec4 v0xd56c10_0, 0, 32;
T_2.2 ;
    %load/vec4 v0xd56c10_0;
    %cmpi/s 8, 0, 32;
    %jmp/0xz T_2.3, 5;
    %pushi/vec4 1, 0, 1;
    %ix/getv/s 3, v0xd56c10_0;
    %ix/load 4, 0, 0; Constant delay
    %assign/vec4/a/d v0xd56930, 0, 4;
    %pushi/vec4 0, 0, 32;
    %load/vec4 v0xd56c10_0;
    %pad/s 37;
    %pad/s 41;
    %muli 16, 0, 41;
    %ix/vec4/s 3;
    %ix/load 4, 0, 0; Constant delay
    %assign/vec4/a/d v0xd57ae0, 0, 4;
    %pushi/vec4 0, 0, 32;
    %load/vec4 v0xd56c10_0;
    %pad/s 37;
    %pad/s 41;
    %muli 16, 0, 41;
    %pad/s 42;
    %pushi/vec4 1, 0, 2;
    %pad/s 42;
    %add;
    %ix/vec4/s 3;
    %ix/load 4, 0, 0; Constant delay
    %assign/vec4/a/d v0xd57ae0, 0, 4;
    %pushi/vec4 0, 0, 32;
    %load/vec4 v0xd56c10_0;
    %pad/s 37;
    %pad/s 41;
    %muli 16, 0, 41;
    %pad/s 42;
    %pushi/vec4 2, 0, 3;
    %pad/s 42;
    %add;
    %ix/vec4/s 3;
    %ix/load 4, 0, 0; Constant delay
    %assign/vec4/a/d v0xd57ae0, 0, 4;
    %pushi/vec4 0, 0, 32;
    %load/vec4 v0xd56c10_0;
    %pad/s 37;
    %pad/s 41;
    %muli 16, 0, 41;
    %pad/s 42;
    %pushi/vec4 3, 0, 3;
    %pad/s 42;
    %add;
    %ix/vec4/s 3;
    %ix/load 4, 0, 0; Constant delay
    %assign/vec4/a/d v0xd57ae0, 0, 4;
    %pushi/vec4 0, 0, 32;
    %load/vec4 v0xd56c10_0;
    %pad/s 37;
    %pad/s 41;
    %muli 16, 0, 41;
    %pad/s 42;
    %pushi/vec4 4, 0, 4;
    %pad/s 42;
    %add;
    %ix/vec4/s 3;
    %ix/load 4, 0, 0; Constant delay
    %assign/vec4/a/d v0xd57ae0, 0, 4;
    %pushi/vec4 0, 0, 32;
    %load/vec4 v0xd56c10_0;
    %pad/s 37;
    %pad/s 41;
    %muli 16, 0, 41;
    %pad/s 42;
    %pushi/vec4 5, 0, 4;
    %pad/s 42;
    %add;
    %ix/vec4/s 3;
    %ix/load 4, 0, 0; Constant delay
    %assign/vec4/a/d v0xd57ae0, 0, 4;
    %pushi/vec4 0, 0, 32;
    %load/vec4 v0xd56c10_0;
    %pad/s 37;
    %pad/s 41;
    %muli 16, 0, 41;
    %pad/s 42;
    %pushi/vec4 6, 0, 4;
    %pad/s 42;
    %add;
    %ix/vec4/s 3;
    %ix/load 4, 0, 0; Constant delay
    %assign/vec4/a/d v0xd57ae0, 0, 4;
    %pushi/vec4 0, 0, 32;
    %load/vec4 v0xd56c10_0;
    %pad/s 37;
    %pad/s 41;
    %muli 16, 0, 41;
    %pad/s 42;
    %pushi/vec4 7, 0, 4;
    %pad/s 42;
    %add;
    %ix/vec4/s 3;
    %ix/load 4, 0, 0; Constant delay
    %assign/vec4/a/d v0xd57ae0, 0, 4;
    %pushi/vec4 0, 0, 32;
    %load/vec4 v0xd56c10_0;
    %pad/s 37;
    %pad/s 41;
    %muli 16, 0, 41;
    %pad/s 42;
    %pushi/vec4 8, 0, 5;
    %pad/s 42;
    %add;
    %ix/vec4/s 3;
    %ix/load 4, 0, 0; Constant delay
    %assign/vec4/a/d v0xd57ae0, 0, 4;
    %pushi/vec4 0, 0, 32;
    %load/vec4 v0xd56c10_0;
    %pad/s 37;
    %pad/s 41;
    %muli 16, 0, 41;
    %pad/s 42;
    %pushi/vec4 9, 0, 5;
    %pad/s 42;
    %add;
    %ix/vec4/s 3;
    %ix/load 4, 0, 0; Constant delay
    %assign/vec4/a/d v0xd57ae0, 0, 4;
    %pushi/vec4 0, 0, 32;
    %load/vec4 v0xd56c10_0;
    %pad/s 37;
    %pad/s 41;
    %muli 16, 0, 41;
    %pad/s 42;
    %pushi/vec4 10, 0, 5;
    %pad/s 42;
    %add;
    %ix/vec4/s 3;
    %ix/load 4, 0, 0; Constant delay
    %assign/vec4/a/d v0xd57ae0, 0, 4;
    %pushi/vec4 0, 0, 32;
    %load/vec4 v0xd56c10_0;
    %pad/s 37;
    %pad/s 41;
    %muli 16, 0, 41;
    %pad/s 42;
    %pushi/vec4 11, 0, 5;
    %pad/s 42;
    %add;
    %ix/vec4/s 3;
    %ix/load 4, 0, 0; Constant delay
    %assign/vec4/a/d v0xd57ae0, 0, 4;
    %pushi/vec4 0, 0, 32;
    %load/vec4 v0xd56c10_0;
    %pad/s 37;
    %pad/s 41;
    %muli 16, 0, 41;
    %pad/s 42;
    %pushi/vec4 12, 0, 5;
    %pad/s 42;
    %add;
    %ix/vec4/s 3;
    %ix/load 4, 0, 0; Constant delay
    %assign/vec4/a/d v0xd57ae0, 0, 4;
    %pushi/vec4 0, 0, 32;
    %load/vec4 v0xd56c10_0;
    %pad/s 37;
    %pad/s 41;
    %muli 16, 0, 41;
    %pad/s 42;
    %pushi/vec4 13, 0, 5;
    %pad/s 42;
    %add;
    %ix/vec4/s 3;
    %ix/load 4, 0, 0; Constant delay
    %assign/vec4/a/d v0xd57ae0, 0, 4;
    %pushi/vec4 0, 0, 32;
    %load/vec4 v0xd56c10_0;
    %pad/s 37;
    %pad/s 41;
    %muli 16, 0, 41;
    %pad/s 42;
    %pushi/vec4 14, 0, 5;
    %pad/s 42;
    %add;
    %ix/vec4/s 3;
    %ix/load 4, 0, 0; Constant delay
    %assign/vec4/a/d v0xd57ae0, 0, 4;
    %pushi/vec4 0, 0, 32;
    %load/vec4 v0xd56c10_0;
    %pad/s 37;
    %pad/s 41;
    %muli 16, 0, 41;
    %pad/s 42;
    %pushi/vec4 15, 0, 5;
    %pad/s 42;
    %add;
    %ix/vec4/s 3;
    %ix/load 4, 0, 0; Constant delay
    %assign/vec4/a/d v0xd57ae0, 0, 4;
    %load/vec4 v0xd56c10_0;
    %addi 1, 0, 32;
    %store/vec4 v0xd56c10_0, 0, 32;
    %jmp T_2.2;
T_2.3 ;
    %jmp T_2.1;
T_2.0 ;
    %load/vec4 v0xd56b50_0;
    %nor/r;
    %flag_set/vec4 8;
    %jmp/0xz  T_2.4, 8;
    %load/vec4 v0xd57840_0;
    %dup/vec4;
    %pushi/vec4 1, 0, 4;
    %cmp/u;
    %jmp/1 T_2.6, 6;
    %dup/vec4;
    %pushi/vec4 2, 0, 4;
    %cmp/u;
    %jmp/1 T_2.7, 6;
    %dup/vec4;
    %pushi/vec4 3, 0, 4;
    %cmp/u;
    %jmp/1 T_2.8, 6;
    %dup/vec4;
    %pushi/vec4 4, 0, 4;
    %cmp/u;
    %jmp/1 T_2.9, 6;
    %dup/vec4;
    %pushi/vec4 6, 0, 4;
    %cmp/u;
    %jmp/1 T_2.10, 6;
    %dup/vec4;
    %pushi/vec4 7, 0, 4;
    %cmp/u;
    %jmp/1 T_2.11, 6;
    %dup/vec4;
    %pushi/vec4 5, 0, 4;
    %cmp/u;
    %jmp/1 T_2.12, 6;
    %dup/vec4;
    %pushi/vec4 8, 0, 4;
    %cmp/u;
    %jmp/1 T_2.13, 6;
    %dup/vec4;
    %pushi/vec4 9, 0, 4;
    %cmp/u;
    %jmp/1 T_2.14, 6;
    %dup/vec4;
    %pushi/vec4 10, 0, 4;
    %cmp/u;
    %jmp/1 T_2.15, 6;
    %load/vec4 v0xd57920_0;
    %addi 1, 0, 32;
    %assign/vec4 v0xd57920_0, 0;
    %jmp T_2.17;
T_2.6 ;
    %pushi/vec4 0, 0, 32;
    %store/vec4 v0xd56c10_0, 0, 32;
T_2.18 ;
    %load/vec4 v0xd56c10_0;
    %cmpi/s 8, 0, 32;
    %jmp/0xz T_2.19, 5;
    %ix/getv/s 4, v0xd56c10_0;
    %load/vec4a v0xd56930, 4;
    %flag_set/vec4 8;
    %jmp/0xz  T_2.20, 8;
    %ix/getv/s 4, v0xd56c10_0;
    %load/vec4a v0xd57050, 4;
    %load/vec4 v0xd56c10_0;
    %pad/s 37;
    %pad/s 41;
    %muli 16, 0, 41;
    %pad/s 42;
    %load/vec4 v0xd57a00_0;
    %pad/u 6;
    %pad/u 42;
    %add;
    %ix/vec4 3;
    %ix/load 4, 0, 0; Constant delay
    %assign/vec4/a/d v0xd57ae0, 0, 4;
T_2.20 ;
    %load/vec4 v0xd56c10_0;
    %addi 1, 0, 32;
    %store/vec4 v0xd56c10_0, 0, 32;
    %jmp T_2.18;
T_2.19 ;
    %load/vec4 v0xd57920_0;
    %addi 1, 0, 32;
    %assign/vec4 v0xd57920_0, 0;
    %jmp T_2.17;
T_2.7 ;
    %pushi/vec4 0, 0, 32;
    %store/vec4 v0xd56c10_0, 0, 32;
T_2.22 ;
    %load/vec4 v0xd56c10_0;
    %cmpi/s 8, 0, 32;
    %jmp/0xz T_2.23, 5;
    %ix/getv/s 4, v0xd56c10_0;
    %load/vec4a v0xd56930, 4;
    %flag_set/vec4 8;
    %jmp/0xz  T_2.24, 8;
    %ix/getv/s 4, v0xd56c10_0;
    %load/vec4a v0xd57050, 4;
    %load/vec4 v0xd56c10_0;
    %pad/s 37;
    %pad/s 41;
    %muli 16, 0, 41;
    %pad/s 42;
    %load/vec4 v0xd57a00_0;
    %pad/u 6;
    %pad/u 42;
    %add;
    %ix/vec4 3;
    %ix/load 4, 0, 0; Constant delay
    %assign/vec4/a/d v0xd57ae0, 0, 4;
T_2.24 ;
    %load/vec4 v0xd56c10_0;
    %addi 1, 0, 32;
    %store/vec4 v0xd56c10_0, 0, 32;
    %jmp T_2.22;
T_2.23 ;
    %load/vec4 v0xd57920_0;
    %addi 1, 0, 32;
    %assign/vec4 v0xd57920_0, 0;
    %jmp T_2.17;
T_2.8 ;
    %pushi/vec4 0, 0, 32;
    %store/vec4 v0xd56c10_0, 0, 32;
T_2.26 ;
    %load/vec4 v0xd56c10_0;
    %cmpi/s 8, 0, 32;
    %jmp/0xz T_2.27, 5;
    %ix/getv/s 4, v0xd56c10_0;
    %load/vec4a v0xd56930, 4;
    %flag_set/vec4 8;
    %jmp/0xz  T_2.28, 8;
    %ix/getv/s 4, v0xd56c10_0;
    %load/vec4a v0xd57050, 4;
    %load/vec4 v0xd56c10_0;
    %pad/s 37;
    %pad/s 41;
    %muli 16, 0, 41;
    %pad/s 42;
    %load/vec4 v0xd57a00_0;
    %pad/u 6;
    %pad/u 42;
    %add;
    %ix/vec4 3;
    %ix/load 4, 0, 0; Constant delay
    %assign/vec4/a/d v0xd57ae0, 0, 4;
T_2.28 ;
    %load/vec4 v0xd56c10_0;
    %addi 1, 0, 32;
    %store/vec4 v0xd56c10_0, 0, 32;
    %jmp T_2.26;
T_2.27 ;
    %load/vec4 v0xd57920_0;
    %addi 1, 0, 32;
    %assign/vec4 v0xd57920_0, 0;
    %jmp T_2.17;
T_2.9 ;
    %pushi/vec4 0, 0, 32;
    %store/vec4 v0xd56c10_0, 0, 32;
T_2.30 ;
    %load/vec4 v0xd56c10_0;
    %cmpi/s 8, 0, 32;
    %jmp/0xz T_2.31, 5;
    %ix/getv/s 4, v0xd56c10_0;
    %load/vec4a v0xd56930, 4;
    %flag_set/vec4 8;
    %jmp/0xz  T_2.32, 8;
    %ix/getv/s 4, v0xd56c10_0;
    %load/vec4a v0xd57050, 4;
    %load/vec4 v0xd56c10_0;
    %pad/s 37;
    %pad/s 41;
    %muli 16, 0, 41;
    %pad/s 42;
    %load/vec4 v0xd57a00_0;
    %pad/u 6;
    %pad/u 42;
    %add;
    %ix/vec4 3;
    %ix/load 4, 0, 0; Constant delay
    %assign/vec4/a/d v0xd57ae0, 0, 4;
T_2.32 ;
    %load/vec4 v0xd56c10_0;
    %addi 1, 0, 32;
    %store/vec4 v0xd56c10_0, 0, 32;
    %jmp T_2.30;
T_2.31 ;
    %load/vec4 v0xd57920_0;
    %addi 1, 0, 32;
    %assign/vec4 v0xd57920_0, 0;
    %jmp T_2.17;
T_2.10 ;
    %pushi/vec4 0, 0, 32;
    %store/vec4 v0xd56c10_0, 0, 32;
T_2.34 ;
    %load/vec4 v0xd56c10_0;
    %cmpi/s 8, 0, 32;
    %jmp/0xz T_2.35, 5;
    %ix/getv/s 4, v0xd56c10_0;
    %load/vec4a v0xd56930, 4;
    %flag_set/vec4 8;
    %jmp/0xz  T_2.36, 8;
    %ix/getv/s 4, v0xd56c10_0;
    %load/vec4a v0xd57050, 4;
    %load/vec4 v0xd56c10_0;
    %pad/s 37;
    %pad/s 41;
    %muli 16, 0, 41;
    %pad/s 42;
    %load/vec4 v0xd57a00_0;
    %pad/u 6;
    %pad/u 42;
    %add;
    %ix/vec4 3;
    %ix/load 4, 0, 0; Constant delay
    %assign/vec4/a/d v0xd57ae0, 0, 4;
T_2.36 ;
    %load/vec4 v0xd56c10_0;
    %addi 1, 0, 32;
    %store/vec4 v0xd56c10_0, 0, 32;
    %jmp T_2.34;
T_2.35 ;
    %load/vec4 v0xd57920_0;
    %addi 1, 0, 32;
    %assign/vec4 v0xd57920_0, 0;
    %jmp T_2.17;
T_2.11 ;
    %pushi/vec4 0, 0, 32;
    %store/vec4 v0xd56c10_0, 0, 32;
T_2.38 ;
    %load/vec4 v0xd56c10_0;
    %cmpi/s 8, 0, 32;
    %jmp/0xz T_2.39, 5;
    %ix/getv/s 4, v0xd56c10_0;
    %load/vec4a v0xd56930, 4;
    %flag_set/vec4 8;
    %jmp/0xz  T_2.40, 8;
    %ix/getv/s 4, v0xd56c10_0;
    %load/vec4a v0xd57050, 4;
    %load/vec4 v0xd56c10_0;
    %pad/s 37;
    %pad/s 41;
    %muli 16, 0, 41;
    %pad/s 42;
    %load/vec4 v0xd57a00_0;
    %pad/u 6;
    %pad/u 42;
    %add;
    %ix/vec4 3;
    %ix/load 4, 0, 0; Constant delay
    %assign/vec4/a/d v0xd57ae0, 0, 4;
T_2.40 ;
    %load/vec4 v0xd56c10_0;
    %addi 1, 0, 32;
    %store/vec4 v0xd56c10_0, 0, 32;
    %jmp T_2.38;
T_2.39 ;
    %load/vec4 v0xd57920_0;
    %addi 1, 0, 32;
    %assign/vec4 v0xd57920_0, 0;
    %jmp T_2.17;
T_2.12 ;
    %pushi/vec4 0, 0, 32;
    %store/vec4 v0xd56c10_0, 0, 32;
T_2.42 ;
    %load/vec4 v0xd56c10_0;
    %cmpi/s 8, 0, 32;
    %jmp/0xz T_2.43, 5;
    %ix/getv/s 4, v0xd56c10_0;
    %load/vec4a v0xd56930, 4;
    %flag_set/vec4 8;
    %jmp/0xz  T_2.44, 8;
    %ix/getv/s 4, v0xd56c10_0;
    %load/vec4a v0xd57630, 4;
    %ix/getv/s 4, v0xd56c10_0;
    %load/vec4a v0xd57210, 4;
    %parti/s 6, 0, 2;
    %pad/u 8;
    %ix/vec4 3;
    %ix/load 4, 0, 0; Constant delay
    %assign/vec4/a/d v0xd56a90, 0, 4;
T_2.44 ;
    %load/vec4 v0xd56c10_0;
    %addi 1, 0, 32;
    %store/vec4 v0xd56c10_0, 0, 32;
    %jmp T_2.42;
T_2.43 ;
    %load/vec4 v0xd57920_0;
    %addi 1, 0, 32;
    %assign/vec4 v0xd57920_0, 0;
    %jmp T_2.17;
T_2.13 ;
    %pushi/vec4 0, 0, 32;
    %store/vec4 v0xd56c10_0, 0, 32;
T_2.46 ;
    %load/vec4 v0xd56c10_0;
    %cmpi/s 8, 0, 32;
    %jmp/0xz T_2.47, 5;
    %ix/getv/s 4, v0xd56c10_0;
    %load/vec4a v0xd56930, 4;
    %flag_set/vec4 8;
    %flag_get/vec4 8;
    %jmp/0 T_2.48, 8;
    %ix/getv/s 4, v0xd56c10_0;
    %load/vec4a v0xd57420, 4;
    %pushi/vec4 0, 0, 32;
    %cmp/ne;
    %flag_get/vec4 4;
    %and;
T_2.48;
    %ix/getv/s 3, v0xd56c10_0;
    %ix/load 4, 0, 0; Constant delay
    %assign/vec4/a/d v0xd56930, 0, 4;
    %load/vec4 v0xd56c10_0;
    %addi 1, 0, 32;
    %store/vec4 v0xd56c10_0, 0, 32;
    %jmp T_2.46;
T_2.47 ;
    %load/vec4 v0xd57920_0;
    %addi 1, 0, 32;
    %assign/vec4 v0xd57920_0, 0;
    %jmp T_2.17;
T_2.14 ;
    %pushi/vec4 0, 0, 32;
    %store/vec4 v0xd56c10_0, 0, 32;
T_2.49 ;
    %load/vec4 v0xd56c10_0;
    %cmpi/s 8, 0, 32;
    %jmp/0xz T_2.50, 5;
    %pushi/vec4 1, 0, 1;
    %ix/getv/s 3, v0xd56c10_0;
    %ix/load 4, 0, 0; Constant delay
    %assign/vec4/a/d v0xd56930, 0, 4;
    %load/vec4 v0xd56c10_0;
    %addi 1, 0, 32;
    %store/vec4 v0xd56c10_0, 0, 32;
    %jmp T_2.49;
T_2.50 ;
    %load/vec4 v0xd57920_0;
    %addi 1, 0, 32;
    %assign/vec4 v0xd57920_0, 0;
    %jmp T_2.17;
T_2.15 ;
    %pushi/vec4 1, 0, 1;
    %assign/vec4 v0xd56b50_0, 0;
    %jmp T_2.17;
T_2.17 ;
    %pop/vec4 1;
T_2.4 ;
T_2.1 ;
    %jmp T_2;
    .thread T_2;
    .scope S_0xccb500;
T_3 ;
    %pushi/vec4 0, 0, 1;
    %store/vec4 v0xd58990_0, 0, 1;
    %pushi/vec4 1, 0, 1;
    %store/vec4 v0xd58cb0_0, 0, 1;
    %pushi/vec4 0, 0, 32;
    %store/vec4 v0xd58a50_0, 0, 32;
    %end;
    .thread T_3, $init;
    .scope S_0xccb500;
T_4 ;
    %delay 5000, 0;
    %load/vec4 v0xd58990_0;
    %inv;
    %store/vec4 v0xd58990_0, 0, 1;
    %jmp T_4;
    .thread T_4;
    .scope S_0xccb500;
T_5 ;
    %pushi/vec4 6, 0, 4;
    %pushi/vec4 1, 0, 4;
    %pushi/vec4 0, 0, 4;
    %pushi/vec4 0, 0, 4;
    %pushi/vec4 0, 0, 16;
    %store/vec4 v0xd58160_0, 0, 16;
    %store/vec4 v0xd58510_0, 0, 4;
    %store/vec4 v0xd583e0_0, 0, 4;
    %store/vec4 v0xd58300_0, 0, 4;
    %store/vec4 v0xd58240_0, 0, 4;
    %callf/vec4 TD_gpu_core_tb.enc, S_0xd57ea0;
    %ix/load 4, 0, 0;
    %flag_set/imm 4, 0;
    %store/vec4a v0xd56cf0, 4, 0;
    %pushi/vec4 4, 0, 4;
    %pushi/vec4 2, 0, 4;
    %pushi/vec4 1, 0, 4;
    %pushi/vec4 0, 0, 4;
    %pushi/vec4 0, 0, 16;
    %store/vec4 v0xd58160_0, 0, 16;
    %store/vec4 v0xd58510_0, 0, 4;
    %store/vec4 v0xd583e0_0, 0, 4;
    %store/vec4 v0xd58300_0, 0, 4;
    %store/vec4 v0xd58240_0, 0, 4;
    %callf/vec4 TD_gpu_core_tb.enc, S_0xd57ea0;
    %ix/load 4, 1, 0;
    %flag_set/imm 4, 0;
    %store/vec4a v0xd56cf0, 4, 0;
    %pushi/vec4 4, 0, 4;
    %pushi/vec4 3, 0, 4;
    %pushi/vec4 1, 0, 4;
    %pushi/vec4 0, 0, 4;
    %pushi/vec4 8, 0, 16;
    %store/vec4 v0xd58160_0, 0, 16;
    %store/vec4 v0xd58510_0, 0, 4;
    %store/vec4 v0xd583e0_0, 0, 4;
    %store/vec4 v0xd58300_0, 0, 4;
    %store/vec4 v0xd58240_0, 0, 4;
    %callf/vec4 TD_gpu_core_tb.enc, S_0xd57ea0;
    %ix/load 4, 2, 0;
    %flag_set/imm 4, 0;
    %store/vec4a v0xd56cf0, 4, 0;
    %pushi/vec4 3, 0, 4;
    %pushi/vec4 4, 0, 4;
    %pushi/vec4 2, 0, 4;
    %pushi/vec4 3, 0, 4;
    %pushi/vec4 0, 0, 16;
    %store/vec4 v0xd58160_0, 0, 16;
    %store/vec4 v0xd58510_0, 0, 4;
    %store/vec4 v0xd583e0_0, 0, 4;
    %store/vec4 v0xd58300_0, 0, 4;
    %store/vec4 v0xd58240_0, 0, 4;
    %callf/vec4 TD_gpu_core_tb.enc, S_0xd57ea0;
    %ix/load 4, 3, 0;
    %flag_set/imm 4, 0;
    %store/vec4a v0xd56cf0, 4, 0;
    %pushi/vec4 5, 0, 4;
    %pushi/vec4 0, 0, 4;
    %pushi/vec4 1, 0, 4;
    %pushi/vec4 4, 0, 4;
    %pushi/vec4 16, 0, 16;
    %store/vec4 v0xd58160_0, 0, 16;
    %store/vec4 v0xd58510_0, 0, 4;
    %store/vec4 v0xd583e0_0, 0, 4;
    %store/vec4 v0xd58300_0, 0, 4;
    %store/vec4 v0xd58240_0, 0, 4;
    %callf/vec4 TD_gpu_core_tb.enc, S_0xd57ea0;
    %ix/load 4, 4, 0;
    %flag_set/imm 4, 0;
    %store/vec4a v0xd56cf0, 4, 0;
    %pushi/vec4 10, 0, 4;
    %pushi/vec4 0, 0, 4;
    %pushi/vec4 0, 0, 4;
    %pushi/vec4 0, 0, 4;
    %pushi/vec4 0, 0, 16;
    %store/vec4 v0xd58160_0, 0, 16;
    %store/vec4 v0xd58510_0, 0, 4;
    %store/vec4 v0xd583e0_0, 0, 4;
    %store/vec4 v0xd58300_0, 0, 4;
    %store/vec4 v0xd58240_0, 0, 4;
    %callf/vec4 TD_gpu_core_tb.enc, S_0xd57ea0;
    %ix/load 4, 5, 0;
    %flag_set/imm 4, 0;
    %store/vec4a v0xd56cf0, 4, 0;
    %pushi/vec4 1, 0, 32;
    %ix/load 4, 0, 0;
    %flag_set/imm 4, 0;
    %store/vec4a v0xd56a90, 4, 0;
    %pushi/vec4 2, 0, 32;
    %ix/load 4, 1, 0;
    %flag_set/imm 4, 0;
    %store/vec4a v0xd56a90, 4, 0;
    %pushi/vec4 3, 0, 32;
    %ix/load 4, 2, 0;
    %flag_set/imm 4, 0;
    %store/vec4a v0xd56a90, 4, 0;
    %pushi/vec4 4, 0, 32;
    %ix/load 4, 3, 0;
    %flag_set/imm 4, 0;
    %store/vec4a v0xd56a90, 4, 0;
    %pushi/vec4 5, 0, 32;
    %ix/load 4, 4, 0;
    %flag_set/imm 4, 0;
    %store/vec4a v0xd56a90, 4, 0;
    %pushi/vec4 6, 0, 32;
    %ix/load 4, 5, 0;
    %flag_set/imm 4, 0;
    %store/vec4a v0xd56a90, 4, 0;
    %pushi/vec4 7, 0, 32;
    %ix/load 4, 6, 0;
    %flag_set/imm 4, 0;
    %store/vec4a v0xd56a90, 4, 0;
    %pushi/vec4 8, 0, 32;
    %ix/load 4, 7, 0;
    %flag_set/imm 4, 0;
    %store/vec4a v0xd56a90, 4, 0;
    %pushi/vec4 10, 0, 32;
    %ix/load 4, 8, 0;
    %flag_set/imm 4, 0;
    %store/vec4a v0xd56a90, 4, 0;
    %pushi/vec4 20, 0, 32;
    %ix/load 4, 9, 0;
    %flag_set/imm 4, 0;
    %store/vec4a v0xd56a90, 4, 0;
    %pushi/vec4 30, 0, 32;
    %ix/load 4, 10, 0;
    %flag_set/imm 4, 0;
    %store/vec4a v0xd56a90, 4, 0;
    %pushi/vec4 40, 0, 32;
    %ix/load 4, 11, 0;
    %flag_set/imm 4, 0;
    %store/vec4a v0xd56a90, 4, 0;
    %pushi/vec4 50, 0, 32;
    %ix/load 4, 12, 0;
    %flag_set/imm 4, 0;
    %store/vec4a v0xd56a90, 4, 0;
    %pushi/vec4 60, 0, 32;
    %ix/load 4, 13, 0;
    %flag_set/imm 4, 0;
    %store/vec4a v0xd56a90, 4, 0;
    %pushi/vec4 70, 0, 32;
    %ix/load 4, 14, 0;
    %flag_set/imm 4, 0;
    %store/vec4a v0xd56a90, 4, 0;
    %pushi/vec4 80, 0, 32;
    %ix/load 4, 15, 0;
    %flag_set/imm 4, 0;
    %store/vec4a v0xd56a90, 4, 0;
    %pushi/vec4 1, 0, 1;
    %store/vec4 v0xd58cb0_0, 0, 1;
    %wait E_0xc7ddf0;
    %wait E_0xc7ddf0;
    %pushi/vec4 0, 0, 1;
    %store/vec4 v0xd58cb0_0, 0, 1;
    %pushi/vec4 100, 0, 32;
    %store/vec4 v0xd588b0_0, 0, 32;
    %fork TD_gpu_core_tb.run_until_halted, S_0xd585f0;
    %join;
    %vpi_call/w 3 87 "$display", "---- Phase 1: elementwise multiply (real SIMT lockstep, 8 lanes) ----" {0 0 0};
    %pushi/vec4 0, 0, 32;
    %store/vec4 v0xd58c10_0, 0, 32;
T_5.0 ;
    %load/vec4 v0xd58c10_0;
    %cmpi/s 8, 0, 32;
    %jmp/0xz T_5.1, 5;
    %pushi/vec4 16, 0, 32;
    %load/vec4 v0xd58c10_0;
    %add;
    %ix/vec4/s 4;
    %load/vec4a v0xd56a90, 4;
    %ix/getv/s 4, v0xd58c10_0;
    %load/vec4a v0xd56a90, 4;
    %pushi/vec4 8, 0, 32;
    %load/vec4 v0xd58c10_0;
    %add;
    %ix/vec4/s 4;
    %load/vec4a v0xd56a90, 4;
    %mul;
    %cmp/ne;
    %jmp/0xz  T_5.2, 6;
    %pushi/vec4 16, 0, 32;
    %load/vec4 v0xd58c10_0;
    %add;
    %ix/vec4/s 4;
    %load/vec4a v0xd56a90, 4;
    %ix/getv/s 4, v0xd58c10_0;
    %load/vec4a v0xd56a90, 4;
    %pushi/vec4 8, 0, 32;
    %load/vec4 v0xd58c10_0;
    %add;
    %ix/vec4/s 4;
    %load/vec4a v0xd56a90, 4;
    %mul;
    %vpi_call/w 3 90 "$display", "  lane %0d MISMATCH: got %0d expected %0d", v0xd58c10_0, S<1,vec4,u32>, S<0,vec4,u32> {2 0 0};
    %load/vec4 v0xd58a50_0;
    %addi 1, 0, 32;
    %store/vec4 v0xd58a50_0, 0, 32;
    %jmp T_5.3;
T_5.2 ;
    %pushi/vec4 8, 0, 32;
    %load/vec4 v0xd58c10_0;
    %add;
    %ix/vec4/s 4;
    %load/vec4a v0xd56a90, 4;
    %pushi/vec4 16, 0, 32;
    %load/vec4 v0xd58c10_0;
    %add;
    %ix/vec4/s 4;
    %load/vec4a v0xd56a90, 4;
    %vpi_call/w 3 93 "$display", "  lane %0d OK: C[%0d] = %0d * %0d = %0d", v0xd58c10_0, v0xd58c10_0, &A<v0xd56a90, v0xd58c10_0 >, S<1,vec4,u32>, S<0,vec4,u32> {2 0 0};
T_5.3 ;
    %load/vec4 v0xd58c10_0;
    %addi 1, 0, 32;
    %store/vec4 v0xd58c10_0, 0, 32;
    %jmp T_5.0;
T_5.1 ;
    %pushi/vec4 1, 0, 1;
    %store/vec4 v0xd58cb0_0, 0, 1;
    %wait E_0xc7ddf0;
    %pushi/vec4 6, 0, 4;
    %pushi/vec4 1, 0, 4;
    %pushi/vec4 0, 0, 4;
    %pushi/vec4 0, 0, 4;
    %pushi/vec4 0, 0, 16;
    %store/vec4 v0xd58160_0, 0, 16;
    %store/vec4 v0xd58510_0, 0, 4;
    %store/vec4 v0xd583e0_0, 0, 4;
    %store/vec4 v0xd58300_0, 0, 4;
    %store/vec4 v0xd58240_0, 0, 4;
    %callf/vec4 TD_gpu_core_tb.enc, S_0xd57ea0;
    %ix/load 4, 0, 0;
    %flag_set/imm 4, 0;
    %store/vec4a v0xd56cf0, 4, 0;
    %pushi/vec4 1, 0, 4;
    %pushi/vec4 2, 0, 4;
    %pushi/vec4 0, 0, 4;
    %pushi/vec4 0, 0, 4;
    %pushi/vec4 4, 0, 16;
    %store/vec4 v0xd58160_0, 0, 16;
    %store/vec4 v0xd58510_0, 0, 4;
    %store/vec4 v0xd583e0_0, 0, 4;
    %store/vec4 v0xd58300_0, 0, 4;
    %store/vec4 v0xd58240_0, 0, 4;
    %callf/vec4 TD_gpu_core_tb.enc, S_0xd57ea0;
    %ix/load 4, 1, 0;
    %flag_set/imm 4, 0;
    %store/vec4a v0xd56cf0, 4, 0;
    %pushi/vec4 7, 0, 4;
    %pushi/vec4 3, 0, 4;
    %pushi/vec4 1, 0, 4;
    %pushi/vec4 2, 0, 4;
    %pushi/vec4 0, 0, 16;
    %store/vec4 v0xd58160_0, 0, 16;
    %store/vec4 v0xd58510_0, 0, 4;
    %store/vec4 v0xd583e0_0, 0, 4;
    %store/vec4 v0xd58300_0, 0, 4;
    %store/vec4 v0xd58240_0, 0, 4;
    %callf/vec4 TD_gpu_core_tb.enc, S_0xd57ea0;
    %ix/load 4, 2, 0;
    %flag_set/imm 4, 0;
    %store/vec4a v0xd56cf0, 4, 0;
    %pushi/vec4 8, 0, 4;
    %pushi/vec4 0, 0, 4;
    %pushi/vec4 3, 0, 4;
    %pushi/vec4 0, 0, 4;
    %pushi/vec4 0, 0, 16;
    %store/vec4 v0xd58160_0, 0, 16;
    %store/vec4 v0xd58510_0, 0, 4;
    %store/vec4 v0xd583e0_0, 0, 4;
    %store/vec4 v0xd58300_0, 0, 4;
    %store/vec4 v0xd58240_0, 0, 4;
    %callf/vec4 TD_gpu_core_tb.enc, S_0xd57ea0;
    %ix/load 4, 3, 0;
    %flag_set/imm 4, 0;
    %store/vec4a v0xd56cf0, 4, 0;
    %pushi/vec4 1, 0, 4;
    %pushi/vec4 4, 0, 4;
    %pushi/vec4 0, 0, 4;
    %pushi/vec4 0, 0, 4;
    %pushi/vec4 111, 0, 16;
    %store/vec4 v0xd58160_0, 0, 16;
    %store/vec4 v0xd58510_0, 0, 4;
    %store/vec4 v0xd583e0_0, 0, 4;
    %store/vec4 v0xd58300_0, 0, 4;
    %store/vec4 v0xd58240_0, 0, 4;
    %callf/vec4 TD_gpu_core_tb.enc, S_0xd57ea0;
    %ix/load 4, 4, 0;
    %flag_set/imm 4, 0;
    %store/vec4a v0xd56cf0, 4, 0;
    %pushi/vec4 5, 0, 4;
    %pushi/vec4 0, 0, 4;
    %pushi/vec4 1, 0, 4;
    %pushi/vec4 4, 0, 4;
    %pushi/vec4 24, 0, 16;
    %store/vec4 v0xd58160_0, 0, 16;
    %store/vec4 v0xd58510_0, 0, 4;
    %store/vec4 v0xd583e0_0, 0, 4;
    %store/vec4 v0xd58300_0, 0, 4;
    %store/vec4 v0xd58240_0, 0, 4;
    %callf/vec4 TD_gpu_core_tb.enc, S_0xd57ea0;
    %ix/load 4, 5, 0;
    %flag_set/imm 4, 0;
    %store/vec4a v0xd56cf0, 4, 0;
    %pushi/vec4 9, 0, 4;
    %pushi/vec4 0, 0, 4;
    %pushi/vec4 0, 0, 4;
    %pushi/vec4 0, 0, 4;
    %pushi/vec4 0, 0, 16;
    %store/vec4 v0xd58160_0, 0, 16;
    %store/vec4 v0xd58510_0, 0, 4;
    %store/vec4 v0xd583e0_0, 0, 4;
    %store/vec4 v0xd58300_0, 0, 4;
    %store/vec4 v0xd58240_0, 0, 4;
    %callf/vec4 TD_gpu_core_tb.enc, S_0xd57ea0;
    %ix/load 4, 6, 0;
    %flag_set/imm 4, 0;
    %store/vec4a v0xd56cf0, 4, 0;
    %pushi/vec4 10, 0, 4;
    %pushi/vec4 0, 0, 4;
    %pushi/vec4 0, 0, 4;
    %pushi/vec4 0, 0, 4;
    %pushi/vec4 0, 0, 16;
    %store/vec4 v0xd58160_0, 0, 16;
    %store/vec4 v0xd58510_0, 0, 4;
    %store/vec4 v0xd583e0_0, 0, 4;
    %store/vec4 v0xd58300_0, 0, 4;
    %store/vec4 v0xd58240_0, 0, 4;
    %callf/vec4 TD_gpu_core_tb.enc, S_0xd57ea0;
    %ix/load 4, 7, 0;
    %flag_set/imm 4, 0;
    %store/vec4a v0xd56cf0, 4, 0;
    %pushi/vec4 0, 0, 32;
    %store/vec4 v0xd58c10_0, 0, 32;
T_5.4 ;
    %load/vec4 v0xd58c10_0;
    %cmpi/s 8, 0, 32;
    %jmp/0xz T_5.5, 5;
    %pushi/vec4 3735879680, 0, 32;
    %load/vec4 v0xd58c10_0;
    %add;
    %pushi/vec4 24, 0, 32;
    %load/vec4 v0xd58c10_0;
    %add;
    %ix/vec4/s 4;
    %store/vec4a v0xd56a90, 4, 0;
    %load/vec4 v0xd58c10_0;
    %addi 1, 0, 32;
    %store/vec4 v0xd58c10_0, 0, 32;
    %jmp T_5.4;
T_5.5 ;
    %wait E_0xc7ddf0;
    %pushi/vec4 0, 0, 1;
    %store/vec4 v0xd58cb0_0, 0, 1;
    %pushi/vec4 100, 0, 32;
    %store/vec4 v0xd588b0_0, 0, 32;
    %fork TD_gpu_core_tb.run_until_halted, S_0xd585f0;
    %join;
    %vpi_call/w 3 119 "$display", "---- Phase 2: real per-lane divergence (SIMT predication, single-level) ----" {0 0 0};
    %pushi/vec4 0, 0, 32;
    %store/vec4 v0xd58c10_0, 0, 32;
T_5.6 ;
    %load/vec4 v0xd58c10_0;
    %cmpi/s 8, 0, 32;
    %jmp/0xz T_5.7, 5;
    %load/vec4 v0xd58c10_0;
    %cmpi/s 4, 0, 32;
    %jmp/0xz  T_5.8, 5;
    %pushi/vec4 24, 0, 32;
    %load/vec4 v0xd58c10_0;
    %add;
    %ix/vec4/s 4;
    %load/vec4a v0xd56a90, 4;
    %cmpi/ne 111, 0, 32;
    %jmp/0xz  T_5.10, 6;
    %pushi/vec4 24, 0, 32;
    %load/vec4 v0xd58c10_0;
    %add;
    %ix/vec4/s 4;
    %load/vec4a v0xd56a90, 4;
    %vpi_call/w 3 123 "$display", "  lane %0d (should be ACTIVE) MISMATCH: got %0d expected 111", v0xd58c10_0, S<0,vec4,u32> {1 0 0};
    %load/vec4 v0xd58a50_0;
    %addi 1, 0, 32;
    %store/vec4 v0xd58a50_0, 0, 32;
    %jmp T_5.11;
T_5.10 ;
    %vpi_call/w 3 126 "$display", "  lane %0d (active,  lane_id<4)  correctly wrote 111", v0xd58c10_0 {0 0 0};
T_5.11 ;
    %jmp T_5.9;
T_5.8 ;
    %pushi/vec4 24, 0, 32;
    %load/vec4 v0xd58c10_0;
    %add;
    %ix/vec4/s 4;
    %load/vec4a v0xd56a90, 4;
    %pushi/vec4 3735879680, 0, 32;
    %load/vec4 v0xd58c10_0;
    %add;
    %cmp/ne;
    %jmp/0xz  T_5.12, 6;
    %pushi/vec4 24, 0, 32;
    %load/vec4 v0xd58c10_0;
    %add;
    %ix/vec4/s 4;
    %load/vec4a v0xd56a90, 4;
    %vpi_call/w 3 130 "$display", "  lane %0d (should be MASKED OFF) MISMATCH: got %0d, sentinel was overwritten!", v0xd58c10_0, S<0,vec4,u32> {1 0 0};
    %load/vec4 v0xd58a50_0;
    %addi 1, 0, 32;
    %store/vec4 v0xd58a50_0, 0, 32;
    %jmp T_5.13;
T_5.12 ;
    %vpi_call/w 3 133 "$display", "  lane %0d (inactive, lane_id>=4) correctly did NOT write -- sentinel untouched", v0xd58c10_0 {0 0 0};
T_5.13 ;
T_5.9 ;
    %load/vec4 v0xd58c10_0;
    %addi 1, 0, 32;
    %store/vec4 v0xd58c10_0, 0, 32;
    %jmp T_5.6;
T_5.7 ;
    %load/vec4 v0xd58a50_0;
    %cmpi/e 0, 0, 32;
    %jmp/0xz  T_5.14, 4;
    %vpi_call/w 3 139 "$display", "\012RESULT: ALL CHECKS PASSED (%0d assertions, 0 failures) -- real RTL simulation, both true SIMT lockstep parallelism and real per-lane divergence verified.", 32'sb00000000000000000000000000010000 {0 0 0};
    %jmp T_5.15;
T_5.14 ;
    %vpi_call/w 3 141 "$display", "\012RESULT: %0d CHECK(S) FAILED", v0xd58a50_0 {0 0 0};
T_5.15 ;
    %vpi_call/w 3 143 "$finish" {0 0 0};
    %end;
    .thread T_5;
# The file index is used to find the file name in the following table.
:file_names 5;
    "N/A";
    "<interactive>";
    "-";
    "gpu_core_tb.v";
    "gpu_core.v";
