#! /nix/store/xqrx3sr3nnvrcyzrqv91csgrnpdlx3wq-iverilog-12.0/bin/vvp
:ivl_version "12.0 (stable)";
:ivl_delay_selection "TYPICAL";
:vpi_time_precision - 12;
:vpi_module "/nix/store/xqrx3sr3nnvrcyzrqv91csgrnpdlx3wq-iverilog-12.0/lib/ivl/system.vpi";
:vpi_module "/nix/store/xqrx3sr3nnvrcyzrqv91csgrnpdlx3wq-iverilog-12.0/lib/ivl/vhdl_sys.vpi";
:vpi_module "/nix/store/xqrx3sr3nnvrcyzrqv91csgrnpdlx3wq-iverilog-12.0/lib/ivl/vhdl_textio.vpi";
:vpi_module "/nix/store/xqrx3sr3nnvrcyzrqv91csgrnpdlx3wq-iverilog-12.0/lib/ivl/v2005_math.vpi";
:vpi_module "/nix/store/xqrx3sr3nnvrcyzrqv91csgrnpdlx3wq-iverilog-12.0/lib/ivl/va_math.vpi";
:vpi_module "/nix/store/xqrx3sr3nnvrcyzrqv91csgrnpdlx3wq-iverilog-12.0/lib/ivl/v2009.vpi";
S_0x161acc90 .scope package, "$unit" "$unit" 2 1;
 .timescale 0 0;
S_0x16166df0 .scope module, "gpu_core_tb_portonly" "gpu_core_tb_portonly" 3 29;
 .timescale -9 -12;
P_0x160ebe10 .param/l "OP_ADD" 1 3 33, C4<0010>;
P_0x160ebe50 .param/l "OP_CMPLT" 1 3 38, C4<0111>;
P_0x160ebe90 .param/l "OP_HALT" 1 3 41, C4<1010>;
P_0x160ebed0 .param/l "OP_LDG" 1 3 35, C4<0100>;
P_0x160ebf10 .param/l "OP_LI" 1 3 32, C4<0001>;
P_0x160ebf50 .param/l "OP_LIDX" 1 3 37, C4<0110>;
P_0x160ebf90 .param/l "OP_MUL" 1 3 34, C4<0011>;
P_0x160ebfd0 .param/l "OP_NOP" 1 3 31, C4<0000>;
P_0x160ec010 .param/l "OP_PRED" 1 3 39, C4<1000>;
P_0x160ec050 .param/l "OP_RSTP" 1 3 40, C4<1001>;
P_0x160ec090 .param/l "OP_STG" 1 3 36, C4<0101>;
v0x161fb0b0_0 .var "clk", 0 0;
v0x161fb170_0 .var/i "errors", 31 0;
v0x161fb230_0 .net "halted", 0 0, v0x161f8880_0;  1 drivers
v0x161fb2d0_0 .var "imem_waddr", 4 0;
v0x161fb370_0 .var "imem_wdata", 31 0;
v0x161fb460_0 .var "imem_we", 0 0;
v0x161fb500_0 .var/i "k", 31 0;
v0x161fb5a0 .array "kernel_prog", 11 0, 31 0;
v0x161fb640_0 .var/i "lane", 31 0;
v0x161fb720_0 .net "rd_data", 31 0, L_0x1621f3e0;  1 drivers
v0x161fb810_0 .var "rd_lane", 2 0;
v0x161fb8e0_0 .var "rd_mem_addr", 5 0;
v0x161fb9b0_0 .net "rd_mem_data", 31 0, L_0x1621cfb0;  1 drivers
v0x161fba80_0 .var "rd_reg", 3 0;
v0x161fbb50_0 .var "rst", 0 0;
S_0x16169240 .scope module, "dut" "gpu_core" 3 71, 4 33 0, S_0x16166df0;
 .timescale -9 -12;
    .port_info 0 /INPUT 1 "clk";
    .port_info 1 /INPUT 1 "rst";
    .port_info 2 /OUTPUT 1 "halted";
    .port_info 3 /INPUT 1 "imem_we";
    .port_info 4 /INPUT 5 "imem_waddr";
    .port_info 5 /INPUT 32 "imem_wdata";
    .port_info 6 /INPUT 3 "rd_lane";
    .port_info 7 /INPUT 4 "rd_reg";
    .port_info 8 /OUTPUT 32 "rd_data";
    .port_info 9 /INPUT 6 "rd_mem_addr";
    .port_info 10 /OUTPUT 32 "rd_mem_data";
P_0x161d31b0 .param/l "DATA_W" 0 4 36, +C4<00000000000000000000000000100000>;
P_0x161d31f0 .param/l "IMEM_AW" 1 4 43, +C4<00000000000000000000000000000101>;
P_0x161d3230 .param/l "IMEM_DEPTH" 0 4 38, +C4<00000000000000000000000000100000>;
P_0x161d3270 .param/l "LANES" 0 4 34, +C4<00000000000000000000000000001000>;
P_0x161d32b0 .param/l "LANE_AW" 1 4 44, +C4<00000000000000000000000000000011>;
P_0x161d32f0 .param/l "MEM_AW" 1 4 42, +C4<00000000000000000000000000000110>;
P_0x161d3330 .param/l "MEM_DEPTH" 0 4 37, +C4<00000000000000000000000001000000>;
P_0x161d3370 .param/l "OP_ADD" 1 4 80, C4<0010>;
P_0x161d33b0 .param/l "OP_CMPLT" 1 4 85, C4<0111>;
P_0x161d33f0 .param/l "OP_HALT" 1 4 88, C4<1010>;
P_0x161d3430 .param/l "OP_LDG" 1 4 82, C4<0100>;
P_0x161d3470 .param/l "OP_LI" 1 4 79, C4<0001>;
P_0x161d34b0 .param/l "OP_LIDX" 1 4 84, C4<0110>;
P_0x161d34f0 .param/l "OP_MUL" 1 4 81, C4<0011>;
P_0x161d3530 .param/l "OP_NOP" 1 4 78, C4<0000>;
P_0x161d3570 .param/l "OP_PRED" 1 4 86, C4<1000>;
P_0x161d35b0 .param/l "OP_RSTP" 1 4 87, C4<1001>;
P_0x161d35f0 .param/l "OP_STG" 1 4 83, C4<0101>;
P_0x161d3630 .param/l "REGS" 0 4 35, +C4<00000000000000000000000000010000>;
P_0x161d3670 .param/l "REG_AW" 1 4 45, +C4<00000000000000000000000000000100>;
L_0x1621d2f0 .functor BUFZ 32, L_0x1621e960, C4<00000000000000000000000000000000>, C4<00000000000000000000000000000000>, C4<00000000000000000000000000000000>;
L_0x1621f3e0 .functor BUFZ 32, L_0x1621f160, C4<00000000000000000000000000000000>, C4<00000000000000000000000000000000>, C4<00000000000000000000000000000000>;
L_0x1621cfb0 .functor BUFZ 32, L_0x1621fc60, C4<00000000000000000000000000000000>, C4<00000000000000000000000000000000>, C4<00000000000000000000000000000000>;
v0x161f74e0_0 .net *"_ivl_0", 31 0, L_0x1621e960;  1 drivers
v0x161f75e0_0 .net *"_ivl_15", 0 0, L_0x1621edc0;  1 drivers
v0x161f76c0_0 .net *"_ivl_16", 15 0, L_0x1621ee60;  1 drivers
v0x161f7780_0 .net *"_ivl_20", 31 0, L_0x1621f160;  1 drivers
v0x161f7860_0 .net *"_ivl_22", 9 0, L_0x1621f200;  1 drivers
L_0x7fca214f6148 .functor BUFT 1, C4<0000000>, C4<0>, C4<0>, C4<0>;
v0x161f7940_0 .net *"_ivl_25", 6 0, L_0x7fca214f6148;  1 drivers
v0x161f7a20_0 .net *"_ivl_26", 13 0, L_0x1621f2f0;  1 drivers
L_0x7fca214f6190 .functor BUFT 1, C4<0000>, C4<0>, C4<0>, C4<0>;
v0x161f7b00_0 .net *"_ivl_29", 3 0, L_0x7fca214f6190;  1 drivers
L_0x7fca214f61d8 .functor BUFT 1, C4<00000000010000>, C4<0>, C4<0>, C4<0>;
v0x161f7be0_0 .net/2u *"_ivl_30", 13 0, L_0x7fca214f61d8;  1 drivers
v0x161f7cc0_0 .net *"_ivl_33", 13 0, L_0x1621f4a0;  1 drivers
v0x161f7da0_0 .net *"_ivl_34", 5 0, L_0x1621f5e0;  1 drivers
L_0x7fca214f6220 .functor BUFT 1, C4<00>, C4<0>, C4<0>, C4<0>;
v0x161f7e80_0 .net *"_ivl_37", 1 0, L_0x7fca214f6220;  1 drivers
L_0x7fca214f6268 .functor BUFT 1, C4<0>, C4<0>, C4<0>, C4<0>;
v0x161f7f60_0 .net *"_ivl_40", 0 0, L_0x7fca214f6268;  1 drivers
v0x161f8040_0 .net *"_ivl_41", 14 0, L_0x1621f720;  1 drivers
L_0x7fca214f62b0 .functor BUFT 1, C4<000000000>, C4<0>, C4<0>, C4<0>;
v0x161f8120_0 .net *"_ivl_44", 8 0, L_0x7fca214f62b0;  1 drivers
v0x161f8200_0 .net *"_ivl_45", 14 0, L_0x1621f860;  1 drivers
v0x161f82e0_0 .net *"_ivl_46", 14 0, L_0x1621fa30;  1 drivers
v0x161f83c0_0 .net *"_ivl_50", 31 0, L_0x1621fc60;  1 drivers
v0x161f84a0_0 .net *"_ivl_52", 7 0, L_0x1621fda0;  1 drivers
L_0x7fca214f62f8 .functor BUFT 1, C4<00>, C4<0>, C4<0>, C4<0>;
v0x161f8580_0 .net *"_ivl_55", 1 0, L_0x7fca214f62f8;  1 drivers
v0x161f8660 .array "active", 7 0, 0 0;
v0x161f8700_0 .net "clk", 0 0, v0x161fb0b0_0;  1 drivers
v0x161f87c0 .array "gmem", 63 0, 31 0;
v0x161f8880_0 .var "halted", 0 0;
v0x161f8940_0 .var/i "i", 31 0;
v0x161f8a20 .array "imem", 31 0, 31 0;
v0x161f8ae0_0 .net "imem_waddr", 4 0, v0x161fb2d0_0;  1 drivers
v0x161f8bc0_0 .net "imem_wdata", 31 0, v0x161fb370_0;  1 drivers
v0x161f8ca0_0 .net "imem_we", 0 0, v0x161fb460_0;  1 drivers
v0x161f8d60_0 .net "imm", 15 0, L_0x1621ed20;  1 drivers
v0x161f8e40_0 .net/s "imm_sext", 31 0, L_0x1621f0c0;  1 drivers
v0x161f8f20_0 .net "instr", 31 0, L_0x1621d2f0;  1 drivers
v0x161f9000 .array "lane_alu_out", 7 0;
v0x161f9000_0 .net v0x161f9000 0, 31 0, L_0x1620dbd0; 1 drivers
v0x161f9000_1 .net v0x161f9000 1, 31 0, L_0x16210200; 1 drivers
v0x161f9000_2 .net v0x161f9000 2, 31 0, L_0x16212a10; 1 drivers
v0x161f9000_3 .net v0x161f9000 3, 31 0, L_0x16214e40; 1 drivers
v0x161f9000_4 .net v0x161f9000 4, 31 0, L_0x16217510; 1 drivers
v0x161f9000_5 .net v0x161f9000 5, 31 0, L_0x16219d20; 1 drivers
v0x161f9000_6 .net v0x161f9000 6, 31 0, L_0x1621c2c0; 1 drivers
v0x161f9000_7 .net v0x161f9000 7, 31 0, L_0x1621e730; 1 drivers
v0x161f93d0 .array "lane_gaddr", 7 0;
v0x161f93d0_0 .net v0x161f93d0 0, 31 0, L_0x161fc150; 1 drivers
v0x161f93d0_1 .net v0x161f93d0 1, 31 0, L_0x1620e820; 1 drivers
v0x161f93d0_2 .net v0x161f93d0 2, 31 0, L_0x16210cf0; 1 drivers
v0x161f93d0_3 .net v0x161f93d0 3, 31 0, L_0x162134b0; 1 drivers
v0x161f93d0_4 .net v0x161f93d0 4, 31 0, L_0x16215980; 1 drivers
v0x161f93d0_5 .net v0x161f93d0 5, 31 0, L_0x16218050; 1 drivers
v0x161f93d0_6 .net v0x161f93d0 6, 31 0, L_0x1621a860; 1 drivers
v0x161f93d0_7 .net v0x161f93d0 7, 31 0, L_0x1621cf10; 1 drivers
v0x161f95e0 .array "lane_rs1", 7 0;
v0x161f95e0_0 .net v0x161f95e0 0, 31 0, L_0x1615b010; 1 drivers
v0x161f95e0_1 .net v0x161f95e0 1, 31 0, L_0x161fca60; 1 drivers
v0x161f95e0_2 .net v0x161f95e0 2, 31 0, L_0x1620ed00; 1 drivers
v0x161f95e0_3 .net v0x161f95e0 3, 31 0, L_0x16211270; 1 drivers
v0x161f95e0_4 .net v0x161f95e0 4, 31 0, L_0x16213820; 1 drivers
v0x161f95e0_5 .net v0x161f95e0 5, 31 0, L_0x16215cf0; 1 drivers
v0x161f95e0_6 .net v0x161f95e0 6, 31 0, L_0x16218800; 1 drivers
v0x161f95e0_7 .net v0x161f95e0 7, 31 0, L_0x1621aca0; 1 drivers
v0x161f97f0 .array "lane_rs2", 7 0;
v0x161f97f0_0 .net v0x161f97f0 0, 31 0, L_0x16158bc0; 1 drivers
v0x161f97f0_1 .net v0x161f97f0 1, 31 0, L_0x1614cde0; 1 drivers
v0x161f97f0_2 .net v0x161f97f0 2, 31 0, L_0x1614a9b0; 1 drivers
v0x161f97f0_3 .net v0x161f97f0 3, 31 0, L_0x161c7d50; 1 drivers
v0x161f97f0_4 .net v0x161f97f0 4, 31 0, L_0x161c7fd0; 1 drivers
v0x161f97f0_5 .net v0x161f97f0 5, 31 0, L_0x161c8040; 1 drivers
v0x161f97f0_6 .net v0x161f97f0 6, 31 0, L_0x162180f0; 1 drivers
v0x161f97f0_7 .net v0x161f97f0 7, 31 0, L_0x1621a900; 1 drivers
v0x161f9a00_0 .net "opcode", 3 0, L_0x1621ea50;  1 drivers
v0x161f9ae0_0 .var "pc", 31 0;
v0x161f9bc0_0 .net "rd", 3 0, L_0x1621eb40;  1 drivers
v0x161f9ca0_0 .net "rd_data", 31 0, L_0x1621f3e0;  alias, 1 drivers
v0x161f9d80_0 .net "rd_lane", 2 0, v0x161fb810_0;  1 drivers
v0x161f9e60_0 .net "rd_mem_addr", 5 0, v0x161fb8e0_0;  1 drivers
v0x161f9f40_0 .net "rd_mem_data", 31 0, L_0x1621cfb0;  alias, 1 drivers
v0x161fa020_0 .net "rd_reg", 3 0, v0x161fba80_0;  1 drivers
v0x161fa100 .array "regfile", 127 0, 31 0;
v0x161fa1c0_0 .net "rs1", 3 0, L_0x1621ebe0;  1 drivers
v0x161fa2a0_0 .net "rs2", 3 0, L_0x1621ec80;  1 drivers
v0x161fa380_0 .net "rst", 0 0, v0x161fbb50_0;  1 drivers
E_0x16117c30 .event posedge, v0x161f8700_0;
L_0x1621e960 .array/port v0x161f8a20, v0x161f9ae0_0;
L_0x1621ea50 .part L_0x1621d2f0, 28, 4;
L_0x1621eb40 .part L_0x1621d2f0, 24, 4;
L_0x1621ebe0 .part L_0x1621d2f0, 20, 4;
L_0x1621ec80 .part L_0x1621d2f0, 16, 4;
L_0x1621ed20 .part L_0x1621d2f0, 0, 16;
L_0x1621edc0 .part L_0x1621ed20, 15, 1;
LS_0x1621ee60_0_0 .concat [ 1 1 1 1], L_0x1621edc0, L_0x1621edc0, L_0x1621edc0, L_0x1621edc0;
LS_0x1621ee60_0_4 .concat [ 1 1 1 1], L_0x1621edc0, L_0x1621edc0, L_0x1621edc0, L_0x1621edc0;
LS_0x1621ee60_0_8 .concat [ 1 1 1 1], L_0x1621edc0, L_0x1621edc0, L_0x1621edc0, L_0x1621edc0;
LS_0x1621ee60_0_12 .concat [ 1 1 1 1], L_0x1621edc0, L_0x1621edc0, L_0x1621edc0, L_0x1621edc0;
L_0x1621ee60 .concat [ 4 4 4 4], LS_0x1621ee60_0_0, LS_0x1621ee60_0_4, LS_0x1621ee60_0_8, LS_0x1621ee60_0_12;
L_0x1621f0c0 .concat [ 16 16 0 0], L_0x1621ed20, L_0x1621ee60;
L_0x1621f160 .array/port v0x161fa100, L_0x1621fa30;
L_0x1621f200 .concat [ 3 7 0 0], v0x161fb810_0, L_0x7fca214f6148;
L_0x1621f2f0 .concat [ 10 4 0 0], L_0x1621f200, L_0x7fca214f6190;
L_0x1621f4a0 .arith/mult 14, L_0x1621f2f0, L_0x7fca214f61d8;
L_0x1621f5e0 .concat [ 4 2 0 0], v0x161fba80_0, L_0x7fca214f6220;
L_0x1621f720 .concat [ 14 1 0 0], L_0x1621f4a0, L_0x7fca214f6268;
L_0x1621f860 .concat [ 6 9 0 0], L_0x1621f5e0, L_0x7fca214f62b0;
L_0x1621fa30 .arith/sum 15, L_0x1621f720, L_0x1621f860;
L_0x1621fc60 .array/port v0x161f87c0, L_0x1621fda0;
L_0x1621fda0 .concat [ 6 2 0 0], v0x161fb8e0_0, L_0x7fca214f62f8;
S_0x16175020 .scope generate, "LANE[0]" "LANE[0]" 4 132, 4 132 0, S_0x16169240;
 .timescale -9 -12;
P_0x1612c4c0 .param/l "g" 1 4 132, +C4<00>;
L_0x1615b010 .functor BUFZ 32, L_0x161fbc20, C4<00000000000000000000000000000000>, C4<00000000000000000000000000000000>, C4<00000000000000000000000000000000>;
L_0x16158bc0 .functor BUFZ 32, L_0x161fbe90, C4<00000000000000000000000000000000>, C4<00000000000000000000000000000000>, C4<00000000000000000000000000000000>;
v0x1615a840_0 .net *"_ivl_1", 31 0, L_0x161fbc20;  1 drivers
v0x16158c30_0 .net *"_ivl_10", 31 0, L_0x161fbe90;  1 drivers
v0x16158380_0 .net *"_ivl_12", 5 0, L_0x161fbf60;  1 drivers
L_0x7fca214f4060 .functor BUFT 1, C4<00>, C4<0>, C4<0>, C4<0>;
v0x1614ce50_0 .net *"_ivl_15", 1 0, L_0x7fca214f4060;  1 drivers
L_0x7fca214f40a8 .functor BUFT 1, C4<0001>, C4<0>, C4<0>, C4<0>;
v0x1614c650_0 .net/2u *"_ivl_23", 3 0, L_0x7fca214f40a8;  1 drivers
v0x1614aa20_0 .net *"_ivl_25", 0 0, L_0x161fc2a0;  1 drivers
L_0x7fca214f40f0 .functor BUFT 1, C4<0010>, C4<0>, C4<0>, C4<0>;
v0x1614a1b0_0 .net/2u *"_ivl_27", 3 0, L_0x7fca214f40f0;  1 drivers
v0x161e3980_0 .net *"_ivl_29", 0 0, L_0x161fc430;  1 drivers
v0x161e3a40_0 .net *"_ivl_3", 5 0, L_0x161fbd20;  1 drivers
v0x161e3b20_0 .net *"_ivl_33", 31 0, L_0x161fc570;  1 drivers
L_0x7fca214f4138 .functor BUFT 1, C4<0011>, C4<0>, C4<0>, C4<0>;
v0x161e3c00_0 .net/2u *"_ivl_35", 3 0, L_0x7fca214f4138;  1 drivers
v0x161e3ce0_0 .net *"_ivl_37", 0 0, L_0x161fc700;  1 drivers
v0x161e3da0_0 .net *"_ivl_42", 31 0, L_0x161fc7f0;  1 drivers
L_0x7fca214f4180 .functor BUFT 1, C4<0100>, C4<0>, C4<0>, C4<0>;
v0x161e3e80_0 .net/2u *"_ivl_43", 3 0, L_0x7fca214f4180;  1 drivers
v0x161e3f60_0 .net *"_ivl_45", 0 0, L_0x161fc8f0;  1 drivers
v0x161e4020_0 .net *"_ivl_47", 31 0, L_0x161fc9c0;  1 drivers
v0x161e4100_0 .net *"_ivl_51", 5 0, L_0x161fcb00;  1 drivers
v0x161e41e0_0 .net *"_ivl_52", 7 0, L_0x161fcbd0;  1 drivers
L_0x7fca214f41c8 .functor BUFT 1, C4<00>, C4<0>, C4<0>, C4<0>;
v0x161e42c0_0 .net *"_ivl_55", 1 0, L_0x7fca214f41c8;  1 drivers
L_0x7fca214f4210 .functor BUFT 1, C4<0110>, C4<0>, C4<0>, C4<0>;
v0x161e43a0_0 .net/2u *"_ivl_56", 3 0, L_0x7fca214f4210;  1 drivers
v0x161e4480_0 .net *"_ivl_58", 0 0, L_0x161fcd90;  1 drivers
L_0x7fca214f4018 .functor BUFT 1, C4<00>, C4<0>, C4<0>, C4<0>;
v0x161e4540_0 .net *"_ivl_6", 1 0, L_0x7fca214f4018;  1 drivers
L_0x7fca214f4258 .functor BUFT 1, C4<00000000000000000000000000000000>, C4<0>, C4<0>, C4<0>;
v0x161e4620_0 .net/2u *"_ivl_60", 31 0, L_0x7fca214f4258;  1 drivers
L_0x7fca214f42a0 .functor BUFT 1, C4<0111>, C4<0>, C4<0>, C4<0>;
v0x161e4700_0 .net/2u *"_ivl_62", 3 0, L_0x7fca214f42a0;  1 drivers
v0x161e47e0_0 .net *"_ivl_64", 0 0, L_0x1620ce90;  1 drivers
v0x161e48a0_0 .net *"_ivl_68", 0 0, L_0x1620cff0;  1 drivers
L_0x7fca214f42e8 .functor BUFT 1, C4<00000000000000000000000000000001>, C4<0>, C4<0>, C4<0>;
v0x161e4960_0 .net/2u *"_ivl_70", 31 0, L_0x7fca214f42e8;  1 drivers
L_0x7fca214f4330 .functor BUFT 1, C4<00000000000000000000000000000000>, C4<0>, C4<0>, C4<0>;
v0x161e4a40_0 .net/2u *"_ivl_72", 31 0, L_0x7fca214f4330;  1 drivers
v0x161e4b20_0 .net *"_ivl_74", 31 0, L_0x1620d120;  1 drivers
L_0x7fca214f4378 .functor BUFT 1, C4<00000000000000000000000000000000>, C4<0>, C4<0>, C4<0>;
v0x161e4c00_0 .net/2u *"_ivl_76", 31 0, L_0x7fca214f4378;  1 drivers
v0x161e4ce0_0 .net *"_ivl_78", 31 0, L_0x1620d330;  1 drivers
v0x161e4dc0_0 .net *"_ivl_80", 31 0, L_0x1620d4c0;  1 drivers
v0x161e4ea0_0 .net *"_ivl_82", 31 0, L_0x1620d1c0;  1 drivers
v0x161e5190_0 .net *"_ivl_84", 31 0, L_0x1620d7f0;  1 drivers
v0x161e5270_0 .net *"_ivl_86", 31 0, L_0x1620da40;  1 drivers
L_0x161fbc20 .array/port v0x161fa100, L_0x161fbd20;
L_0x161fbd20 .concat [ 4 2 0 0], L_0x1621ebe0, L_0x7fca214f4018;
L_0x161fbe90 .array/port v0x161fa100, L_0x161fbf60;
L_0x161fbf60 .concat [ 4 2 0 0], L_0x1621ec80, L_0x7fca214f4060;
L_0x161fc150 .arith/sum 32, L_0x1615b010, L_0x1621f0c0;
L_0x161fc2a0 .cmp/eq 4, L_0x1621ea50, L_0x7fca214f40a8;
L_0x161fc430 .cmp/eq 4, L_0x1621ea50, L_0x7fca214f40f0;
L_0x161fc570 .arith/sum 32, L_0x1615b010, L_0x16158bc0;
L_0x161fc700 .cmp/eq 4, L_0x1621ea50, L_0x7fca214f4138;
L_0x161fc7f0 .arith/mult 32, L_0x1615b010, L_0x16158bc0;
L_0x161fc8f0 .cmp/eq 4, L_0x1621ea50, L_0x7fca214f4180;
L_0x161fc9c0 .array/port v0x161f87c0, L_0x161fcbd0;
L_0x161fcb00 .part L_0x161fc150, 0, 6;
L_0x161fcbd0 .concat [ 6 2 0 0], L_0x161fcb00, L_0x7fca214f41c8;
L_0x161fcd90 .cmp/eq 4, L_0x1621ea50, L_0x7fca214f4210;
L_0x1620ce90 .cmp/eq 4, L_0x1621ea50, L_0x7fca214f42a0;
L_0x1620cff0 .cmp/gt 32, L_0x16158bc0, L_0x1615b010;
L_0x1620d120 .functor MUXZ 32, L_0x7fca214f4330, L_0x7fca214f42e8, L_0x1620cff0, C4<>;
L_0x1620d330 .functor MUXZ 32, L_0x7fca214f4378, L_0x1620d120, L_0x1620ce90, C4<>;
L_0x1620d4c0 .functor MUXZ 32, L_0x1620d330, L_0x7fca214f4258, L_0x161fcd90, C4<>;
L_0x1620d1c0 .functor MUXZ 32, L_0x1620d4c0, L_0x161fc9c0, L_0x161fc8f0, C4<>;
L_0x1620d7f0 .functor MUXZ 32, L_0x1620d1c0, L_0x161fc7f0, L_0x161fc700, C4<>;
L_0x1620da40 .functor MUXZ 32, L_0x1620d7f0, L_0x161fc570, L_0x161fc430, C4<>;
L_0x1620dbd0 .functor MUXZ 32, L_0x1620da40, L_0x1621f0c0, L_0x161fc2a0, C4<>;
S_0x16177470 .scope generate, "LANE[1]" "LANE[1]" 4 132, 4 132 0, S_0x16169240;
 .timescale -9 -12;
P_0x161e5390 .param/l "g" 1 4 132, +C4<01>;
L_0x161fca60 .functor BUFZ 32, L_0x1620de30, C4<00000000000000000000000000000000>, C4<00000000000000000000000000000000>, C4<00000000000000000000000000000000>;
L_0x1614cde0 .functor BUFZ 32, L_0x1620e2e0, C4<00000000000000000000000000000000>, C4<00000000000000000000000000000000>, C4<00000000000000000000000000000000>;
v0x161e5450_0 .net *"_ivl_1", 31 0, L_0x1620de30;  1 drivers
L_0x7fca214f47b0 .functor BUFT 1, C4<00000000000000000000000000000000>, C4<0>, C4<0>, C4<0>;
v0x161e5530_0 .net/2u *"_ivl_100", 31 0, L_0x7fca214f47b0;  1 drivers
v0x161e5610_0 .net *"_ivl_102", 31 0, L_0x1620f880;  1 drivers
v0x161e56d0_0 .net *"_ivl_104", 31 0, L_0x1620fa10;  1 drivers
v0x161e57b0_0 .net *"_ivl_106", 31 0, L_0x1620fc70;  1 drivers
v0x161e58e0_0 .net *"_ivl_108", 31 0, L_0x1620fe00;  1 drivers
v0x161e59c0_0 .net *"_ivl_110", 31 0, L_0x16210070;  1 drivers
L_0x7fca214f6340 .functor BUFT 1, C4<0010000>, C4<0>, C4<0>, C4<0>;
v0x161e5aa0_0 .net/2u *"_ivl_12", 6 0, L_0x7fca214f6340;  1 drivers
L_0x7fca214f4408 .functor BUFT 1, C4<0>, C4<0>, C4<0>, C4<0>;
v0x161e5b80_0 .net *"_ivl_15", 0 0, L_0x7fca214f4408;  1 drivers
v0x161e5c60_0 .net *"_ivl_16", 6 0, L_0x1620e010;  1 drivers
v0x161e5d40_0 .net *"_ivl_17", 6 0, L_0x1620e150;  1 drivers
v0x161e5e20_0 .net *"_ivl_22", 31 0, L_0x1620e2e0;  1 drivers
v0x161e5f00_0 .net *"_ivl_26", 5 0, L_0x1620e380;  1 drivers
L_0x7fca214f4450 .functor BUFT 1, C4<00>, C4<0>, C4<0>, C4<0>;
v0x161e5fe0_0 .net *"_ivl_29", 1 0, L_0x7fca214f4450;  1 drivers
L_0x7fca214f6388 .functor BUFT 1, C4<0010000>, C4<0>, C4<0>, C4<0>;
v0x161e60c0_0 .net/2u *"_ivl_33", 6 0, L_0x7fca214f6388;  1 drivers
L_0x7fca214f4498 .functor BUFT 1, C4<0>, C4<0>, C4<0>, C4<0>;
v0x161e61a0_0 .net *"_ivl_36", 0 0, L_0x7fca214f4498;  1 drivers
v0x161e6280_0 .net *"_ivl_37", 6 0, L_0x1620e500;  1 drivers
v0x161e6360_0 .net *"_ivl_38", 6 0, L_0x1620e640;  1 drivers
L_0x7fca214f44e0 .functor BUFT 1, C4<0001>, C4<0>, C4<0>, C4<0>;
v0x161e6440_0 .net/2u *"_ivl_47", 3 0, L_0x7fca214f44e0;  1 drivers
v0x161e6520_0 .net *"_ivl_49", 0 0, L_0x1620e910;  1 drivers
v0x161e65e0_0 .net *"_ivl_5", 5 0, L_0x1620ded0;  1 drivers
L_0x7fca214f4528 .functor BUFT 1, C4<0010>, C4<0>, C4<0>, C4<0>;
v0x161e66c0_0 .net/2u *"_ivl_51", 3 0, L_0x7fca214f4528;  1 drivers
v0x161e67a0_0 .net *"_ivl_53", 0 0, L_0x1620ea60;  1 drivers
v0x161e6860_0 .net *"_ivl_57", 31 0, L_0x1620ec10;  1 drivers
L_0x7fca214f4570 .functor BUFT 1, C4<0011>, C4<0>, C4<0>, C4<0>;
v0x161e6940_0 .net/2u *"_ivl_59", 3 0, L_0x7fca214f4570;  1 drivers
v0x161e6a20_0 .net *"_ivl_61", 0 0, L_0x1620ed70;  1 drivers
v0x161e6ae0_0 .net *"_ivl_66", 31 0, L_0x1620ee60;  1 drivers
L_0x7fca214f45b8 .functor BUFT 1, C4<0100>, C4<0>, C4<0>, C4<0>;
v0x161e6bc0_0 .net/2u *"_ivl_67", 3 0, L_0x7fca214f45b8;  1 drivers
v0x161e6ca0_0 .net *"_ivl_69", 0 0, L_0x1620ef00;  1 drivers
v0x161e6d60_0 .net *"_ivl_71", 31 0, L_0x1620efa0;  1 drivers
v0x161e6e40_0 .net *"_ivl_75", 5 0, L_0x1620f0d0;  1 drivers
v0x161e6f20_0 .net *"_ivl_76", 7 0, L_0x1620f1c0;  1 drivers
L_0x7fca214f4600 .functor BUFT 1, C4<00>, C4<0>, C4<0>, C4<0>;
v0x161e7000_0 .net *"_ivl_79", 1 0, L_0x7fca214f4600;  1 drivers
L_0x7fca214f43c0 .functor BUFT 1, C4<00>, C4<0>, C4<0>, C4<0>;
v0x161e72f0_0 .net *"_ivl_8", 1 0, L_0x7fca214f43c0;  1 drivers
L_0x7fca214f4648 .functor BUFT 1, C4<0110>, C4<0>, C4<0>, C4<0>;
v0x161e73d0_0 .net/2u *"_ivl_80", 3 0, L_0x7fca214f4648;  1 drivers
v0x161e74b0_0 .net *"_ivl_82", 0 0, L_0x1620f3f0;  1 drivers
L_0x7fca214f4690 .functor BUFT 1, C4<00000000000000000000000000000001>, C4<0>, C4<0>, C4<0>;
v0x161e7570_0 .net/2u *"_ivl_84", 31 0, L_0x7fca214f4690;  1 drivers
L_0x7fca214f46d8 .functor BUFT 1, C4<0111>, C4<0>, C4<0>, C4<0>;
v0x161e7650_0 .net/2u *"_ivl_86", 3 0, L_0x7fca214f46d8;  1 drivers
v0x161e7730_0 .net *"_ivl_88", 0 0, L_0x1620f4e0;  1 drivers
v0x161e77f0_0 .net *"_ivl_92", 0 0, L_0x1620f300;  1 drivers
L_0x7fca214f4720 .functor BUFT 1, C4<00000000000000000000000000000001>, C4<0>, C4<0>, C4<0>;
v0x161e78b0_0 .net/2u *"_ivl_94", 31 0, L_0x7fca214f4720;  1 drivers
L_0x7fca214f4768 .functor BUFT 1, C4<00000000000000000000000000000000>, C4<0>, C4<0>, C4<0>;
v0x161e7990_0 .net/2u *"_ivl_96", 31 0, L_0x7fca214f4768;  1 drivers
v0x161e7a70_0 .net *"_ivl_98", 31 0, L_0x1620f680;  1 drivers
L_0x1620de30 .array/port v0x161fa100, L_0x1620e150;
L_0x1620ded0 .concat [ 4 2 0 0], L_0x1621ebe0, L_0x7fca214f43c0;
L_0x1620e010 .concat [ 6 1 0 0], L_0x1620ded0, L_0x7fca214f4408;
L_0x1620e150 .arith/sum 7, L_0x7fca214f6340, L_0x1620e010;
L_0x1620e2e0 .array/port v0x161fa100, L_0x1620e640;
L_0x1620e380 .concat [ 4 2 0 0], L_0x1621ec80, L_0x7fca214f4450;
L_0x1620e500 .concat [ 6 1 0 0], L_0x1620e380, L_0x7fca214f4498;
L_0x1620e640 .arith/sum 7, L_0x7fca214f6388, L_0x1620e500;
L_0x1620e820 .arith/sum 32, L_0x161fca60, L_0x1621f0c0;
L_0x1620e910 .cmp/eq 4, L_0x1621ea50, L_0x7fca214f44e0;
L_0x1620ea60 .cmp/eq 4, L_0x1621ea50, L_0x7fca214f4528;
L_0x1620ec10 .arith/sum 32, L_0x161fca60, L_0x1614cde0;
L_0x1620ed70 .cmp/eq 4, L_0x1621ea50, L_0x7fca214f4570;
L_0x1620ee60 .arith/mult 32, L_0x161fca60, L_0x1614cde0;
L_0x1620ef00 .cmp/eq 4, L_0x1621ea50, L_0x7fca214f45b8;
L_0x1620efa0 .array/port v0x161f87c0, L_0x1620f1c0;
L_0x1620f0d0 .part L_0x1620e820, 0, 6;
L_0x1620f1c0 .concat [ 6 2 0 0], L_0x1620f0d0, L_0x7fca214f4600;
L_0x1620f3f0 .cmp/eq 4, L_0x1621ea50, L_0x7fca214f4648;
L_0x1620f4e0 .cmp/eq 4, L_0x1621ea50, L_0x7fca214f46d8;
L_0x1620f300 .cmp/gt 32, L_0x1614cde0, L_0x161fca60;
L_0x1620f680 .functor MUXZ 32, L_0x7fca214f4768, L_0x7fca214f4720, L_0x1620f300, C4<>;
L_0x1620f880 .functor MUXZ 32, L_0x7fca214f47b0, L_0x1620f680, L_0x1620f4e0, C4<>;
L_0x1620fa10 .functor MUXZ 32, L_0x1620f880, L_0x7fca214f4690, L_0x1620f3f0, C4<>;
L_0x1620fc70 .functor MUXZ 32, L_0x1620fa10, L_0x1620efa0, L_0x1620ef00, C4<>;
L_0x1620fe00 .functor MUXZ 32, L_0x1620fc70, L_0x1620ee60, L_0x1620ed70, C4<>;
L_0x16210070 .functor MUXZ 32, L_0x1620fe00, L_0x1620ec10, L_0x1620ea60, C4<>;
L_0x16210200 .functor MUXZ 32, L_0x16210070, L_0x1621f0c0, L_0x1620e910, C4<>;
S_0x161e7b50 .scope generate, "LANE[2]" "LANE[2]" 4 132, 4 132 0, S_0x16169240;
 .timescale -9 -12;
P_0x161e7d00 .param/l "g" 1 4 132, +C4<010>;
L_0x1620ed00 .functor BUFZ 32, L_0x16210430, C4<00000000000000000000000000000000>, C4<00000000000000000000000000000000>, C4<00000000000000000000000000000000>;
L_0x1614a9b0 .functor BUFZ 32, L_0x16210840, C4<00000000000000000000000000000000>, C4<00000000000000000000000000000000>, C4<00000000000000000000000000000000>;
v0x161e7dc0_0 .net *"_ivl_1", 31 0, L_0x16210430;  1 drivers
L_0x7fca214f4be8 .functor BUFT 1, C4<00000000000000000000000000000000>, C4<0>, C4<0>, C4<0>;
v0x161e7ea0_0 .net/2u *"_ivl_100", 31 0, L_0x7fca214f4be8;  1 drivers
v0x161e7f80_0 .net *"_ivl_102", 31 0, L_0x16212090;  1 drivers
v0x161e8040_0 .net *"_ivl_104", 31 0, L_0x16212220;  1 drivers
v0x161e8120_0 .net *"_ivl_106", 31 0, L_0x16212480;  1 drivers
v0x161e8250_0 .net *"_ivl_108", 31 0, L_0x16212610;  1 drivers
v0x161e8330_0 .net *"_ivl_110", 31 0, L_0x16212880;  1 drivers
L_0x7fca214f63d0 .functor BUFT 1, C4<00100000>, C4<0>, C4<0>, C4<0>;
v0x161e8410_0 .net/2u *"_ivl_12", 7 0, L_0x7fca214f63d0;  1 drivers
L_0x7fca214f4840 .functor BUFT 1, C4<00>, C4<0>, C4<0>, C4<0>;
v0x161e84f0_0 .net *"_ivl_15", 1 0, L_0x7fca214f4840;  1 drivers
v0x161e85d0_0 .net *"_ivl_16", 7 0, L_0x16210570;  1 drivers
v0x161e86b0_0 .net *"_ivl_17", 7 0, L_0x162106b0;  1 drivers
v0x161e8790_0 .net *"_ivl_22", 31 0, L_0x16210840;  1 drivers
v0x161e8870_0 .net *"_ivl_26", 5 0, L_0x162108e0;  1 drivers
L_0x7fca214f4888 .functor BUFT 1, C4<00>, C4<0>, C4<0>, C4<0>;
v0x161e8950_0 .net *"_ivl_29", 1 0, L_0x7fca214f4888;  1 drivers
L_0x7fca214f6418 .functor BUFT 1, C4<00100000>, C4<0>, C4<0>, C4<0>;
v0x161e8a30_0 .net/2u *"_ivl_33", 7 0, L_0x7fca214f6418;  1 drivers
L_0x7fca214f48d0 .functor BUFT 1, C4<00>, C4<0>, C4<0>, C4<0>;
v0x161e8b10_0 .net *"_ivl_36", 1 0, L_0x7fca214f48d0;  1 drivers
v0x161e8bf0_0 .net *"_ivl_37", 7 0, L_0x162109d0;  1 drivers
v0x161e8cd0_0 .net *"_ivl_38", 7 0, L_0x16210b10;  1 drivers
L_0x7fca214f4918 .functor BUFT 1, C4<0001>, C4<0>, C4<0>, C4<0>;
v0x161e8db0_0 .net/2u *"_ivl_47", 3 0, L_0x7fca214f4918;  1 drivers
v0x161e8e90_0 .net *"_ivl_49", 0 0, L_0x16210ff0;  1 drivers
v0x161e8f50_0 .net *"_ivl_5", 5 0, L_0x162104d0;  1 drivers
L_0x7fca214f4960 .functor BUFT 1, C4<0010>, C4<0>, C4<0>, C4<0>;
v0x161e9030_0 .net/2u *"_ivl_51", 3 0, L_0x7fca214f4960;  1 drivers
v0x161e9110_0 .net *"_ivl_53", 0 0, L_0x162110e0;  1 drivers
v0x161e91d0_0 .net *"_ivl_57", 31 0, L_0x16211180;  1 drivers
L_0x7fca214f49a8 .functor BUFT 1, C4<0011>, C4<0>, C4<0>, C4<0>;
v0x161e92b0_0 .net/2u *"_ivl_59", 3 0, L_0x7fca214f49a8;  1 drivers
v0x161e9390_0 .net *"_ivl_61", 0 0, L_0x162112e0;  1 drivers
v0x161e9450_0 .net *"_ivl_66", 31 0, L_0x162113d0;  1 drivers
L_0x7fca214f49f0 .functor BUFT 1, C4<0100>, C4<0>, C4<0>, C4<0>;
v0x161e9530_0 .net/2u *"_ivl_67", 3 0, L_0x7fca214f49f0;  1 drivers
v0x161e9610_0 .net *"_ivl_69", 0 0, L_0x16211470;  1 drivers
v0x161e96d0_0 .net *"_ivl_71", 31 0, L_0x16211720;  1 drivers
v0x161e97b0_0 .net *"_ivl_75", 5 0, L_0x16211850;  1 drivers
v0x161e9890_0 .net *"_ivl_76", 7 0, L_0x16211940;  1 drivers
L_0x7fca214f4a38 .functor BUFT 1, C4<00>, C4<0>, C4<0>, C4<0>;
v0x161e9970_0 .net *"_ivl_79", 1 0, L_0x7fca214f4a38;  1 drivers
L_0x7fca214f47f8 .functor BUFT 1, C4<00>, C4<0>, C4<0>, C4<0>;
v0x161e9c60_0 .net *"_ivl_8", 1 0, L_0x7fca214f47f8;  1 drivers
L_0x7fca214f4a80 .functor BUFT 1, C4<0110>, C4<0>, C4<0>, C4<0>;
v0x161e9d40_0 .net/2u *"_ivl_80", 3 0, L_0x7fca214f4a80;  1 drivers
v0x161e9e20_0 .net *"_ivl_82", 0 0, L_0x16211b70;  1 drivers
L_0x7fca214f4ac8 .functor BUFT 1, C4<00000000000000000000000000000010>, C4<0>, C4<0>, C4<0>;
v0x161e9ee0_0 .net/2u *"_ivl_84", 31 0, L_0x7fca214f4ac8;  1 drivers
L_0x7fca214f4b10 .functor BUFT 1, C4<0111>, C4<0>, C4<0>, C4<0>;
v0x161e9fc0_0 .net/2u *"_ivl_86", 3 0, L_0x7fca214f4b10;  1 drivers
v0x161ea0a0_0 .net *"_ivl_88", 0 0, L_0x16211c60;  1 drivers
v0x161ea160_0 .net *"_ivl_92", 0 0, L_0x16211a80;  1 drivers
L_0x7fca214f4b58 .functor BUFT 1, C4<00000000000000000000000000000001>, C4<0>, C4<0>, C4<0>;
v0x161ea220_0 .net/2u *"_ivl_94", 31 0, L_0x7fca214f4b58;  1 drivers
L_0x7fca214f4ba0 .functor BUFT 1, C4<00000000000000000000000000000000>, C4<0>, C4<0>, C4<0>;
v0x161ea300_0 .net/2u *"_ivl_96", 31 0, L_0x7fca214f4ba0;  1 drivers
v0x161ea3e0_0 .net *"_ivl_98", 31 0, L_0x16211e60;  1 drivers
L_0x16210430 .array/port v0x161fa100, L_0x162106b0;
L_0x162104d0 .concat [ 4 2 0 0], L_0x1621ebe0, L_0x7fca214f47f8;
L_0x16210570 .concat [ 6 2 0 0], L_0x162104d0, L_0x7fca214f4840;
L_0x162106b0 .arith/sum 8, L_0x7fca214f63d0, L_0x16210570;
L_0x16210840 .array/port v0x161fa100, L_0x16210b10;
L_0x162108e0 .concat [ 4 2 0 0], L_0x1621ec80, L_0x7fca214f4888;
L_0x162109d0 .concat [ 6 2 0 0], L_0x162108e0, L_0x7fca214f48d0;
L_0x16210b10 .arith/sum 8, L_0x7fca214f6418, L_0x162109d0;
L_0x16210cf0 .arith/sum 32, L_0x1620ed00, L_0x1621f0c0;
L_0x16210ff0 .cmp/eq 4, L_0x1621ea50, L_0x7fca214f4918;
L_0x162110e0 .cmp/eq 4, L_0x1621ea50, L_0x7fca214f4960;
L_0x16211180 .arith/sum 32, L_0x1620ed00, L_0x1614a9b0;
L_0x162112e0 .cmp/eq 4, L_0x1621ea50, L_0x7fca214f49a8;
L_0x162113d0 .arith/mult 32, L_0x1620ed00, L_0x1614a9b0;
L_0x16211470 .cmp/eq 4, L_0x1621ea50, L_0x7fca214f49f0;
L_0x16211720 .array/port v0x161f87c0, L_0x16211940;
L_0x16211850 .part L_0x16210cf0, 0, 6;
L_0x16211940 .concat [ 6 2 0 0], L_0x16211850, L_0x7fca214f4a38;
L_0x16211b70 .cmp/eq 4, L_0x1621ea50, L_0x7fca214f4a80;
L_0x16211c60 .cmp/eq 4, L_0x1621ea50, L_0x7fca214f4b10;
L_0x16211a80 .cmp/gt 32, L_0x1614a9b0, L_0x1620ed00;
L_0x16211e60 .functor MUXZ 32, L_0x7fca214f4ba0, L_0x7fca214f4b58, L_0x16211a80, C4<>;
L_0x16212090 .functor MUXZ 32, L_0x7fca214f4be8, L_0x16211e60, L_0x16211c60, C4<>;
L_0x16212220 .functor MUXZ 32, L_0x16212090, L_0x7fca214f4ac8, L_0x16211b70, C4<>;
L_0x16212480 .functor MUXZ 32, L_0x16212220, L_0x16211720, L_0x16211470, C4<>;
L_0x16212610 .functor MUXZ 32, L_0x16212480, L_0x162113d0, L_0x162112e0, C4<>;
L_0x16212880 .functor MUXZ 32, L_0x16212610, L_0x16211180, L_0x162110e0, C4<>;
L_0x16212a10 .functor MUXZ 32, L_0x16212880, L_0x1621f0c0, L_0x16210ff0, C4<>;
S_0x161ea4c0 .scope generate, "LANE[3]" "LANE[3]" 4 132, 4 132 0, S_0x16169240;
 .timescale -9 -12;
P_0x161ea670 .param/l "g" 1 4 132, +C4<011>;
L_0x16211270 .functor BUFZ 32, L_0x16212c40, C4<00000000000000000000000000000000>, C4<00000000000000000000000000000000>, C4<00000000000000000000000000000000>;
L_0x161c7d50 .functor BUFZ 32, L_0x16213050, C4<00000000000000000000000000000000>, C4<00000000000000000000000000000000>, C4<00000000000000000000000000000000>;
v0x161ea750_0 .net *"_ivl_1", 31 0, L_0x16212c40;  1 drivers
L_0x7fca214f5020 .functor BUFT 1, C4<00000000000000000000000000000000>, C4<0>, C4<0>, C4<0>;
v0x161ea830_0 .net/2u *"_ivl_100", 31 0, L_0x7fca214f5020;  1 drivers
v0x161ea910_0 .net *"_ivl_102", 31 0, L_0x162144c0;  1 drivers
v0x161ea9d0_0 .net *"_ivl_104", 31 0, L_0x16214650;  1 drivers
v0x161eaab0_0 .net *"_ivl_106", 31 0, L_0x162148b0;  1 drivers
v0x161eabe0_0 .net *"_ivl_108", 31 0, L_0x16214a40;  1 drivers
v0x161eacc0_0 .net *"_ivl_110", 31 0, L_0x16214cb0;  1 drivers
L_0x7fca214f6460 .functor BUFT 1, C4<00110000>, C4<0>, C4<0>, C4<0>;
v0x161eada0_0 .net/2u *"_ivl_12", 7 0, L_0x7fca214f6460;  1 drivers
L_0x7fca214f4c78 .functor BUFT 1, C4<00>, C4<0>, C4<0>, C4<0>;
v0x161eae80_0 .net *"_ivl_15", 1 0, L_0x7fca214f4c78;  1 drivers
v0x161eaf60_0 .net *"_ivl_16", 7 0, L_0x16212d80;  1 drivers
v0x161eb040_0 .net *"_ivl_17", 7 0, L_0x16212ec0;  1 drivers
v0x161eb120_0 .net *"_ivl_22", 31 0, L_0x16213050;  1 drivers
v0x161eb200_0 .net *"_ivl_26", 5 0, L_0x162130f0;  1 drivers
L_0x7fca214f4cc0 .functor BUFT 1, C4<00>, C4<0>, C4<0>, C4<0>;
v0x161eb2e0_0 .net *"_ivl_29", 1 0, L_0x7fca214f4cc0;  1 drivers
L_0x7fca214f64a8 .functor BUFT 1, C4<00110000>, C4<0>, C4<0>, C4<0>;
v0x161eb3c0_0 .net/2u *"_ivl_33", 7 0, L_0x7fca214f64a8;  1 drivers
L_0x7fca214f4d08 .functor BUFT 1, C4<00>, C4<0>, C4<0>, C4<0>;
v0x161eb4a0_0 .net *"_ivl_36", 1 0, L_0x7fca214f4d08;  1 drivers
v0x161eb580_0 .net *"_ivl_37", 7 0, L_0x16213190;  1 drivers
v0x161eb660_0 .net *"_ivl_38", 7 0, L_0x162132d0;  1 drivers
L_0x7fca214f4d50 .functor BUFT 1, C4<0001>, C4<0>, C4<0>, C4<0>;
v0x161eb740_0 .net/2u *"_ivl_47", 3 0, L_0x7fca214f4d50;  1 drivers
v0x161eb820_0 .net *"_ivl_49", 0 0, L_0x162135a0;  1 drivers
v0x161eb8e0_0 .net *"_ivl_5", 5 0, L_0x16212ce0;  1 drivers
L_0x7fca214f4d98 .functor BUFT 1, C4<0010>, C4<0>, C4<0>, C4<0>;
v0x161eb9c0_0 .net/2u *"_ivl_51", 3 0, L_0x7fca214f4d98;  1 drivers
v0x161ebaa0_0 .net *"_ivl_53", 0 0, L_0x16213690;  1 drivers
v0x161ebb60_0 .net *"_ivl_57", 31 0, L_0x16213730;  1 drivers
L_0x7fca214f4de0 .functor BUFT 1, C4<0011>, C4<0>, C4<0>, C4<0>;
v0x161ebc40_0 .net/2u *"_ivl_59", 3 0, L_0x7fca214f4de0;  1 drivers
v0x161ebd20_0 .net *"_ivl_61", 0 0, L_0x16213890;  1 drivers
v0x161ebde0_0 .net *"_ivl_66", 31 0, L_0x16213980;  1 drivers
L_0x7fca214f4e28 .functor BUFT 1, C4<0100>, C4<0>, C4<0>, C4<0>;
v0x161ebec0_0 .net/2u *"_ivl_67", 3 0, L_0x7fca214f4e28;  1 drivers
v0x161ebfa0_0 .net *"_ivl_69", 0 0, L_0x16213ab0;  1 drivers
v0x161ec060_0 .net *"_ivl_71", 31 0, L_0x16213b50;  1 drivers
v0x161ec140_0 .net *"_ivl_75", 5 0, L_0x16213c80;  1 drivers
v0x161ec220_0 .net *"_ivl_76", 7 0, L_0x16213d70;  1 drivers
L_0x7fca214f4e70 .functor BUFT 1, C4<00>, C4<0>, C4<0>, C4<0>;
v0x161ec300_0 .net *"_ivl_79", 1 0, L_0x7fca214f4e70;  1 drivers
L_0x7fca214f4c30 .functor BUFT 1, C4<00>, C4<0>, C4<0>, C4<0>;
v0x161ec5f0_0 .net *"_ivl_8", 1 0, L_0x7fca214f4c30;  1 drivers
L_0x7fca214f4eb8 .functor BUFT 1, C4<0110>, C4<0>, C4<0>, C4<0>;
v0x161ec6d0_0 .net/2u *"_ivl_80", 3 0, L_0x7fca214f4eb8;  1 drivers
v0x161ec7b0_0 .net *"_ivl_82", 0 0, L_0x16213fa0;  1 drivers
L_0x7fca214f4f00 .functor BUFT 1, C4<00000000000000000000000000000011>, C4<0>, C4<0>, C4<0>;
v0x161ec870_0 .net/2u *"_ivl_84", 31 0, L_0x7fca214f4f00;  1 drivers
L_0x7fca214f4f48 .functor BUFT 1, C4<0111>, C4<0>, C4<0>, C4<0>;
v0x161ec950_0 .net/2u *"_ivl_86", 3 0, L_0x7fca214f4f48;  1 drivers
v0x161eca30_0 .net *"_ivl_88", 0 0, L_0x16214090;  1 drivers
v0x161ecaf0_0 .net *"_ivl_92", 0 0, L_0x16213eb0;  1 drivers
L_0x7fca214f4f90 .functor BUFT 1, C4<00000000000000000000000000000001>, C4<0>, C4<0>, C4<0>;
v0x161ecbb0_0 .net/2u *"_ivl_94", 31 0, L_0x7fca214f4f90;  1 drivers
L_0x7fca214f4fd8 .functor BUFT 1, C4<00000000000000000000000000000000>, C4<0>, C4<0>, C4<0>;
v0x161ecc90_0 .net/2u *"_ivl_96", 31 0, L_0x7fca214f4fd8;  1 drivers
v0x161ecd70_0 .net *"_ivl_98", 31 0, L_0x16214290;  1 drivers
L_0x16212c40 .array/port v0x161fa100, L_0x16212ec0;
L_0x16212ce0 .concat [ 4 2 0 0], L_0x1621ebe0, L_0x7fca214f4c30;
L_0x16212d80 .concat [ 6 2 0 0], L_0x16212ce0, L_0x7fca214f4c78;
L_0x16212ec0 .arith/sum 8, L_0x7fca214f6460, L_0x16212d80;
L_0x16213050 .array/port v0x161fa100, L_0x162132d0;
L_0x162130f0 .concat [ 4 2 0 0], L_0x1621ec80, L_0x7fca214f4cc0;
L_0x16213190 .concat [ 6 2 0 0], L_0x162130f0, L_0x7fca214f4d08;
L_0x162132d0 .arith/sum 8, L_0x7fca214f64a8, L_0x16213190;
L_0x162134b0 .arith/sum 32, L_0x16211270, L_0x1621f0c0;
L_0x162135a0 .cmp/eq 4, L_0x1621ea50, L_0x7fca214f4d50;
L_0x16213690 .cmp/eq 4, L_0x1621ea50, L_0x7fca214f4d98;
L_0x16213730 .arith/sum 32, L_0x16211270, L_0x161c7d50;
L_0x16213890 .cmp/eq 4, L_0x1621ea50, L_0x7fca214f4de0;
L_0x16213980 .arith/mult 32, L_0x16211270, L_0x161c7d50;
L_0x16213ab0 .cmp/eq 4, L_0x1621ea50, L_0x7fca214f4e28;
L_0x16213b50 .array/port v0x161f87c0, L_0x16213d70;
L_0x16213c80 .part L_0x162134b0, 0, 6;
L_0x16213d70 .concat [ 6 2 0 0], L_0x16213c80, L_0x7fca214f4e70;
L_0x16213fa0 .cmp/eq 4, L_0x1621ea50, L_0x7fca214f4eb8;
L_0x16214090 .cmp/eq 4, L_0x1621ea50, L_0x7fca214f4f48;
L_0x16213eb0 .cmp/gt 32, L_0x161c7d50, L_0x16211270;
L_0x16214290 .functor MUXZ 32, L_0x7fca214f4fd8, L_0x7fca214f4f90, L_0x16213eb0, C4<>;
L_0x162144c0 .functor MUXZ 32, L_0x7fca214f5020, L_0x16214290, L_0x16214090, C4<>;
L_0x16214650 .functor MUXZ 32, L_0x162144c0, L_0x7fca214f4f00, L_0x16213fa0, C4<>;
L_0x162148b0 .functor MUXZ 32, L_0x16214650, L_0x16213b50, L_0x16213ab0, C4<>;
L_0x16214a40 .functor MUXZ 32, L_0x162148b0, L_0x16213980, L_0x16213890, C4<>;
L_0x16214cb0 .functor MUXZ 32, L_0x16214a40, L_0x16213730, L_0x16213690, C4<>;
L_0x16214e40 .functor MUXZ 32, L_0x16214cb0, L_0x1621f0c0, L_0x162135a0, C4<>;
S_0x161ece50 .scope generate, "LANE[4]" "LANE[4]" 4 132, 4 132 0, S_0x16169240;
 .timescale -9 -12;
P_0x161ed050 .param/l "g" 1 4 132, +C4<0100>;
L_0x16213820 .functor BUFZ 32, L_0x16215070, C4<00000000000000000000000000000000>, C4<00000000000000000000000000000000>, C4<00000000000000000000000000000000>;
L_0x161c7fd0 .functor BUFZ 32, L_0x162154d0, C4<00000000000000000000000000000000>, C4<00000000000000000000000000000000>, C4<00000000000000000000000000000000>;
v0x161ed130_0 .net *"_ivl_1", 31 0, L_0x16215070;  1 drivers
L_0x7fca214f5458 .functor BUFT 1, C4<00000000000000000000000000000000>, C4<0>, C4<0>, C4<0>;
v0x161ed210_0 .net/2u *"_ivl_100", 31 0, L_0x7fca214f5458;  1 drivers
v0x161ed2f0_0 .net *"_ivl_102", 31 0, L_0x16216b90;  1 drivers
v0x161ed3b0_0 .net *"_ivl_104", 31 0, L_0x16216d20;  1 drivers
v0x161ed490_0 .net *"_ivl_106", 31 0, L_0x16216f80;  1 drivers
v0x161ed5c0_0 .net *"_ivl_108", 31 0, L_0x16217110;  1 drivers
v0x161ed6a0_0 .net *"_ivl_110", 31 0, L_0x16217380;  1 drivers
L_0x7fca214f64f0 .functor BUFT 1, C4<001000000>, C4<0>, C4<0>, C4<0>;
v0x161ed780_0 .net/2u *"_ivl_12", 8 0, L_0x7fca214f64f0;  1 drivers
L_0x7fca214f50b0 .functor BUFT 1, C4<000>, C4<0>, C4<0>, C4<0>;
v0x161ed860_0 .net *"_ivl_15", 2 0, L_0x7fca214f50b0;  1 drivers
v0x161ed940_0 .net *"_ivl_16", 8 0, L_0x16215200;  1 drivers
v0x161eda20_0 .net *"_ivl_17", 8 0, L_0x16215340;  1 drivers
v0x161edb00_0 .net *"_ivl_22", 31 0, L_0x162154d0;  1 drivers
v0x161edbe0_0 .net *"_ivl_26", 5 0, L_0x16215570;  1 drivers
L_0x7fca214f50f8 .functor BUFT 1, C4<00>, C4<0>, C4<0>, C4<0>;
v0x161edcc0_0 .net *"_ivl_29", 1 0, L_0x7fca214f50f8;  1 drivers
L_0x7fca214f6538 .functor BUFT 1, C4<001000000>, C4<0>, C4<0>, C4<0>;
v0x161edda0_0 .net/2u *"_ivl_33", 8 0, L_0x7fca214f6538;  1 drivers
L_0x7fca214f5140 .functor BUFT 1, C4<000>, C4<0>, C4<0>, C4<0>;
v0x161ede80_0 .net *"_ivl_36", 2 0, L_0x7fca214f5140;  1 drivers
v0x161edf60_0 .net *"_ivl_37", 8 0, L_0x16215660;  1 drivers
v0x161ee040_0 .net *"_ivl_38", 8 0, L_0x162157a0;  1 drivers
L_0x7fca214f5188 .functor BUFT 1, C4<0001>, C4<0>, C4<0>, C4<0>;
v0x161ee120_0 .net/2u *"_ivl_47", 3 0, L_0x7fca214f5188;  1 drivers
v0x161ee200_0 .net *"_ivl_49", 0 0, L_0x16215a70;  1 drivers
v0x161ee2c0_0 .net *"_ivl_5", 5 0, L_0x16215110;  1 drivers
L_0x7fca214f51d0 .functor BUFT 1, C4<0010>, C4<0>, C4<0>, C4<0>;
v0x161ee3a0_0 .net/2u *"_ivl_51", 3 0, L_0x7fca214f51d0;  1 drivers
v0x161ee480_0 .net *"_ivl_53", 0 0, L_0x16215b60;  1 drivers
v0x161ee540_0 .net *"_ivl_57", 31 0, L_0x16215c00;  1 drivers
L_0x7fca214f5218 .functor BUFT 1, C4<0011>, C4<0>, C4<0>, C4<0>;
v0x161ee620_0 .net/2u *"_ivl_59", 3 0, L_0x7fca214f5218;  1 drivers
v0x161ee700_0 .net *"_ivl_61", 0 0, L_0x16216170;  1 drivers
v0x161ee7c0_0 .net *"_ivl_66", 31 0, L_0x16216210;  1 drivers
L_0x7fca214f5260 .functor BUFT 1, C4<0100>, C4<0>, C4<0>, C4<0>;
v0x161ee8a0_0 .net/2u *"_ivl_67", 3 0, L_0x7fca214f5260;  1 drivers
v0x161ee980_0 .net *"_ivl_69", 0 0, L_0x162162b0;  1 drivers
v0x161eea40_0 .net *"_ivl_71", 31 0, L_0x16216350;  1 drivers
v0x161eeb20_0 .net *"_ivl_75", 5 0, L_0x16216480;  1 drivers
v0x161eec00_0 .net *"_ivl_76", 7 0, L_0x16216520;  1 drivers
L_0x7fca214f52a8 .functor BUFT 1, C4<00>, C4<0>, C4<0>, C4<0>;
v0x161eece0_0 .net *"_ivl_79", 1 0, L_0x7fca214f52a8;  1 drivers
L_0x7fca214f5068 .functor BUFT 1, C4<00>, C4<0>, C4<0>, C4<0>;
v0x161eefd0_0 .net *"_ivl_8", 1 0, L_0x7fca214f5068;  1 drivers
L_0x7fca214f52f0 .functor BUFT 1, C4<0110>, C4<0>, C4<0>, C4<0>;
v0x161ef0b0_0 .net/2u *"_ivl_80", 3 0, L_0x7fca214f52f0;  1 drivers
v0x161ef190_0 .net *"_ivl_82", 0 0, L_0x16216750;  1 drivers
L_0x7fca214f5338 .functor BUFT 1, C4<00000000000000000000000000000100>, C4<0>, C4<0>, C4<0>;
v0x161ef250_0 .net/2u *"_ivl_84", 31 0, L_0x7fca214f5338;  1 drivers
L_0x7fca214f5380 .functor BUFT 1, C4<0111>, C4<0>, C4<0>, C4<0>;
v0x161ef330_0 .net/2u *"_ivl_86", 3 0, L_0x7fca214f5380;  1 drivers
v0x161ef410_0 .net *"_ivl_88", 0 0, L_0x16216840;  1 drivers
v0x161ef4d0_0 .net *"_ivl_92", 0 0, L_0x16216660;  1 drivers
L_0x7fca214f53c8 .functor BUFT 1, C4<00000000000000000000000000000001>, C4<0>, C4<0>, C4<0>;
v0x161ef590_0 .net/2u *"_ivl_94", 31 0, L_0x7fca214f53c8;  1 drivers
L_0x7fca214f5410 .functor BUFT 1, C4<00000000000000000000000000000000>, C4<0>, C4<0>, C4<0>;
v0x161ef670_0 .net/2u *"_ivl_96", 31 0, L_0x7fca214f5410;  1 drivers
v0x161ef750_0 .net *"_ivl_98", 31 0, L_0x162169e0;  1 drivers
L_0x16215070 .array/port v0x161fa100, L_0x16215340;
L_0x16215110 .concat [ 4 2 0 0], L_0x1621ebe0, L_0x7fca214f5068;
L_0x16215200 .concat [ 6 3 0 0], L_0x16215110, L_0x7fca214f50b0;
L_0x16215340 .arith/sum 9, L_0x7fca214f64f0, L_0x16215200;
L_0x162154d0 .array/port v0x161fa100, L_0x162157a0;
L_0x16215570 .concat [ 4 2 0 0], L_0x1621ec80, L_0x7fca214f50f8;
L_0x16215660 .concat [ 6 3 0 0], L_0x16215570, L_0x7fca214f5140;
L_0x162157a0 .arith/sum 9, L_0x7fca214f6538, L_0x16215660;
L_0x16215980 .arith/sum 32, L_0x16213820, L_0x1621f0c0;
L_0x16215a70 .cmp/eq 4, L_0x1621ea50, L_0x7fca214f5188;
L_0x16215b60 .cmp/eq 4, L_0x1621ea50, L_0x7fca214f51d0;
L_0x16215c00 .arith/sum 32, L_0x16213820, L_0x161c7fd0;
L_0x16216170 .cmp/eq 4, L_0x1621ea50, L_0x7fca214f5218;
L_0x16216210 .arith/mult 32, L_0x16213820, L_0x161c7fd0;
L_0x162162b0 .cmp/eq 4, L_0x1621ea50, L_0x7fca214f5260;
L_0x16216350 .array/port v0x161f87c0, L_0x16216520;
L_0x16216480 .part L_0x16215980, 0, 6;
L_0x16216520 .concat [ 6 2 0 0], L_0x16216480, L_0x7fca214f52a8;
L_0x16216750 .cmp/eq 4, L_0x1621ea50, L_0x7fca214f52f0;
L_0x16216840 .cmp/eq 4, L_0x1621ea50, L_0x7fca214f5380;
L_0x16216660 .cmp/gt 32, L_0x161c7fd0, L_0x16213820;
L_0x162169e0 .functor MUXZ 32, L_0x7fca214f5410, L_0x7fca214f53c8, L_0x16216660, C4<>;
L_0x16216b90 .functor MUXZ 32, L_0x7fca214f5458, L_0x162169e0, L_0x16216840, C4<>;
L_0x16216d20 .functor MUXZ 32, L_0x16216b90, L_0x7fca214f5338, L_0x16216750, C4<>;
L_0x16216f80 .functor MUXZ 32, L_0x16216d20, L_0x16216350, L_0x162162b0, C4<>;
L_0x16217110 .functor MUXZ 32, L_0x16216f80, L_0x16216210, L_0x16216170, C4<>;
L_0x16217380 .functor MUXZ 32, L_0x16217110, L_0x16215c00, L_0x16215b60, C4<>;
L_0x16217510 .functor MUXZ 32, L_0x16217380, L_0x1621f0c0, L_0x16215a70, C4<>;
S_0x161ef830 .scope generate, "LANE[5]" "LANE[5]" 4 132, 4 132 0, S_0x16169240;
 .timescale -9 -12;
P_0x161ef9e0 .param/l "g" 1 4 132, +C4<0101>;
L_0x16215cf0 .functor BUFZ 32, L_0x16217740, C4<00000000000000000000000000000000>, C4<00000000000000000000000000000000>, C4<00000000000000000000000000000000>;
L_0x161c8040 .functor BUFZ 32, L_0x16217ba0, C4<00000000000000000000000000000000>, C4<00000000000000000000000000000000>, C4<00000000000000000000000000000000>;
v0x161efac0_0 .net *"_ivl_1", 31 0, L_0x16217740;  1 drivers
L_0x7fca214f5890 .functor BUFT 1, C4<00000000000000000000000000000000>, C4<0>, C4<0>, C4<0>;
v0x161efba0_0 .net/2u *"_ivl_100", 31 0, L_0x7fca214f5890;  1 drivers
v0x161efc80_0 .net *"_ivl_102", 31 0, L_0x162193a0;  1 drivers
v0x161efd40_0 .net *"_ivl_104", 31 0, L_0x16219530;  1 drivers
v0x161efe20_0 .net *"_ivl_106", 31 0, L_0x16219790;  1 drivers
v0x161eff50_0 .net *"_ivl_108", 31 0, L_0x16219920;  1 drivers
v0x161f0030_0 .net *"_ivl_110", 31 0, L_0x16219b90;  1 drivers
L_0x7fca214f6580 .functor BUFT 1, C4<001010000>, C4<0>, C4<0>, C4<0>;
v0x161f0110_0 .net/2u *"_ivl_12", 8 0, L_0x7fca214f6580;  1 drivers
L_0x7fca214f54e8 .functor BUFT 1, C4<000>, C4<0>, C4<0>, C4<0>;
v0x161f01f0_0 .net *"_ivl_15", 2 0, L_0x7fca214f54e8;  1 drivers
v0x161f02d0_0 .net *"_ivl_16", 8 0, L_0x162178d0;  1 drivers
v0x161f03b0_0 .net *"_ivl_17", 8 0, L_0x16217a10;  1 drivers
v0x161f0490_0 .net *"_ivl_22", 31 0, L_0x16217ba0;  1 drivers
v0x161f0570_0 .net *"_ivl_26", 5 0, L_0x16217c40;  1 drivers
L_0x7fca214f5530 .functor BUFT 1, C4<00>, C4<0>, C4<0>, C4<0>;
v0x161f0650_0 .net *"_ivl_29", 1 0, L_0x7fca214f5530;  1 drivers
L_0x7fca214f65c8 .functor BUFT 1, C4<001010000>, C4<0>, C4<0>, C4<0>;
v0x161f0730_0 .net/2u *"_ivl_33", 8 0, L_0x7fca214f65c8;  1 drivers
L_0x7fca214f5578 .functor BUFT 1, C4<000>, C4<0>, C4<0>, C4<0>;
v0x161f0810_0 .net *"_ivl_36", 2 0, L_0x7fca214f5578;  1 drivers
v0x161f08f0_0 .net *"_ivl_37", 8 0, L_0x16217d30;  1 drivers
v0x161f09d0_0 .net *"_ivl_38", 8 0, L_0x16217e70;  1 drivers
L_0x7fca214f55c0 .functor BUFT 1, C4<0001>, C4<0>, C4<0>, C4<0>;
v0x161f0ab0_0 .net/2u *"_ivl_47", 3 0, L_0x7fca214f55c0;  1 drivers
v0x161f0b90_0 .net *"_ivl_49", 0 0, L_0x162181b0;  1 drivers
v0x161f0c50_0 .net *"_ivl_5", 5 0, L_0x162177e0;  1 drivers
L_0x7fca214f5608 .functor BUFT 1, C4<0010>, C4<0>, C4<0>, C4<0>;
v0x161f0d30_0 .net/2u *"_ivl_51", 3 0, L_0x7fca214f5608;  1 drivers
v0x161f0e10_0 .net *"_ivl_53", 0 0, L_0x16218300;  1 drivers
v0x161f0ed0_0 .net *"_ivl_57", 31 0, L_0x161f9500;  1 drivers
L_0x7fca214f5650 .functor BUFT 1, C4<0011>, C4<0>, C4<0>, C4<0>;
v0x161f0fb0_0 .net/2u *"_ivl_59", 3 0, L_0x7fca214f5650;  1 drivers
v0x161f1090_0 .net *"_ivl_61", 0 0, L_0x16218870;  1 drivers
v0x161f1150_0 .net *"_ivl_66", 31 0, L_0x16218960;  1 drivers
L_0x7fca214f5698 .functor BUFT 1, C4<0100>, C4<0>, C4<0>, C4<0>;
v0x161f1230_0 .net/2u *"_ivl_67", 3 0, L_0x7fca214f5698;  1 drivers
v0x161f1310_0 .net *"_ivl_69", 0 0, L_0x16218b10;  1 drivers
v0x161f13d0_0 .net *"_ivl_71", 31 0, L_0x16218bb0;  1 drivers
v0x161f14b0_0 .net *"_ivl_75", 5 0, L_0x16218ce0;  1 drivers
v0x161f1590_0 .net *"_ivl_76", 7 0, L_0x16218dd0;  1 drivers
L_0x7fca214f56e0 .functor BUFT 1, C4<00>, C4<0>, C4<0>, C4<0>;
v0x161f1670_0 .net *"_ivl_79", 1 0, L_0x7fca214f56e0;  1 drivers
L_0x7fca214f54a0 .functor BUFT 1, C4<00>, C4<0>, C4<0>, C4<0>;
v0x161f1960_0 .net *"_ivl_8", 1 0, L_0x7fca214f54a0;  1 drivers
L_0x7fca214f5728 .functor BUFT 1, C4<0110>, C4<0>, C4<0>, C4<0>;
v0x161f1a40_0 .net/2u *"_ivl_80", 3 0, L_0x7fca214f5728;  1 drivers
v0x161f1b20_0 .net *"_ivl_82", 0 0, L_0x16218fb0;  1 drivers
L_0x7fca214f5770 .functor BUFT 1, C4<00000000000000000000000000000101>, C4<0>, C4<0>, C4<0>;
v0x161f1be0_0 .net/2u *"_ivl_84", 31 0, L_0x7fca214f5770;  1 drivers
L_0x7fca214f57b8 .functor BUFT 1, C4<0111>, C4<0>, C4<0>, C4<0>;
v0x161f1cc0_0 .net/2u *"_ivl_86", 3 0, L_0x7fca214f57b8;  1 drivers
v0x161f1da0_0 .net *"_ivl_88", 0 0, L_0x16219050;  1 drivers
v0x161f1e60_0 .net *"_ivl_92", 0 0, L_0x16218f10;  1 drivers
L_0x7fca214f5800 .functor BUFT 1, C4<00000000000000000000000000000001>, C4<0>, C4<0>, C4<0>;
v0x161f1f20_0 .net/2u *"_ivl_94", 31 0, L_0x7fca214f5800;  1 drivers
L_0x7fca214f5848 .functor BUFT 1, C4<00000000000000000000000000000000>, C4<0>, C4<0>, C4<0>;
v0x161f2000_0 .net/2u *"_ivl_96", 31 0, L_0x7fca214f5848;  1 drivers
v0x161f20e0_0 .net *"_ivl_98", 31 0, L_0x162191f0;  1 drivers
L_0x16217740 .array/port v0x161fa100, L_0x16217a10;
L_0x162177e0 .concat [ 4 2 0 0], L_0x1621ebe0, L_0x7fca214f54a0;
L_0x162178d0 .concat [ 6 3 0 0], L_0x162177e0, L_0x7fca214f54e8;
L_0x16217a10 .arith/sum 9, L_0x7fca214f6580, L_0x162178d0;
L_0x16217ba0 .array/port v0x161fa100, L_0x16217e70;
L_0x16217c40 .concat [ 4 2 0 0], L_0x1621ec80, L_0x7fca214f5530;
L_0x16217d30 .concat [ 6 3 0 0], L_0x16217c40, L_0x7fca214f5578;
L_0x16217e70 .arith/sum 9, L_0x7fca214f65c8, L_0x16217d30;
L_0x16218050 .arith/sum 32, L_0x16215cf0, L_0x1621f0c0;
L_0x162181b0 .cmp/eq 4, L_0x1621ea50, L_0x7fca214f55c0;
L_0x16218300 .cmp/eq 4, L_0x1621ea50, L_0x7fca214f5608;
L_0x161f9500 .arith/sum 32, L_0x16215cf0, L_0x161c8040;
L_0x16218870 .cmp/eq 4, L_0x1621ea50, L_0x7fca214f5650;
L_0x16218960 .arith/mult 32, L_0x16215cf0, L_0x161c8040;
L_0x16218b10 .cmp/eq 4, L_0x1621ea50, L_0x7fca214f5698;
L_0x16218bb0 .array/port v0x161f87c0, L_0x16218dd0;
L_0x16218ce0 .part L_0x16218050, 0, 6;
L_0x16218dd0 .concat [ 6 2 0 0], L_0x16218ce0, L_0x7fca214f56e0;
L_0x16218fb0 .cmp/eq 4, L_0x1621ea50, L_0x7fca214f5728;
L_0x16219050 .cmp/eq 4, L_0x1621ea50, L_0x7fca214f57b8;
L_0x16218f10 .cmp/gt 32, L_0x161c8040, L_0x16215cf0;
L_0x162191f0 .functor MUXZ 32, L_0x7fca214f5848, L_0x7fca214f5800, L_0x16218f10, C4<>;
L_0x162193a0 .functor MUXZ 32, L_0x7fca214f5890, L_0x162191f0, L_0x16219050, C4<>;
L_0x16219530 .functor MUXZ 32, L_0x162193a0, L_0x7fca214f5770, L_0x16218fb0, C4<>;
L_0x16219790 .functor MUXZ 32, L_0x16219530, L_0x16218bb0, L_0x16218b10, C4<>;
L_0x16219920 .functor MUXZ 32, L_0x16219790, L_0x16218960, L_0x16218870, C4<>;
L_0x16219b90 .functor MUXZ 32, L_0x16219920, L_0x161f9500, L_0x16218300, C4<>;
L_0x16219d20 .functor MUXZ 32, L_0x16219b90, L_0x1621f0c0, L_0x162181b0, C4<>;
S_0x161f21c0 .scope generate, "LANE[6]" "LANE[6]" 4 132, 4 132 0, S_0x16169240;
 .timescale -9 -12;
P_0x161f2370 .param/l "g" 1 4 132, +C4<0110>;
L_0x16218800 .functor BUFZ 32, L_0x16219f50, C4<00000000000000000000000000000000>, C4<00000000000000000000000000000000>, C4<00000000000000000000000000000000>;
L_0x162180f0 .functor BUFZ 32, L_0x1621a3b0, C4<00000000000000000000000000000000>, C4<00000000000000000000000000000000>, C4<00000000000000000000000000000000>;
v0x161f2450_0 .net *"_ivl_1", 31 0, L_0x16219f50;  1 drivers
L_0x7fca214f5cc8 .functor BUFT 1, C4<00000000000000000000000000000000>, C4<0>, C4<0>, C4<0>;
v0x161f2530_0 .net/2u *"_ivl_100", 31 0, L_0x7fca214f5cc8;  1 drivers
v0x161f2610_0 .net *"_ivl_102", 31 0, L_0x1621b940;  1 drivers
v0x161f26d0_0 .net *"_ivl_104", 31 0, L_0x1621bad0;  1 drivers
v0x161f27b0_0 .net *"_ivl_106", 31 0, L_0x1621bd30;  1 drivers
v0x161f28e0_0 .net *"_ivl_108", 31 0, L_0x1621bec0;  1 drivers
v0x161f29c0_0 .net *"_ivl_110", 31 0, L_0x1621c130;  1 drivers
L_0x7fca214f6610 .functor BUFT 1, C4<001100000>, C4<0>, C4<0>, C4<0>;
v0x161f2aa0_0 .net/2u *"_ivl_12", 8 0, L_0x7fca214f6610;  1 drivers
L_0x7fca214f5920 .functor BUFT 1, C4<000>, C4<0>, C4<0>, C4<0>;
v0x161f2b80_0 .net *"_ivl_15", 2 0, L_0x7fca214f5920;  1 drivers
v0x161f2c60_0 .net *"_ivl_16", 8 0, L_0x1621a0e0;  1 drivers
v0x161f2d40_0 .net *"_ivl_17", 8 0, L_0x1621a220;  1 drivers
v0x161f2e20_0 .net *"_ivl_22", 31 0, L_0x1621a3b0;  1 drivers
v0x161f2f00_0 .net *"_ivl_26", 5 0, L_0x1621a450;  1 drivers
L_0x7fca214f5968 .functor BUFT 1, C4<00>, C4<0>, C4<0>, C4<0>;
v0x161f2fe0_0 .net *"_ivl_29", 1 0, L_0x7fca214f5968;  1 drivers
L_0x7fca214f6658 .functor BUFT 1, C4<001100000>, C4<0>, C4<0>, C4<0>;
v0x161f30c0_0 .net/2u *"_ivl_33", 8 0, L_0x7fca214f6658;  1 drivers
L_0x7fca214f59b0 .functor BUFT 1, C4<000>, C4<0>, C4<0>, C4<0>;
v0x161f31a0_0 .net *"_ivl_36", 2 0, L_0x7fca214f59b0;  1 drivers
v0x161f3280_0 .net *"_ivl_37", 8 0, L_0x1621a540;  1 drivers
v0x161f3360_0 .net *"_ivl_38", 8 0, L_0x1621a680;  1 drivers
L_0x7fca214f59f8 .functor BUFT 1, C4<0001>, C4<0>, C4<0>, C4<0>;
v0x161f3440_0 .net/2u *"_ivl_47", 3 0, L_0x7fca214f59f8;  1 drivers
v0x161f3520_0 .net *"_ivl_49", 0 0, L_0x1621a9c0;  1 drivers
v0x161f35e0_0 .net *"_ivl_5", 5 0, L_0x16219ff0;  1 drivers
L_0x7fca214f5a40 .functor BUFT 1, C4<0010>, C4<0>, C4<0>, C4<0>;
v0x161f36c0_0 .net/2u *"_ivl_51", 3 0, L_0x7fca214f5a40;  1 drivers
v0x161f37a0_0 .net *"_ivl_53", 0 0, L_0x1621ab10;  1 drivers
v0x161f3860_0 .net *"_ivl_57", 31 0, L_0x1621abb0;  1 drivers
L_0x7fca214f5a88 .functor BUFT 1, C4<0011>, C4<0>, C4<0>, C4<0>;
v0x161f3940_0 .net/2u *"_ivl_59", 3 0, L_0x7fca214f5a88;  1 drivers
v0x161f3a20_0 .net *"_ivl_61", 0 0, L_0x1621ad10;  1 drivers
v0x161f3ae0_0 .net *"_ivl_66", 31 0, L_0x1621ae00;  1 drivers
L_0x7fca214f5ad0 .functor BUFT 1, C4<0100>, C4<0>, C4<0>, C4<0>;
v0x161f3bc0_0 .net/2u *"_ivl_67", 3 0, L_0x7fca214f5ad0;  1 drivers
v0x161f3ca0_0 .net *"_ivl_69", 0 0, L_0x1621afb0;  1 drivers
v0x161f3d60_0 .net *"_ivl_71", 31 0, L_0x1621b050;  1 drivers
v0x161f3e40_0 .net *"_ivl_75", 5 0, L_0x1621b180;  1 drivers
v0x161f3f20_0 .net *"_ivl_76", 7 0, L_0x1621b270;  1 drivers
L_0x7fca214f5b18 .functor BUFT 1, C4<00>, C4<0>, C4<0>, C4<0>;
v0x161f4000_0 .net *"_ivl_79", 1 0, L_0x7fca214f5b18;  1 drivers
L_0x7fca214f58d8 .functor BUFT 1, C4<00>, C4<0>, C4<0>, C4<0>;
v0x161f42f0_0 .net *"_ivl_8", 1 0, L_0x7fca214f58d8;  1 drivers
L_0x7fca214f5b60 .functor BUFT 1, C4<0110>, C4<0>, C4<0>, C4<0>;
v0x161f43d0_0 .net/2u *"_ivl_80", 3 0, L_0x7fca214f5b60;  1 drivers
v0x161f44b0_0 .net *"_ivl_82", 0 0, L_0x1621b4a0;  1 drivers
L_0x7fca214f5ba8 .functor BUFT 1, C4<00000000000000000000000000000110>, C4<0>, C4<0>, C4<0>;
v0x161f4570_0 .net/2u *"_ivl_84", 31 0, L_0x7fca214f5ba8;  1 drivers
L_0x7fca214f5bf0 .functor BUFT 1, C4<0111>, C4<0>, C4<0>, C4<0>;
v0x161f4650_0 .net/2u *"_ivl_86", 3 0, L_0x7fca214f5bf0;  1 drivers
v0x161f4730_0 .net *"_ivl_88", 0 0, L_0x1621b590;  1 drivers
v0x161f47f0_0 .net *"_ivl_92", 0 0, L_0x1621b3b0;  1 drivers
L_0x7fca214f5c38 .functor BUFT 1, C4<00000000000000000000000000000001>, C4<0>, C4<0>, C4<0>;
v0x161f48b0_0 .net/2u *"_ivl_94", 31 0, L_0x7fca214f5c38;  1 drivers
L_0x7fca214f5c80 .functor BUFT 1, C4<00000000000000000000000000000000>, C4<0>, C4<0>, C4<0>;
v0x161f4990_0 .net/2u *"_ivl_96", 31 0, L_0x7fca214f5c80;  1 drivers
v0x161f4a70_0 .net *"_ivl_98", 31 0, L_0x1621b790;  1 drivers
L_0x16219f50 .array/port v0x161fa100, L_0x1621a220;
L_0x16219ff0 .concat [ 4 2 0 0], L_0x1621ebe0, L_0x7fca214f58d8;
L_0x1621a0e0 .concat [ 6 3 0 0], L_0x16219ff0, L_0x7fca214f5920;
L_0x1621a220 .arith/sum 9, L_0x7fca214f6610, L_0x1621a0e0;
L_0x1621a3b0 .array/port v0x161fa100, L_0x1621a680;
L_0x1621a450 .concat [ 4 2 0 0], L_0x1621ec80, L_0x7fca214f5968;
L_0x1621a540 .concat [ 6 3 0 0], L_0x1621a450, L_0x7fca214f59b0;
L_0x1621a680 .arith/sum 9, L_0x7fca214f6658, L_0x1621a540;
L_0x1621a860 .arith/sum 32, L_0x16218800, L_0x1621f0c0;
L_0x1621a9c0 .cmp/eq 4, L_0x1621ea50, L_0x7fca214f59f8;
L_0x1621ab10 .cmp/eq 4, L_0x1621ea50, L_0x7fca214f5a40;
L_0x1621abb0 .arith/sum 32, L_0x16218800, L_0x162180f0;
L_0x1621ad10 .cmp/eq 4, L_0x1621ea50, L_0x7fca214f5a88;
L_0x1621ae00 .arith/mult 32, L_0x16218800, L_0x162180f0;
L_0x1621afb0 .cmp/eq 4, L_0x1621ea50, L_0x7fca214f5ad0;
L_0x1621b050 .array/port v0x161f87c0, L_0x1621b270;
L_0x1621b180 .part L_0x1621a860, 0, 6;
L_0x1621b270 .concat [ 6 2 0 0], L_0x1621b180, L_0x7fca214f5b18;
L_0x1621b4a0 .cmp/eq 4, L_0x1621ea50, L_0x7fca214f5b60;
L_0x1621b590 .cmp/eq 4, L_0x1621ea50, L_0x7fca214f5bf0;
L_0x1621b3b0 .cmp/gt 32, L_0x162180f0, L_0x16218800;
L_0x1621b790 .functor MUXZ 32, L_0x7fca214f5c80, L_0x7fca214f5c38, L_0x1621b3b0, C4<>;
L_0x1621b940 .functor MUXZ 32, L_0x7fca214f5cc8, L_0x1621b790, L_0x1621b590, C4<>;
L_0x1621bad0 .functor MUXZ 32, L_0x1621b940, L_0x7fca214f5ba8, L_0x1621b4a0, C4<>;
L_0x1621bd30 .functor MUXZ 32, L_0x1621bad0, L_0x1621b050, L_0x1621afb0, C4<>;
L_0x1621bec0 .functor MUXZ 32, L_0x1621bd30, L_0x1621ae00, L_0x1621ad10, C4<>;
L_0x1621c130 .functor MUXZ 32, L_0x1621bec0, L_0x1621abb0, L_0x1621ab10, C4<>;
L_0x1621c2c0 .functor MUXZ 32, L_0x1621c130, L_0x1621f0c0, L_0x1621a9c0, C4<>;
S_0x161f4b50 .scope generate, "LANE[7]" "LANE[7]" 4 132, 4 132 0, S_0x16169240;
 .timescale -9 -12;
P_0x161f4d00 .param/l "g" 1 4 132, +C4<0111>;
L_0x1621aca0 .functor BUFZ 32, L_0x1621c4f0, C4<00000000000000000000000000000000>, C4<00000000000000000000000000000000>, C4<00000000000000000000000000000000>;
L_0x1621a900 .functor BUFZ 32, L_0x1621c950, C4<00000000000000000000000000000000>, C4<00000000000000000000000000000000>, C4<00000000000000000000000000000000>;
v0x161f4de0_0 .net *"_ivl_1", 31 0, L_0x1621c4f0;  1 drivers
L_0x7fca214f6100 .functor BUFT 1, C4<00000000000000000000000000000000>, C4<0>, C4<0>, C4<0>;
v0x161f4ec0_0 .net/2u *"_ivl_100", 31 0, L_0x7fca214f6100;  1 drivers
v0x161f4fa0_0 .net *"_ivl_102", 31 0, L_0x1621de50;  1 drivers
v0x161f5060_0 .net *"_ivl_104", 31 0, L_0x1621dfe0;  1 drivers
v0x161f5140_0 .net *"_ivl_106", 31 0, L_0x1621e1a0;  1 drivers
v0x161f5270_0 .net *"_ivl_108", 31 0, L_0x1621e330;  1 drivers
v0x161f5350_0 .net *"_ivl_110", 31 0, L_0x1621e5a0;  1 drivers
L_0x7fca214f66a0 .functor BUFT 1, C4<001110000>, C4<0>, C4<0>, C4<0>;
v0x161f5430_0 .net/2u *"_ivl_12", 8 0, L_0x7fca214f66a0;  1 drivers
L_0x7fca214f5d58 .functor BUFT 1, C4<000>, C4<0>, C4<0>, C4<0>;
v0x161f5510_0 .net *"_ivl_15", 2 0, L_0x7fca214f5d58;  1 drivers
v0x161f55f0_0 .net *"_ivl_16", 8 0, L_0x1621c680;  1 drivers
v0x161f56d0_0 .net *"_ivl_17", 8 0, L_0x1621c7c0;  1 drivers
v0x161f57b0_0 .net *"_ivl_22", 31 0, L_0x1621c950;  1 drivers
v0x161f5890_0 .net *"_ivl_26", 5 0, L_0x1621c9f0;  1 drivers
L_0x7fca214f5da0 .functor BUFT 1, C4<00>, C4<0>, C4<0>, C4<0>;
v0x161f5970_0 .net *"_ivl_29", 1 0, L_0x7fca214f5da0;  1 drivers
L_0x7fca214f66e8 .functor BUFT 1, C4<001110000>, C4<0>, C4<0>, C4<0>;
v0x161f5a50_0 .net/2u *"_ivl_33", 8 0, L_0x7fca214f66e8;  1 drivers
L_0x7fca214f5de8 .functor BUFT 1, C4<000>, C4<0>, C4<0>, C4<0>;
v0x161f5b30_0 .net *"_ivl_36", 2 0, L_0x7fca214f5de8;  1 drivers
v0x161f5c10_0 .net *"_ivl_37", 8 0, L_0x1621cbf0;  1 drivers
v0x161f5cf0_0 .net *"_ivl_38", 8 0, L_0x1621cd30;  1 drivers
L_0x7fca214f5e30 .functor BUFT 1, C4<0001>, C4<0>, C4<0>, C4<0>;
v0x161f5dd0_0 .net/2u *"_ivl_47", 3 0, L_0x7fca214f5e30;  1 drivers
v0x161f5eb0_0 .net *"_ivl_49", 0 0, L_0x1621d070;  1 drivers
v0x161f5f70_0 .net *"_ivl_5", 5 0, L_0x1621c590;  1 drivers
L_0x7fca214f5e78 .functor BUFT 1, C4<0010>, C4<0>, C4<0>, C4<0>;
v0x161f6050_0 .net/2u *"_ivl_51", 3 0, L_0x7fca214f5e78;  1 drivers
v0x161f6130_0 .net *"_ivl_53", 0 0, L_0x1621d160;  1 drivers
v0x161f61f0_0 .net *"_ivl_57", 31 0, L_0x1621d200;  1 drivers
L_0x7fca214f5ec0 .functor BUFT 1, C4<0011>, C4<0>, C4<0>, C4<0>;
v0x161f62d0_0 .net/2u *"_ivl_59", 3 0, L_0x7fca214f5ec0;  1 drivers
v0x161f63b0_0 .net *"_ivl_61", 0 0, L_0x1621d360;  1 drivers
v0x161f6470_0 .net *"_ivl_66", 31 0, L_0x1621d450;  1 drivers
L_0x7fca214f5f08 .functor BUFT 1, C4<0100>, C4<0>, C4<0>, C4<0>;
v0x161f6550_0 .net/2u *"_ivl_67", 3 0, L_0x7fca214f5f08;  1 drivers
v0x161f6630_0 .net *"_ivl_69", 0 0, L_0x1621d4f0;  1 drivers
v0x161f66f0_0 .net *"_ivl_71", 31 0, L_0x1621d590;  1 drivers
v0x161f67d0_0 .net *"_ivl_75", 5 0, L_0x1621d6c0;  1 drivers
v0x161f68b0_0 .net *"_ivl_76", 7 0, L_0x1621d7b0;  1 drivers
L_0x7fca214f5f50 .functor BUFT 1, C4<00>, C4<0>, C4<0>, C4<0>;
v0x161f6990_0 .net *"_ivl_79", 1 0, L_0x7fca214f5f50;  1 drivers
L_0x7fca214f5d10 .functor BUFT 1, C4<00>, C4<0>, C4<0>, C4<0>;
v0x161f6c80_0 .net *"_ivl_8", 1 0, L_0x7fca214f5d10;  1 drivers
L_0x7fca214f5f98 .functor BUFT 1, C4<0110>, C4<0>, C4<0>, C4<0>;
v0x161f6d60_0 .net/2u *"_ivl_80", 3 0, L_0x7fca214f5f98;  1 drivers
v0x161f6e40_0 .net *"_ivl_82", 0 0, L_0x1621d9e0;  1 drivers
L_0x7fca214f5fe0 .functor BUFT 1, C4<00000000000000000000000000000111>, C4<0>, C4<0>, C4<0>;
v0x161f6f00_0 .net/2u *"_ivl_84", 31 0, L_0x7fca214f5fe0;  1 drivers
L_0x7fca214f6028 .functor BUFT 1, C4<0111>, C4<0>, C4<0>, C4<0>;
v0x161f6fe0_0 .net/2u *"_ivl_86", 3 0, L_0x7fca214f6028;  1 drivers
v0x161f70c0_0 .net *"_ivl_88", 0 0, L_0x1621dad0;  1 drivers
v0x161f7180_0 .net *"_ivl_92", 0 0, L_0x1621d8f0;  1 drivers
L_0x7fca214f6070 .functor BUFT 1, C4<00000000000000000000000000000001>, C4<0>, C4<0>, C4<0>;
v0x161f7240_0 .net/2u *"_ivl_94", 31 0, L_0x7fca214f6070;  1 drivers
L_0x7fca214f60b8 .functor BUFT 1, C4<00000000000000000000000000000000>, C4<0>, C4<0>, C4<0>;
v0x161f7320_0 .net/2u *"_ivl_96", 31 0, L_0x7fca214f60b8;  1 drivers
v0x161f7400_0 .net *"_ivl_98", 31 0, L_0x1621dca0;  1 drivers
L_0x1621c4f0 .array/port v0x161fa100, L_0x1621c7c0;
L_0x1621c590 .concat [ 4 2 0 0], L_0x1621ebe0, L_0x7fca214f5d10;
L_0x1621c680 .concat [ 6 3 0 0], L_0x1621c590, L_0x7fca214f5d58;
L_0x1621c7c0 .arith/sum 9, L_0x7fca214f66a0, L_0x1621c680;
L_0x1621c950 .array/port v0x161fa100, L_0x1621cd30;
L_0x1621c9f0 .concat [ 4 2 0 0], L_0x1621ec80, L_0x7fca214f5da0;
L_0x1621cbf0 .concat [ 6 3 0 0], L_0x1621c9f0, L_0x7fca214f5de8;
L_0x1621cd30 .arith/sum 9, L_0x7fca214f66e8, L_0x1621cbf0;
L_0x1621cf10 .arith/sum 32, L_0x1621aca0, L_0x1621f0c0;
L_0x1621d070 .cmp/eq 4, L_0x1621ea50, L_0x7fca214f5e30;
L_0x1621d160 .cmp/eq 4, L_0x1621ea50, L_0x7fca214f5e78;
L_0x1621d200 .arith/sum 32, L_0x1621aca0, L_0x1621a900;
L_0x1621d360 .cmp/eq 4, L_0x1621ea50, L_0x7fca214f5ec0;
L_0x1621d450 .arith/mult 32, L_0x1621aca0, L_0x1621a900;
L_0x1621d4f0 .cmp/eq 4, L_0x1621ea50, L_0x7fca214f5f08;
L_0x1621d590 .array/port v0x161f87c0, L_0x1621d7b0;
L_0x1621d6c0 .part L_0x1621cf10, 0, 6;
L_0x1621d7b0 .concat [ 6 2 0 0], L_0x1621d6c0, L_0x7fca214f5f50;
L_0x1621d9e0 .cmp/eq 4, L_0x1621ea50, L_0x7fca214f5f98;
L_0x1621dad0 .cmp/eq 4, L_0x1621ea50, L_0x7fca214f6028;
L_0x1621d8f0 .cmp/gt 32, L_0x1621a900, L_0x1621aca0;
L_0x1621dca0 .functor MUXZ 32, L_0x7fca214f60b8, L_0x7fca214f6070, L_0x1621d8f0, C4<>;
L_0x1621de50 .functor MUXZ 32, L_0x7fca214f6100, L_0x1621dca0, L_0x1621dad0, C4<>;
L_0x1621dfe0 .functor MUXZ 32, L_0x1621de50, L_0x7fca214f5fe0, L_0x1621d9e0, C4<>;
L_0x1621e1a0 .functor MUXZ 32, L_0x1621dfe0, L_0x1621d590, L_0x1621d4f0, C4<>;
L_0x1621e330 .functor MUXZ 32, L_0x1621e1a0, L_0x1621d450, L_0x1621d360, C4<>;
L_0x1621e5a0 .functor MUXZ 32, L_0x1621e330, L_0x1621d200, L_0x1621d160, C4<>;
L_0x1621e730 .functor MUXZ 32, L_0x1621e5a0, L_0x1621f0c0, L_0x1621d070, C4<>;
S_0x161fa5a0 .scope function.vec4.s32, "enc" "enc" 3 43, 3 43 0, S_0x16166df0;
 .timescale -9 -12;
; Variable enc is vec4 return value of scope S_0x161fa5a0
v0x161fa880_0 .var/s "imm", 15 0;
v0x161fa960_0 .var "op", 3 0;
v0x161faa20_0 .var "rd", 3 0;
v0x161fab00_0 .var "rs1", 3 0;
v0x161fac30_0 .var "rs2", 3 0;
TD_gpu_core_tb_portonly.enc ;
    %load/vec4 v0x161fa960_0;
    %load/vec4 v0x161faa20_0;
    %concat/vec4; draw_concat_vec4
    %load/vec4 v0x161fab00_0;
    %concat/vec4; draw_concat_vec4
    %load/vec4 v0x161fac30_0;
    %concat/vec4; draw_concat_vec4
    %load/vec4 v0x161fa880_0;
    %concat/vec4; draw_concat_vec4
    %ret/vec4 0, 0, 32;  Assign to enc (store_vec4_to_lval)
    %end;
S_0x161fad10 .scope task, "run_until_halted" "run_until_halted" 3 80, 3 80 0, S_0x16166df0;
 .timescale -9 -12;
v0x161faef0_0 .var/i "c", 31 0;
v0x161fafd0_0 .var/i "max_cycles", 31 0;
TD_gpu_core_tb_portonly.run_until_halted ;
    %pushi/vec4 0, 0, 32;
    %store/vec4 v0x161faef0_0, 0, 32;
T_1.0 ;
    %load/vec4 v0x161fb230_0;
    %nor/r;
    %flag_set/vec4 9;
    %flag_get/vec4 9;
    %jmp/0 T_1.2, 9;
    %load/vec4 v0x161faef0_0;
    %load/vec4 v0x161fafd0_0;
    %cmp/s;
    %flag_get/vec4 5;
    %and;
T_1.2;
    %flag_set/vec4 8;
    %jmp/0xz T_1.1, 8;
    %wait E_0x16117c30;
    %load/vec4 v0x161faef0_0;
    %addi 1, 0, 32;
    %store/vec4 v0x161faef0_0, 0, 32;
    %jmp T_1.0;
T_1.1 ;
    %load/vec4 v0x161fb230_0;
    %nor/r;
    %flag_set/vec4 8;
    %jmp/0xz  T_1.3, 8;
    %vpi_call/w 3 89 "$display", "TIMEOUT: core did not halt within %0d cycles", v0x161fafd0_0 {0 0 0};
    %load/vec4 v0x161fb170_0;
    %addi 1, 0, 32;
    %store/vec4 v0x161fb170_0, 0, 32;
    %jmp T_1.4;
T_1.3 ;
    %vpi_call/w 3 92 "$display", "halted after %0d cycles", v0x161faef0_0 {0 0 0};
T_1.4 ;
    %end;
    .scope S_0x16169240;
T_2 ;
    %wait E_0x16117c30;
    %load/vec4 v0x161f8ca0_0;
    %flag_set/vec4 8;
    %jmp/0xz  T_2.0, 8;
    %load/vec4 v0x161f8bc0_0;
    %load/vec4 v0x161f8ae0_0;
    %pad/u 7;
    %ix/vec4 3;
    %ix/load 4, 0, 0; Constant delay
    %assign/vec4/a/d v0x161f8a20, 0, 4;
T_2.0 ;
    %jmp T_2;
    .thread T_2;
    .scope S_0x16169240;
T_3 ;
    %wait E_0x16117c30;
    %load/vec4 v0x161fa380_0;
    %flag_set/vec4 8;
    %jmp/0xz  T_3.0, 8;
    %pushi/vec4 0, 0, 32;
    %assign/vec4 v0x161f9ae0_0, 0;
    %pushi/vec4 0, 0, 1;
    %assign/vec4 v0x161f8880_0, 0;
    %pushi/vec4 0, 0, 32;
    %store/vec4 v0x161f8940_0, 0, 32;
T_3.2 ;
    %load/vec4 v0x161f8940_0;
    %cmpi/s 8, 0, 32;
    %jmp/0xz T_3.3, 5;
    %pushi/vec4 1, 0, 1;
    %ix/getv/s 3, v0x161f8940_0;
    %ix/load 4, 0, 0; Constant delay
    %assign/vec4/a/d v0x161f8660, 0, 4;
    %pushi/vec4 0, 0, 32;
    %load/vec4 v0x161f8940_0;
    %pad/s 37;
    %pad/s 41;
    %muli 16, 0, 41;
    %ix/vec4/s 3;
    %ix/load 4, 0, 0; Constant delay
    %assign/vec4/a/d v0x161fa100, 0, 4;
    %pushi/vec4 0, 0, 32;
    %load/vec4 v0x161f8940_0;
    %pad/s 37;
    %pad/s 41;
    %muli 16, 0, 41;
    %pad/s 42;
    %pushi/vec4 1, 0, 2;
    %pad/s 42;
    %add;
    %ix/vec4/s 3;
    %ix/load 4, 0, 0; Constant delay
    %assign/vec4/a/d v0x161fa100, 0, 4;
    %pushi/vec4 0, 0, 32;
    %load/vec4 v0x161f8940_0;
    %pad/s 37;
    %pad/s 41;
    %muli 16, 0, 41;
    %pad/s 42;
    %pushi/vec4 2, 0, 3;
    %pad/s 42;
    %add;
    %ix/vec4/s 3;
    %ix/load 4, 0, 0; Constant delay
    %assign/vec4/a/d v0x161fa100, 0, 4;
    %pushi/vec4 0, 0, 32;
    %load/vec4 v0x161f8940_0;
    %pad/s 37;
    %pad/s 41;
    %muli 16, 0, 41;
    %pad/s 42;
    %pushi/vec4 3, 0, 3;
    %pad/s 42;
    %add;
    %ix/vec4/s 3;
    %ix/load 4, 0, 0; Constant delay
    %assign/vec4/a/d v0x161fa100, 0, 4;
    %pushi/vec4 0, 0, 32;
    %load/vec4 v0x161f8940_0;
    %pad/s 37;
    %pad/s 41;
    %muli 16, 0, 41;
    %pad/s 42;
    %pushi/vec4 4, 0, 4;
    %pad/s 42;
    %add;
    %ix/vec4/s 3;
    %ix/load 4, 0, 0; Constant delay
    %assign/vec4/a/d v0x161fa100, 0, 4;
    %pushi/vec4 0, 0, 32;
    %load/vec4 v0x161f8940_0;
    %pad/s 37;
    %pad/s 41;
    %muli 16, 0, 41;
    %pad/s 42;
    %pushi/vec4 5, 0, 4;
    %pad/s 42;
    %add;
    %ix/vec4/s 3;
    %ix/load 4, 0, 0; Constant delay
    %assign/vec4/a/d v0x161fa100, 0, 4;
    %pushi/vec4 0, 0, 32;
    %load/vec4 v0x161f8940_0;
    %pad/s 37;
    %pad/s 41;
    %muli 16, 0, 41;
    %pad/s 42;
    %pushi/vec4 6, 0, 4;
    %pad/s 42;
    %add;
    %ix/vec4/s 3;
    %ix/load 4, 0, 0; Constant delay
    %assign/vec4/a/d v0x161fa100, 0, 4;
    %pushi/vec4 0, 0, 32;
    %load/vec4 v0x161f8940_0;
    %pad/s 37;
    %pad/s 41;
    %muli 16, 0, 41;
    %pad/s 42;
    %pushi/vec4 7, 0, 4;
    %pad/s 42;
    %add;
    %ix/vec4/s 3;
    %ix/load 4, 0, 0; Constant delay
    %assign/vec4/a/d v0x161fa100, 0, 4;
    %pushi/vec4 0, 0, 32;
    %load/vec4 v0x161f8940_0;
    %pad/s 37;
    %pad/s 41;
    %muli 16, 0, 41;
    %pad/s 42;
    %pushi/vec4 8, 0, 5;
    %pad/s 42;
    %add;
    %ix/vec4/s 3;
    %ix/load 4, 0, 0; Constant delay
    %assign/vec4/a/d v0x161fa100, 0, 4;
    %pushi/vec4 0, 0, 32;
    %load/vec4 v0x161f8940_0;
    %pad/s 37;
    %pad/s 41;
    %muli 16, 0, 41;
    %pad/s 42;
    %pushi/vec4 9, 0, 5;
    %pad/s 42;
    %add;
    %ix/vec4/s 3;
    %ix/load 4, 0, 0; Constant delay
    %assign/vec4/a/d v0x161fa100, 0, 4;
    %pushi/vec4 0, 0, 32;
    %load/vec4 v0x161f8940_0;
    %pad/s 37;
    %pad/s 41;
    %muli 16, 0, 41;
    %pad/s 42;
    %pushi/vec4 10, 0, 5;
    %pad/s 42;
    %add;
    %ix/vec4/s 3;
    %ix/load 4, 0, 0; Constant delay
    %assign/vec4/a/d v0x161fa100, 0, 4;
    %pushi/vec4 0, 0, 32;
    %load/vec4 v0x161f8940_0;
    %pad/s 37;
    %pad/s 41;
    %muli 16, 0, 41;
    %pad/s 42;
    %pushi/vec4 11, 0, 5;
    %pad/s 42;
    %add;
    %ix/vec4/s 3;
    %ix/load 4, 0, 0; Constant delay
    %assign/vec4/a/d v0x161fa100, 0, 4;
    %pushi/vec4 0, 0, 32;
    %load/vec4 v0x161f8940_0;
    %pad/s 37;
    %pad/s 41;
    %muli 16, 0, 41;
    %pad/s 42;
    %pushi/vec4 12, 0, 5;
    %pad/s 42;
    %add;
    %ix/vec4/s 3;
    %ix/load 4, 0, 0; Constant delay
    %assign/vec4/a/d v0x161fa100, 0, 4;
    %pushi/vec4 0, 0, 32;
    %load/vec4 v0x161f8940_0;
    %pad/s 37;
    %pad/s 41;
    %muli 16, 0, 41;
    %pad/s 42;
    %pushi/vec4 13, 0, 5;
    %pad/s 42;
    %add;
    %ix/vec4/s 3;
    %ix/load 4, 0, 0; Constant delay
    %assign/vec4/a/d v0x161fa100, 0, 4;
    %pushi/vec4 0, 0, 32;
    %load/vec4 v0x161f8940_0;
    %pad/s 37;
    %pad/s 41;
    %muli 16, 0, 41;
    %pad/s 42;
    %pushi/vec4 14, 0, 5;
    %pad/s 42;
    %add;
    %ix/vec4/s 3;
    %ix/load 4, 0, 0; Constant delay
    %assign/vec4/a/d v0x161fa100, 0, 4;
    %pushi/vec4 0, 0, 32;
    %load/vec4 v0x161f8940_0;
    %pad/s 37;
    %pad/s 41;
    %muli 16, 0, 41;
    %pad/s 42;
    %pushi/vec4 15, 0, 5;
    %pad/s 42;
    %add;
    %ix/vec4/s 3;
    %ix/load 4, 0, 0; Constant delay
    %assign/vec4/a/d v0x161fa100, 0, 4;
    %load/vec4 v0x161f8940_0;
    %addi 1, 0, 32;
    %store/vec4 v0x161f8940_0, 0, 32;
    %jmp T_3.2;
T_3.3 ;
    %jmp T_3.1;
T_3.0 ;
    %load/vec4 v0x161f8880_0;
    %nor/r;
    %flag_set/vec4 8;
    %jmp/0xz  T_3.4, 8;
    %load/vec4 v0x161f9a00_0;
    %dup/vec4;
    %pushi/vec4 1, 0, 4;
    %cmp/u;
    %jmp/1 T_3.6, 6;
    %dup/vec4;
    %pushi/vec4 2, 0, 4;
    %cmp/u;
    %jmp/1 T_3.7, 6;
    %dup/vec4;
    %pushi/vec4 3, 0, 4;
    %cmp/u;
    %jmp/1 T_3.8, 6;
    %dup/vec4;
    %pushi/vec4 4, 0, 4;
    %cmp/u;
    %jmp/1 T_3.9, 6;
    %dup/vec4;
    %pushi/vec4 6, 0, 4;
    %cmp/u;
    %jmp/1 T_3.10, 6;
    %dup/vec4;
    %pushi/vec4 7, 0, 4;
    %cmp/u;
    %jmp/1 T_3.11, 6;
    %dup/vec4;
    %pushi/vec4 5, 0, 4;
    %cmp/u;
    %jmp/1 T_3.12, 6;
    %dup/vec4;
    %pushi/vec4 8, 0, 4;
    %cmp/u;
    %jmp/1 T_3.13, 6;
    %dup/vec4;
    %pushi/vec4 9, 0, 4;
    %cmp/u;
    %jmp/1 T_3.14, 6;
    %dup/vec4;
    %pushi/vec4 10, 0, 4;
    %cmp/u;
    %jmp/1 T_3.15, 6;
    %load/vec4 v0x161f9ae0_0;
    %addi 1, 0, 32;
    %assign/vec4 v0x161f9ae0_0, 0;
    %jmp T_3.17;
T_3.6 ;
    %pushi/vec4 0, 0, 32;
    %store/vec4 v0x161f8940_0, 0, 32;
T_3.18 ;
    %load/vec4 v0x161f8940_0;
    %cmpi/s 8, 0, 32;
    %jmp/0xz T_3.19, 5;
    %ix/getv/s 4, v0x161f8940_0;
    %load/vec4a v0x161f8660, 4;
    %flag_set/vec4 8;
    %jmp/0xz  T_3.20, 8;
    %ix/getv/s 4, v0x161f8940_0;
    %load/vec4a v0x161f9000, 4;
    %load/vec4 v0x161f8940_0;
    %pad/s 37;
    %pad/s 41;
    %muli 16, 0, 41;
    %pad/s 42;
    %load/vec4 v0x161f9bc0_0;
    %pad/u 6;
    %pad/u 42;
    %add;
    %ix/vec4 3;
    %ix/load 4, 0, 0; Constant delay
    %assign/vec4/a/d v0x161fa100, 0, 4;
T_3.20 ;
    %load/vec4 v0x161f8940_0;
    %addi 1, 0, 32;
    %store/vec4 v0x161f8940_0, 0, 32;
    %jmp T_3.18;
T_3.19 ;
    %load/vec4 v0x161f9ae0_0;
    %addi 1, 0, 32;
    %assign/vec4 v0x161f9ae0_0, 0;
    %jmp T_3.17;
T_3.7 ;
    %pushi/vec4 0, 0, 32;
    %store/vec4 v0x161f8940_0, 0, 32;
T_3.22 ;
    %load/vec4 v0x161f8940_0;
    %cmpi/s 8, 0, 32;
    %jmp/0xz T_3.23, 5;
    %ix/getv/s 4, v0x161f8940_0;
    %load/vec4a v0x161f8660, 4;
    %flag_set/vec4 8;
    %jmp/0xz  T_3.24, 8;
    %ix/getv/s 4, v0x161f8940_0;
    %load/vec4a v0x161f9000, 4;
    %load/vec4 v0x161f8940_0;
    %pad/s 37;
    %pad/s 41;
    %muli 16, 0, 41;
    %pad/s 42;
    %load/vec4 v0x161f9bc0_0;
    %pad/u 6;
    %pad/u 42;
    %add;
    %ix/vec4 3;
    %ix/load 4, 0, 0; Constant delay
    %assign/vec4/a/d v0x161fa100, 0, 4;
T_3.24 ;
    %load/vec4 v0x161f8940_0;
    %addi 1, 0, 32;
    %store/vec4 v0x161f8940_0, 0, 32;
    %jmp T_3.22;
T_3.23 ;
    %load/vec4 v0x161f9ae0_0;
    %addi 1, 0, 32;
    %assign/vec4 v0x161f9ae0_0, 0;
    %jmp T_3.17;
T_3.8 ;
    %pushi/vec4 0, 0, 32;
    %store/vec4 v0x161f8940_0, 0, 32;
T_3.26 ;
    %load/vec4 v0x161f8940_0;
    %cmpi/s 8, 0, 32;
    %jmp/0xz T_3.27, 5;
    %ix/getv/s 4, v0x161f8940_0;
    %load/vec4a v0x161f8660, 4;
    %flag_set/vec4 8;
    %jmp/0xz  T_3.28, 8;
    %ix/getv/s 4, v0x161f8940_0;
    %load/vec4a v0x161f9000, 4;
    %load/vec4 v0x161f8940_0;
    %pad/s 37;
    %pad/s 41;
    %muli 16, 0, 41;
    %pad/s 42;
    %load/vec4 v0x161f9bc0_0;
    %pad/u 6;
    %pad/u 42;
    %add;
    %ix/vec4 3;
    %ix/load 4, 0, 0; Constant delay
    %assign/vec4/a/d v0x161fa100, 0, 4;
T_3.28 ;
    %load/vec4 v0x161f8940_0;
    %addi 1, 0, 32;
    %store/vec4 v0x161f8940_0, 0, 32;
    %jmp T_3.26;
T_3.27 ;
    %load/vec4 v0x161f9ae0_0;
    %addi 1, 0, 32;
    %assign/vec4 v0x161f9ae0_0, 0;
    %jmp T_3.17;
T_3.9 ;
    %pushi/vec4 0, 0, 32;
    %store/vec4 v0x161f8940_0, 0, 32;
T_3.30 ;
    %load/vec4 v0x161f8940_0;
    %cmpi/s 8, 0, 32;
    %jmp/0xz T_3.31, 5;
    %ix/getv/s 4, v0x161f8940_0;
    %load/vec4a v0x161f8660, 4;
    %flag_set/vec4 8;
    %jmp/0xz  T_3.32, 8;
    %ix/getv/s 4, v0x161f8940_0;
    %load/vec4a v0x161f9000, 4;
    %load/vec4 v0x161f8940_0;
    %pad/s 37;
    %pad/s 41;
    %muli 16, 0, 41;
    %pad/s 42;
    %load/vec4 v0x161f9bc0_0;
    %pad/u 6;
    %pad/u 42;
    %add;
    %ix/vec4 3;
    %ix/load 4, 0, 0; Constant delay
    %assign/vec4/a/d v0x161fa100, 0, 4;
T_3.32 ;
    %load/vec4 v0x161f8940_0;
    %addi 1, 0, 32;
    %store/vec4 v0x161f8940_0, 0, 32;
    %jmp T_3.30;
T_3.31 ;
    %load/vec4 v0x161f9ae0_0;
    %addi 1, 0, 32;
    %assign/vec4 v0x161f9ae0_0, 0;
    %jmp T_3.17;
T_3.10 ;
    %pushi/vec4 0, 0, 32;
    %store/vec4 v0x161f8940_0, 0, 32;
T_3.34 ;
    %load/vec4 v0x161f8940_0;
    %cmpi/s 8, 0, 32;
    %jmp/0xz T_3.35, 5;
    %ix/getv/s 4, v0x161f8940_0;
    %load/vec4a v0x161f8660, 4;
    %flag_set/vec4 8;
    %jmp/0xz  T_3.36, 8;
    %ix/getv/s 4, v0x161f8940_0;
    %load/vec4a v0x161f9000, 4;
    %load/vec4 v0x161f8940_0;
    %pad/s 37;
    %pad/s 41;
    %muli 16, 0, 41;
    %pad/s 42;
    %load/vec4 v0x161f9bc0_0;
    %pad/u 6;
    %pad/u 42;
    %add;
    %ix/vec4 3;
    %ix/load 4, 0, 0; Constant delay
    %assign/vec4/a/d v0x161fa100, 0, 4;
T_3.36 ;
    %load/vec4 v0x161f8940_0;
    %addi 1, 0, 32;
    %store/vec4 v0x161f8940_0, 0, 32;
    %jmp T_3.34;
T_3.35 ;
    %load/vec4 v0x161f9ae0_0;
    %addi 1, 0, 32;
    %assign/vec4 v0x161f9ae0_0, 0;
    %jmp T_3.17;
T_3.11 ;
    %pushi/vec4 0, 0, 32;
    %store/vec4 v0x161f8940_0, 0, 32;
T_3.38 ;
    %load/vec4 v0x161f8940_0;
    %cmpi/s 8, 0, 32;
    %jmp/0xz T_3.39, 5;
    %ix/getv/s 4, v0x161f8940_0;
    %load/vec4a v0x161f8660, 4;
    %flag_set/vec4 8;
    %jmp/0xz  T_3.40, 8;
    %ix/getv/s 4, v0x161f8940_0;
    %load/vec4a v0x161f9000, 4;
    %load/vec4 v0x161f8940_0;
    %pad/s 37;
    %pad/s 41;
    %muli 16, 0, 41;
    %pad/s 42;
    %load/vec4 v0x161f9bc0_0;
    %pad/u 6;
    %pad/u 42;
    %add;
    %ix/vec4 3;
    %ix/load 4, 0, 0; Constant delay
    %assign/vec4/a/d v0x161fa100, 0, 4;
T_3.40 ;
    %load/vec4 v0x161f8940_0;
    %addi 1, 0, 32;
    %store/vec4 v0x161f8940_0, 0, 32;
    %jmp T_3.38;
T_3.39 ;
    %load/vec4 v0x161f9ae0_0;
    %addi 1, 0, 32;
    %assign/vec4 v0x161f9ae0_0, 0;
    %jmp T_3.17;
T_3.12 ;
    %pushi/vec4 0, 0, 32;
    %store/vec4 v0x161f8940_0, 0, 32;
T_3.42 ;
    %load/vec4 v0x161f8940_0;
    %cmpi/s 8, 0, 32;
    %jmp/0xz T_3.43, 5;
    %ix/getv/s 4, v0x161f8940_0;
    %load/vec4a v0x161f8660, 4;
    %flag_set/vec4 8;
    %jmp/0xz  T_3.44, 8;
    %ix/getv/s 4, v0x161f8940_0;
    %load/vec4a v0x161f97f0, 4;
    %ix/getv/s 4, v0x161f8940_0;
    %load/vec4a v0x161f93d0, 4;
    %parti/s 6, 0, 2;
    %pad/u 8;
    %ix/vec4 3;
    %ix/load 4, 0, 0; Constant delay
    %assign/vec4/a/d v0x161f87c0, 0, 4;
T_3.44 ;
    %load/vec4 v0x161f8940_0;
    %addi 1, 0, 32;
    %store/vec4 v0x161f8940_0, 0, 32;
    %jmp T_3.42;
T_3.43 ;
    %load/vec4 v0x161f9ae0_0;
    %addi 1, 0, 32;
    %assign/vec4 v0x161f9ae0_0, 0;
    %jmp T_3.17;
T_3.13 ;
    %pushi/vec4 0, 0, 32;
    %store/vec4 v0x161f8940_0, 0, 32;
T_3.46 ;
    %load/vec4 v0x161f8940_0;
    %cmpi/s 8, 0, 32;
    %jmp/0xz T_3.47, 5;
    %ix/getv/s 4, v0x161f8940_0;
    %load/vec4a v0x161f8660, 4;
    %flag_set/vec4 8;
    %flag_get/vec4 8;
    %jmp/0 T_3.48, 8;
    %ix/getv/s 4, v0x161f8940_0;
    %load/vec4a v0x161f95e0, 4;
    %pushi/vec4 0, 0, 32;
    %cmp/ne;
    %flag_get/vec4 4;
    %and;
T_3.48;
    %ix/getv/s 3, v0x161f8940_0;
    %ix/load 4, 0, 0; Constant delay
    %assign/vec4/a/d v0x161f8660, 0, 4;
    %load/vec4 v0x161f8940_0;
    %addi 1, 0, 32;
    %store/vec4 v0x161f8940_0, 0, 32;
    %jmp T_3.46;
T_3.47 ;
    %load/vec4 v0x161f9ae0_0;
    %addi 1, 0, 32;
    %assign/vec4 v0x161f9ae0_0, 0;
    %jmp T_3.17;
T_3.14 ;
    %pushi/vec4 0, 0, 32;
    %store/vec4 v0x161f8940_0, 0, 32;
T_3.49 ;
    %load/vec4 v0x161f8940_0;
    %cmpi/s 8, 0, 32;
    %jmp/0xz T_3.50, 5;
    %pushi/vec4 1, 0, 1;
    %ix/getv/s 3, v0x161f8940_0;
    %ix/load 4, 0, 0; Constant delay
    %assign/vec4/a/d v0x161f8660, 0, 4;
    %load/vec4 v0x161f8940_0;
    %addi 1, 0, 32;
    %store/vec4 v0x161f8940_0, 0, 32;
    %jmp T_3.49;
T_3.50 ;
    %load/vec4 v0x161f9ae0_0;
    %addi 1, 0, 32;
    %assign/vec4 v0x161f9ae0_0, 0;
    %jmp T_3.17;
T_3.15 ;
    %pushi/vec4 1, 0, 1;
    %assign/vec4 v0x161f8880_0, 0;
    %jmp T_3.17;
T_3.17 ;
    %pop/vec4 1;
T_3.4 ;
T_3.1 ;
    %jmp T_3;
    .thread T_3;
    .scope S_0x16166df0;
T_4 ;
    %pushi/vec4 0, 0, 1;
    %store/vec4 v0x161fb0b0_0, 0, 1;
    %pushi/vec4 1, 0, 1;
    %store/vec4 v0x161fbb50_0, 0, 1;
    %pushi/vec4 0, 0, 1;
    %store/vec4 v0x161fb460_0, 0, 1;
    %pushi/vec4 0, 0, 5;
    %store/vec4 v0x161fb2d0_0, 0, 5;
    %pushi/vec4 0, 0, 32;
    %store/vec4 v0x161fb370_0, 0, 32;
    %pushi/vec4 0, 0, 3;
    %store/vec4 v0x161fb810_0, 0, 3;
    %pushi/vec4 0, 0, 4;
    %store/vec4 v0x161fba80_0, 0, 4;
    %pushi/vec4 0, 0, 6;
    %store/vec4 v0x161fb8e0_0, 0, 6;
    %pushi/vec4 0, 0, 32;
    %store/vec4 v0x161fb170_0, 0, 32;
    %end;
    .thread T_4, $init;
    .scope S_0x16166df0;
T_5 ;
    %delay 5000, 0;
    %load/vec4 v0x161fb0b0_0;
    %inv;
    %store/vec4 v0x161fb0b0_0, 0, 1;
    %jmp T_5;
    .thread T_5;
    .scope S_0x16166df0;
T_6 ;
    %pushi/vec4 6, 0, 4;
    %pushi/vec4 1, 0, 4;
    %pushi/vec4 0, 0, 4;
    %pushi/vec4 0, 0, 4;
    %pushi/vec4 0, 0, 16;
    %store/vec4 v0x161fa880_0, 0, 16;
    %store/vec4 v0x161fac30_0, 0, 4;
    %store/vec4 v0x161fab00_0, 0, 4;
    %store/vec4 v0x161faa20_0, 0, 4;
    %store/vec4 v0x161fa960_0, 0, 4;
    %callf/vec4 TD_gpu_core_tb_portonly.enc, S_0x161fa5a0;
    %ix/load 4, 0, 0;
    %flag_set/imm 4, 0;
    %store/vec4a v0x161fb5a0, 4, 0;
    %pushi/vec4 1, 0, 4;
    %pushi/vec4 7, 0, 4;
    %pushi/vec4 0, 0, 4;
    %pushi/vec4 0, 0, 4;
    %pushi/vec4 1000, 0, 16;
    %store/vec4 v0x161fa880_0, 0, 16;
    %store/vec4 v0x161fac30_0, 0, 4;
    %store/vec4 v0x161fab00_0, 0, 4;
    %store/vec4 v0x161faa20_0, 0, 4;
    %store/vec4 v0x161fa960_0, 0, 4;
    %callf/vec4 TD_gpu_core_tb_portonly.enc, S_0x161fa5a0;
    %ix/load 4, 1, 0;
    %flag_set/imm 4, 0;
    %store/vec4a v0x161fb5a0, 4, 0;
    %pushi/vec4 2, 0, 4;
    %pushi/vec4 6, 0, 4;
    %pushi/vec4 1, 0, 4;
    %pushi/vec4 7, 0, 4;
    %pushi/vec4 0, 0, 16;
    %store/vec4 v0x161fa880_0, 0, 16;
    %store/vec4 v0x161fac30_0, 0, 4;
    %store/vec4 v0x161fab00_0, 0, 4;
    %store/vec4 v0x161faa20_0, 0, 4;
    %store/vec4 v0x161fa960_0, 0, 4;
    %callf/vec4 TD_gpu_core_tb_portonly.enc, S_0x161fa5a0;
    %ix/load 4, 2, 0;
    %flag_set/imm 4, 0;
    %store/vec4a v0x161fb5a0, 4, 0;
    %pushi/vec4 5, 0, 4;
    %pushi/vec4 0, 0, 4;
    %pushi/vec4 1, 0, 4;
    %pushi/vec4 6, 0, 4;
    %pushi/vec4 0, 0, 16;
    %store/vec4 v0x161fa880_0, 0, 16;
    %store/vec4 v0x161fac30_0, 0, 4;
    %store/vec4 v0x161fab00_0, 0, 4;
    %store/vec4 v0x161faa20_0, 0, 4;
    %store/vec4 v0x161fa960_0, 0, 4;
    %callf/vec4 TD_gpu_core_tb_portonly.enc, S_0x161fa5a0;
    %ix/load 4, 3, 0;
    %flag_set/imm 4, 0;
    %store/vec4a v0x161fb5a0, 4, 0;
    %pushi/vec4 1, 0, 4;
    %pushi/vec4 2, 0, 4;
    %pushi/vec4 0, 0, 4;
    %pushi/vec4 0, 0, 4;
    %pushi/vec4 4, 0, 16;
    %store/vec4 v0x161fa880_0, 0, 16;
    %store/vec4 v0x161fac30_0, 0, 4;
    %store/vec4 v0x161fab00_0, 0, 4;
    %store/vec4 v0x161faa20_0, 0, 4;
    %store/vec4 v0x161fa960_0, 0, 4;
    %callf/vec4 TD_gpu_core_tb_portonly.enc, S_0x161fa5a0;
    %ix/load 4, 4, 0;
    %flag_set/imm 4, 0;
    %store/vec4a v0x161fb5a0, 4, 0;
    %pushi/vec4 7, 0, 4;
    %pushi/vec4 3, 0, 4;
    %pushi/vec4 1, 0, 4;
    %pushi/vec4 2, 0, 4;
    %pushi/vec4 0, 0, 16;
    %store/vec4 v0x161fa880_0, 0, 16;
    %store/vec4 v0x161fac30_0, 0, 4;
    %store/vec4 v0x161fab00_0, 0, 4;
    %store/vec4 v0x161faa20_0, 0, 4;
    %store/vec4 v0x161fa960_0, 0, 4;
    %callf/vec4 TD_gpu_core_tb_portonly.enc, S_0x161fa5a0;
    %ix/load 4, 5, 0;
    %flag_set/imm 4, 0;
    %store/vec4a v0x161fb5a0, 4, 0;
    %pushi/vec4 8, 0, 4;
    %pushi/vec4 0, 0, 4;
    %pushi/vec4 3, 0, 4;
    %pushi/vec4 0, 0, 4;
    %pushi/vec4 0, 0, 16;
    %store/vec4 v0x161fa880_0, 0, 16;
    %store/vec4 v0x161fac30_0, 0, 4;
    %store/vec4 v0x161fab00_0, 0, 4;
    %store/vec4 v0x161faa20_0, 0, 4;
    %store/vec4 v0x161fa960_0, 0, 4;
    %callf/vec4 TD_gpu_core_tb_portonly.enc, S_0x161fa5a0;
    %ix/load 4, 6, 0;
    %flag_set/imm 4, 0;
    %store/vec4a v0x161fb5a0, 4, 0;
    %pushi/vec4 1, 0, 4;
    %pushi/vec4 4, 0, 4;
    %pushi/vec4 0, 0, 4;
    %pushi/vec4 0, 0, 4;
    %pushi/vec4 7, 0, 16;
    %store/vec4 v0x161fa880_0, 0, 16;
    %store/vec4 v0x161fac30_0, 0, 4;
    %store/vec4 v0x161fab00_0, 0, 4;
    %store/vec4 v0x161faa20_0, 0, 4;
    %store/vec4 v0x161fa960_0, 0, 4;
    %callf/vec4 TD_gpu_core_tb_portonly.enc, S_0x161fa5a0;
    %ix/load 4, 7, 0;
    %flag_set/imm 4, 0;
    %store/vec4a v0x161fb5a0, 4, 0;
    %pushi/vec4 3, 0, 4;
    %pushi/vec4 5, 0, 4;
    %pushi/vec4 1, 0, 4;
    %pushi/vec4 4, 0, 4;
    %pushi/vec4 0, 0, 16;
    %store/vec4 v0x161fa880_0, 0, 16;
    %store/vec4 v0x161fac30_0, 0, 4;
    %store/vec4 v0x161fab00_0, 0, 4;
    %store/vec4 v0x161faa20_0, 0, 4;
    %store/vec4 v0x161fa960_0, 0, 4;
    %callf/vec4 TD_gpu_core_tb_portonly.enc, S_0x161fa5a0;
    %ix/load 4, 8, 0;
    %flag_set/imm 4, 0;
    %store/vec4a v0x161fb5a0, 4, 0;
    %pushi/vec4 5, 0, 4;
    %pushi/vec4 0, 0, 4;
    %pushi/vec4 1, 0, 4;
    %pushi/vec4 5, 0, 4;
    %pushi/vec4 0, 0, 16;
    %store/vec4 v0x161fa880_0, 0, 16;
    %store/vec4 v0x161fac30_0, 0, 4;
    %store/vec4 v0x161fab00_0, 0, 4;
    %store/vec4 v0x161faa20_0, 0, 4;
    %store/vec4 v0x161fa960_0, 0, 4;
    %callf/vec4 TD_gpu_core_tb_portonly.enc, S_0x161fa5a0;
    %ix/load 4, 9, 0;
    %flag_set/imm 4, 0;
    %store/vec4a v0x161fb5a0, 4, 0;
    %pushi/vec4 9, 0, 4;
    %pushi/vec4 0, 0, 4;
    %pushi/vec4 0, 0, 4;
    %pushi/vec4 0, 0, 4;
    %pushi/vec4 0, 0, 16;
    %store/vec4 v0x161fa880_0, 0, 16;
    %store/vec4 v0x161fac30_0, 0, 4;
    %store/vec4 v0x161fab00_0, 0, 4;
    %store/vec4 v0x161faa20_0, 0, 4;
    %store/vec4 v0x161fa960_0, 0, 4;
    %callf/vec4 TD_gpu_core_tb_portonly.enc, S_0x161fa5a0;
    %ix/load 4, 10, 0;
    %flag_set/imm 4, 0;
    %store/vec4a v0x161fb5a0, 4, 0;
    %pushi/vec4 10, 0, 4;
    %pushi/vec4 0, 0, 4;
    %pushi/vec4 0, 0, 4;
    %pushi/vec4 0, 0, 4;
    %pushi/vec4 0, 0, 16;
    %store/vec4 v0x161fa880_0, 0, 16;
    %store/vec4 v0x161fac30_0, 0, 4;
    %store/vec4 v0x161fab00_0, 0, 4;
    %store/vec4 v0x161faa20_0, 0, 4;
    %store/vec4 v0x161fa960_0, 0, 4;
    %callf/vec4 TD_gpu_core_tb_portonly.enc, S_0x161fa5a0;
    %ix/load 4, 11, 0;
    %flag_set/imm 4, 0;
    %store/vec4a v0x161fb5a0, 4, 0;
    %pushi/vec4 1, 0, 1;
    %store/vec4 v0x161fbb50_0, 0, 1;
    %wait E_0x16117c30;
    %delay 1000, 0;
    %pushi/vec4 0, 0, 32;
    %store/vec4 v0x161fb500_0, 0, 32;
T_6.0 ;
    %load/vec4 v0x161fb500_0;
    %cmpi/s 12, 0, 32;
    %jmp/0xz T_6.1, 5;
    %pushi/vec4 1, 0, 1;
    %store/vec4 v0x161fb460_0, 0, 1;
    %load/vec4 v0x161fb500_0;
    %parti/s 5, 0, 2;
    %store/vec4 v0x161fb2d0_0, 0, 5;
    %ix/getv/s 4, v0x161fb500_0;
    %load/vec4a v0x161fb5a0, 4;
    %store/vec4 v0x161fb370_0, 0, 32;
    %wait E_0x16117c30;
    %delay 1000, 0;
    %load/vec4 v0x161fb500_0;
    %addi 1, 0, 32;
    %store/vec4 v0x161fb500_0, 0, 32;
    %jmp T_6.0;
T_6.1 ;
    %pushi/vec4 0, 0, 1;
    %store/vec4 v0x161fb460_0, 0, 1;
    %wait E_0x16117c30;
    %delay 1000, 0;
    %pushi/vec4 0, 0, 1;
    %store/vec4 v0x161fbb50_0, 0, 1;
    %pushi/vec4 100, 0, 32;
    %store/vec4 v0x161fafd0_0, 0, 32;
    %fork TD_gpu_core_tb_portonly.run_until_halted, S_0x161fad10;
    %join;
    %vpi_call/w 3 156 "$display", "---- Port-only run: program + readback via primary I/O only, zero hierarchical access ----" {0 0 0};
    %pushi/vec4 0, 0, 32;
    %store/vec4 v0x161fb640_0, 0, 32;
T_6.2 ;
    %load/vec4 v0x161fb640_0;
    %cmpi/s 8, 0, 32;
    %jmp/0xz T_6.3, 5;
    %load/vec4 v0x161fb640_0;
    %parti/s 6, 0, 2;
    %store/vec4 v0x161fb8e0_0, 0, 6;
    %delay 1000, 0;
    %load/vec4 v0x161fb640_0;
    %cmpi/s 4, 0, 32;
    %jmp/0xz  T_6.4, 5;
    %load/vec4 v0x161fb9b0_0;
    %load/vec4 v0x161fb640_0;
    %muli 7, 0, 32;
    %cmp/ne;
    %jmp/0xz  T_6.6, 6;
    %load/vec4 v0x161fb640_0;
    %muli 7, 0, 32;
    %vpi_call/w 3 164 "$display", "  gmem[%0d] (active lane, should be i*7) MISMATCH: got %0d expected %0d", v0x161fb640_0, v0x161fb9b0_0, S<0,vec4,s32> {1 0 0};
    %load/vec4 v0x161fb170_0;
    %addi 1, 0, 32;
    %store/vec4 v0x161fb170_0, 0, 32;
    %jmp T_6.7;
T_6.6 ;
    %vpi_call/w 3 167 "$display", "  gmem[%0d] OK: active lane wrote i*7 = %0d", v0x161fb640_0, v0x161fb9b0_0 {0 0 0};
T_6.7 ;
    %jmp T_6.5;
T_6.4 ;
    %load/vec4 v0x161fb9b0_0;
    %load/vec4 v0x161fb640_0;
    %addi 1000, 0, 32;
    %cmp/ne;
    %jmp/0xz  T_6.8, 6;
    %load/vec4 v0x161fb640_0;
    %addi 1000, 0, 32;
    %vpi_call/w 3 171 "$display", "  gmem[%0d] (masked-off lane, should keep sentinel) MISMATCH: got %0d expected %0d", v0x161fb640_0, v0x161fb9b0_0, S<0,vec4,s32> {1 0 0};
    %load/vec4 v0x161fb170_0;
    %addi 1, 0, 32;
    %store/vec4 v0x161fb170_0, 0, 32;
    %jmp T_6.9;
T_6.8 ;
    %vpi_call/w 3 174 "$display", "  gmem[%0d] OK: masked-off lane kept pre-predication sentinel %0d (real divergence, verified through the read port)", v0x161fb640_0, v0x161fb9b0_0 {0 0 0};
T_6.9 ;
T_6.5 ;
    %load/vec4 v0x161fb640_0;
    %addi 1, 0, 32;
    %store/vec4 v0x161fb640_0, 0, 32;
    %jmp T_6.2;
T_6.3 ;
    %pushi/vec4 0, 0, 32;
    %store/vec4 v0x161fb640_0, 0, 32;
T_6.10 ;
    %load/vec4 v0x161fb640_0;
    %cmpi/s 8, 0, 32;
    %jmp/0xz T_6.11, 5;
    %load/vec4 v0x161fb640_0;
    %parti/s 3, 0, 2;
    %store/vec4 v0x161fb810_0, 0, 3;
    %pushi/vec4 5, 0, 4;
    %store/vec4 v0x161fba80_0, 0, 4;
    %delay 1000, 0;
    %load/vec4 v0x161fb640_0;
    %cmpi/s 4, 0, 32;
    %jmp/0xz  T_6.12, 5;
    %load/vec4 v0x161fb720_0;
    %load/vec4 v0x161fb640_0;
    %muli 7, 0, 32;
    %cmp/ne;
    %jmp/0xz  T_6.14, 6;
    %load/vec4 v0x161fb640_0;
    %muli 7, 0, 32;
    %vpi_call/w 3 189 "$display", "  regfile[%0d][R5] (active lane) MISMATCH: got %0d expected %0d", v0x161fb640_0, v0x161fb720_0, S<0,vec4,s32> {1 0 0};
    %load/vec4 v0x161fb170_0;
    %addi 1, 0, 32;
    %store/vec4 v0x161fb170_0, 0, 32;
    %jmp T_6.15;
T_6.14 ;
    %vpi_call/w 3 192 "$display", "  regfile[%0d][R5] OK: active lane register write = %0d", v0x161fb640_0, v0x161fb720_0 {0 0 0};
T_6.15 ;
    %jmp T_6.13;
T_6.12 ;
    %load/vec4 v0x161fb720_0;
    %cmpi/ne 0, 0, 32;
    %jmp/0xz  T_6.16, 6;
    %vpi_call/w 3 196 "$display", "  regfile[%0d][R5] (masked-off lane, register write should ALSO be masked) MISMATCH: got %0d expected 0", v0x161fb640_0, v0x161fb720_0 {0 0 0};
    %load/vec4 v0x161fb170_0;
    %addi 1, 0, 32;
    %store/vec4 v0x161fb170_0, 0, 32;
    %jmp T_6.17;
T_6.16 ;
    %vpi_call/w 3 199 "$display", "  regfile[%0d][R5] OK: masked-off lane's register write was correctly suppressed too (stayed at reset value 0)", v0x161fb640_0 {0 0 0};
T_6.17 ;
T_6.13 ;
    %load/vec4 v0x161fb640_0;
    %addi 1, 0, 32;
    %store/vec4 v0x161fb640_0, 0, 32;
    %jmp T_6.10;
T_6.11 ;
    %load/vec4 v0x161fb170_0;
    %cmpi/e 0, 0, 32;
    %jmp/0xz  T_6.18, 4;
    %vpi_call/w 3 205 "$display", "\012RESULT: ALL CHECKS PASSED (%0d assertions, 0 failures) -- real per-lane divergence proved through primary I/O ports only, no hierarchical simulator access.", 32'sb00000000000000000000000000010000 {0 0 0};
    %jmp T_6.19;
T_6.18 ;
    %vpi_call/w 3 207 "$display", "\012RESULT: %0d CHECK(S) FAILED", v0x161fb170_0 {0 0 0};
T_6.19 ;
    %vpi_call/w 3 209 "$finish" {0 0 0};
    %end;
    .thread T_6;
# The file index is used to find the file name in the following table.
:file_names 5;
    "N/A";
    "<interactive>";
    "-";
    "gpu_core_tb_portonly.v";
    "gpu_core.v";
